You are using a model of type `deepseek_v32` to instantiate a model of type ``. This may be expected if you are loading a checkpoint that shares a subset of the architecture (e.g., loading a `sam2_video` checkpoint into `Sam2Model`), but is otherwise not supported and can yield errors. Please verify that the checkpoint is compatible with the model you are instantiating.
Token indices sequence length is longer than the specified maximum sequence length for this model (314436 > 131072). Running this sequence through the model will result in indexing errors
Loading tokenizer...
Building 1 unique synthetic prompts (~16384 tokens in, 512 out)...
  Server dp_size: 8
  Unique prompts: 1
  Round 1 requests: 8 (1 unique x 8 copies for 8 DP ranks)
  Round 2 requests: 128 (repeat_mode=interleaved)
  Round 2 output tokens: uniform random in [0, 1024] (seed=42) (sampled 0 → 1 for API)
  Prompt length: min=16384 max=16384 mean=16384 tokens
  Output length: min=1 max=1012 mean=525 tokens
Request rate: 0.0 req/s  |  Max concurrency: 64

############################################################
  ROUND 1: Warmup (8 requests, max_concurrency=8)
############################################################

============================================================
  Round 1: Warmup
============================================================
  Requests:       8/8 succeeded
  Duration:       55.1 s
  Input tokens:   131072
  Output tokens:  4095

  TTFT    mean=29173.9ms  p50=28636.7ms  p99=32865.2ms
  TBT     mean=50.5ms  p50=39.8ms  p99=53.6ms
  TPOT    mean=50.5ms  p50=51.5ms  p99=58.9ms
  E2E     mean=54984.4ms  p50=54961.5ms  p99=55076.4ms
  Throughput: 74.3 tok/s  0.15 req/s

Pausing 3.0s between rounds...

############################################################
  ROUND 2: Measurement (repeated requests on warm cache)
############################################################

============================================================
  Round 2: Warm Measurement
============================================================
  Requests:       128/128 succeeded
  Duration:       272.1 s
  Input tokens:   2097152
  Output tokens:  64547

  TTFT    mean=7612.4ms  p50=3135.9ms  p99=35348.4ms
  TBT     mean=228.0ms  p50=68.6ms  p99=2978.2ms
  TPOT    mean=373.6ms  p50=239.3ms  p99=2188.7ms
  E2E     mean=122354.9ms  p50=110278.4ms  p99=242313.2ms
  Throughput: 237.3 tok/s  0.47 req/s

============================================================
  COMPARISON: Round 2 vs Round 1
============================================================
  Note: Round 1 is unique-only warmup, Round 2 is full repeated-load measurement; throughput is not directly comparable.
  TTFT speedup:      3.83x  (29173.9 -> 7612.4 ms)
  TBT speedup:       0.22x  (50.5 -> 228.0 ms)
  E2E speedup:       0.45x  (54984.4 -> 122354.9 ms)

Results saved to exp/rdma_exp_0413/rdma_8nic_local0_ctx16k.json
