You are using a model of type `deepseek_v32` to instantiate a model of type ``. This may be expected if you are loading a checkpoint that shares a subset of the architecture (e.g., loading a `sam2_video` checkpoint into `Sam2Model`), but is otherwise not supported and can yield errors. Please verify that the checkpoint is compatible with the model you are instantiating.
Token indices sequence length is longer than the specified maximum sequence length for this model (614791 > 131072). Running this sequence through the model will result in indexing errors
Loading tokenizer...
Building 1 unique synthetic prompts (~32768 tokens in, 512 out)...
  Server dp_size: 8
  Unique prompts: 1
  Round 1 requests: 8 (1 unique x 8 copies for 8 DP ranks)
  Round 2 requests: 128 (repeat_mode=interleaved)
  Round 2 output tokens: uniform random in [0, 1024] (seed=42) (sampled 0 → 1 for API)
  Prompt length: min=32768 max=32768 mean=32768 tokens
  Output length: min=1 max=1012 mean=525 tokens
Request rate: 0.0 req/s  |  Max concurrency: 64

############################################################
  ROUND 1: Warmup (8 requests, max_concurrency=8)
############################################################

============================================================
  Round 1: Warmup
============================================================
  Requests:       8/8 succeeded
  Duration:       89.3 s
  Input tokens:   262144
  Output tokens:  4096

  TTFT    mean=59830.5ms  p50=62121.0ms  p99=62121.5ms
  TBT     mean=57.5ms  p50=39.9ms  p99=63.0ms
  TPOT    mean=57.5ms  p50=53.1ms  p99=75.7ms
  E2E     mean=89230.5ms  p50=89265.9ms  p99=89269.1ms
  Throughput: 45.9 tok/s  0.09 req/s

Pausing 3.0s between rounds...

############################################################
  ROUND 2: Measurement (repeated requests on warm cache)
############################################################

============================================================
  Round 2: Warm Measurement
============================================================
  Requests:       128/128 succeeded
  Duration:       537.1 s
  Input tokens:   4194304
  Output tokens:  66359

  TTFT    mean=19731.7ms  p50=7673.5ms  p99=51842.8ms
  TBT     mean=453.7ms  p50=69.9ms  p99=6988.3ms
  TPOT    mean=613.0ms  p50=517.8ms  p99=3315.1ms
  E2E     mean=254502.0ms  p50=230962.8ms  p99=506635.0ms
  Throughput: 123.6 tok/s  0.24 req/s

============================================================
  COMPARISON: Round 2 vs Round 1
============================================================
  Note: Round 1 is unique-only warmup, Round 2 is full repeated-load measurement; throughput is not directly comparable.
  TTFT speedup:      3.03x  (59830.5 -> 19731.7 ms)
  TBT speedup:       0.13x  (57.5 -> 453.7 ms)
  E2E speedup:       0.35x  (89230.5 -> 254502.0 ms)

Results saved to exp/rdma_exp_0413/rdma_2nic_local0_ctx32k.json
