You are using a model of type `deepseek_v32` to instantiate a model of type ``. This may be expected if you are loading a checkpoint that shares a subset of the architecture (e.g., loading a `sam2_video` checkpoint into `Sam2Model`), but is otherwise not supported and can yield errors. Please verify that the checkpoint is compatible with the model you are instantiating.
Token indices sequence length is longer than the specified maximum sequence length for this model (1215556 > 131072). Running this sequence through the model will result in indexing errors
Loading tokenizer...
Building 1 unique synthetic prompts (~65536 tokens in, 512 out)...
  Server dp_size: 8
  Unique prompts: 1
  Round 1 requests: 8 (1 unique x 8 copies for 8 DP ranks)
  Round 2 requests: 128 (repeat_mode=interleaved)
  Round 2 output tokens: uniform random in [0, 1024] (seed=42) (sampled 0 → 1 for API)
  Prompt length: min=65536 max=65536 mean=65536 tokens
  Output length: min=1 max=1012 mean=525 tokens
Request rate: 0.0 req/s  |  Max concurrency: 64

############################################################
  ROUND 1: Warmup (8 requests, max_concurrency=8)
############################################################

============================================================
  Round 1: Warmup
============================================================
  Requests:       8/8 succeeded
  Duration:       155.6 s
  Input tokens:   524288
  Output tokens:  4096

  TTFT    mean=121573.4ms  p50=125330.8ms  p99=125332.8ms
  TBT     mean=66.5ms  p50=40.6ms  p99=53.6ms
  TPOT    mean=66.5ms  p50=59.2ms  p99=96.8ms
  E2E     mean=155556.9ms  p50=155604.5ms  p99=155607.3ms
  Throughput: 26.3 tok/s  0.05 req/s

Pausing 3.0s between rounds...

############################################################
  ROUND 2: Measurement (repeated requests on warm cache)
############################################################

============================================================
  Round 2: Warm Measurement
============================================================
  Requests:       128/128 succeeded
  Duration:       761.0 s
  Input tokens:   8388608
  Output tokens:  67276

  TTFT    mean=18472.1ms  p50=12289.9ms  p99=37325.7ms
  TBT     mean=664.5ms  p50=69.5ms  p99=11848.4ms
  TPOT    mean=971.5ms  p50=758.5ms  p99=4977.5ms
  E2E     mean=367086.5ms  p50=328608.5ms  p99=731886.6ms
  Throughput: 88.4 tok/s  0.17 req/s

============================================================
  COMPARISON: Round 2 vs Round 1
============================================================
  Note: Round 1 is unique-only warmup, Round 2 is full repeated-load measurement; throughput is not directly comparable.
  TTFT speedup:      6.58x  (121573.4 -> 18472.1 ms)
  TBT speedup:       0.10x  (66.5 -> 664.5 ms)
  E2E speedup:       0.42x  (155556.9 -> 367086.5 ms)

Results saved to exp/rdma_exp_0413/rdma_2nic_local0_ctx64k.json
