You are using a model of type `deepseek_v32` to instantiate a model of type ``. This may be expected if you are loading a checkpoint that shares a subset of the architecture (e.g., loading a `sam2_video` checkpoint into `Sam2Model`), but is otherwise not supported and can yield errors. Please verify that the checkpoint is compatible with the model you are instantiating.
Token indices sequence length is longer than the specified maximum sequence length for this model (2417031 > 131072). Running this sequence through the model will result in indexing errors
Loading tokenizer...
Building 1 unique synthetic prompts (~131072 tokens in, 512 out)...
  Server dp_size: 8
  Unique prompts: 1
  Round 1 requests: 8 (1 unique x 8 copies for 8 DP ranks)
  Round 2 requests: 128 (repeat_mode=interleaved)
  Round 2 output tokens: uniform random in [0, 1024] (seed=42) (sampled 0 → 1 for API)
  Prompt length: min=131072 max=131072 mean=131072 tokens
  Output length: min=1 max=1012 mean=525 tokens
Request rate: 0.0 req/s  |  Max concurrency: 64

############################################################
  ROUND 1: Warmup (8 requests, max_concurrency=8)
############################################################

============================================================
  Round 1: Warmup
============================================================
  Requests:       8/8 succeeded
  Duration:       313.2 s
  Input tokens:   1048576
  Output tokens:  4096

  TTFT    mean=248706.3ms  p50=251571.0ms  p99=251581.6ms
  TBT     mean=126.2ms  p50=44.5ms  p99=61.3ms
  TPOT    mean=126.2ms  p50=120.7ms  p99=161.8ms
  E2E     mean=313168.5ms  p50=313224.5ms  p99=313229.0ms
  Throughput: 13.1 tok/s  0.03 req/s

Pausing 3.0s between rounds...

############################################################
  ROUND 2: Measurement (repeated requests on warm cache)
############################################################

============================================================
  Round 2: Warm Measurement
============================================================
  Requests:       128/128 succeeded
  Duration:       1461.4 s
  Input tokens:   16777216
  Output tokens:  67076

  TTFT    mean=24298.2ms  p50=36495.9ms  p99=40019.4ms
  TBT     mean=1322.2ms  p50=78.5ms  p99=19878.0ms
  TPOT    mean=2050.7ms  p50=1525.2ms  p99=10797.4ms
  E2E     mean=715831.7ms  p50=664739.1ms  p99=1429223.8ms
  Throughput: 45.9 tok/s  0.09 req/s

============================================================
  COMPARISON: Round 2 vs Round 1
============================================================
  Note: Round 1 is unique-only warmup, Round 2 is full repeated-load measurement; throughput is not directly comparable.
  TTFT speedup:      10.24x  (248706.3 -> 24298.2 ms)
  TBT speedup:       0.10x  (126.2 -> 1322.2 ms)
  E2E speedup:       0.44x  (313168.5 -> 715831.7 ms)

Results saved to exp/rdma_exp_0413/rdma_2nic_local0_ctx128k.json
