You are using a model of type `deepseek_v32` to instantiate a model of type ``. This may be expected if you are loading a checkpoint that shares a subset of the architecture (e.g., loading a `sam2_video` checkpoint into `Sam2Model`), but is otherwise not supported and can yield errors. Please verify that the checkpoint is compatible with the model you are instantiating.
Token indices sequence length is longer than the specified maximum sequence length for this model (2417031 > 131072). Running this sequence through the model will result in indexing errors
Loading tokenizer...
Building 1 unique synthetic prompts (~131072 tokens in, 512 out)...
  Server dp_size: 8
  Unique prompts: 1
  Round 1 requests: 8 (1 unique x 8 copies for 8 DP ranks)
  Round 2 requests: 128 (repeat_mode=interleaved)
  Round 2 output tokens: uniform random in [0, 1024] (seed=42) (sampled 0 → 1 for API)
  Prompt length: min=131072 max=131072 mean=131072 tokens
  Output length: min=1 max=1012 mean=525 tokens
Request rate: 0.0 req/s  |  Max concurrency: 64

############################################################
  ROUND 1: Warmup (8 requests, max_concurrency=8)
############################################################

============================================================
  Round 1: Warmup
============================================================
  Requests:       8/8 succeeded
  Duration:       312.1 s
  Input tokens:   1048576
  Output tokens:  4096

  TTFT    mean=247736.4ms  p50=250457.7ms  p99=250481.8ms
  TBT     mean=125.7ms  p50=43.1ms  p99=59.7ms
  TPOT    mean=125.7ms  p50=120.5ms  p99=159.7ms
  E2E     mean=311991.2ms  p50=312020.9ms  p99=312059.4ms
  Throughput: 13.1 tok/s  0.03 req/s

Pausing 3.0s between rounds...

############################################################
  ROUND 2: Measurement (repeated requests on warm cache)
############################################################

============================================================
  Round 2: Warm Measurement
============================================================
  Requests:       128/128 succeeded
  Duration:       1582.5 s
  Input tokens:   16777216
  Output tokens:  66489

  TTFT    mean=24850.2ms  p50=36386.3ms  p99=52500.0ms
  TBT     mean=1449.4ms  p50=77.5ms  p99=27451.0ms
  TPOT    mean=2174.9ms  p50=1706.5ms  p99=10564.7ms
  E2E     mean=776282.7ms  p50=712247.5ms  p99=1549991.4ms
  Throughput: 42.0 tok/s  0.08 req/s

============================================================
  COMPARISON: Round 2 vs Round 1
============================================================
  Note: Round 1 is unique-only warmup, Round 2 is full repeated-load measurement; throughput is not directly comparable.
  TTFT speedup:      9.97x  (247736.4 -> 24850.2 ms)
  TBT speedup:       0.09x  (125.7 -> 1449.4 ms)
  E2E speedup:       0.40x  (311991.2 -> 776282.7 ms)

Results saved to exp/rdma_exp_0413/rdma_1nic_local0_ctx128k.json
