You are using a model of type `deepseek_v32` to instantiate a model of type ``. This may be expected if you are loading a checkpoint that shares a subset of the architecture (e.g., loading a `sam2_video` checkpoint into `Sam2Model`), but is otherwise not supported and can yield errors. Please verify that the checkpoint is compatible with the model you are instantiating.
Token indices sequence length is longer than the specified maximum sequence length for this model (314436 > 131072). Running this sequence through the model will result in indexing errors
Loading tokenizer...
Building 1 unique synthetic prompts (~16384 tokens in, 512 out)...
  Server dp_size: 8
  Unique prompts: 1
  Round 1 requests: 8 (1 unique x 8 copies for 8 DP ranks)
  Round 2 requests: 128 (repeat_mode=interleaved)
  Round 2 output tokens: uniform random in [0, 1024] (seed=42) (sampled 0 → 1 for API)
  Prompt length: min=16384 max=16384 mean=16384 tokens
  Output length: min=1 max=1012 mean=525 tokens
Request rate: 0.0 req/s  |  Max concurrency: 64

############################################################
  ROUND 1: Warmup (8 requests, max_concurrency=8)
############################################################

============================================================
  Round 1: Warmup
============================================================
  Requests:       8/8 succeeded
  Duration:       53.6 s
  Input tokens:   131072
  Output tokens:  4094

  TTFT    mean=28286.4ms  p50=27332.2ms  p99=30875.3ms
  TBT     mean=49.4ms  p50=38.6ms  p99=55.7ms
  TPOT    mean=49.4ms  p50=51.2ms  p99=56.5ms
  E2E     mean=53520.7ms  p50=53484.3ms  p99=53598.4ms
  Throughput: 76.4 tok/s  0.15 req/s

Pausing 3.0s between rounds...

############################################################
  ROUND 2: Measurement (repeated requests on warm cache)
############################################################

============================================================
  Round 2: Warm Measurement
============================================================
  Requests:       128/128 succeeded
  Duration:       181.5 s
  Input tokens:   2097152
  Output tokens:  65282

  TTFT    mean=3162.4ms  p50=2512.0ms  p99=7234.2ms
  TBT     mean=146.5ms  p50=67.8ms  p99=2463.1ms
  TPOT    mean=193.7ms  p50=160.2ms  p99=794.4ms
  E2E     mean=77735.2ms  p50=73423.4ms  p99=153248.5ms
  Throughput: 359.6 tok/s  0.71 req/s

============================================================
  COMPARISON: Round 2 vs Round 1
============================================================
  Note: Round 1 is unique-only warmup, Round 2 is full repeated-load measurement; throughput is not directly comparable.
  TTFT speedup:      8.94x  (28286.4 -> 3162.4 ms)
  TBT speedup:       0.34x  (49.4 -> 146.5 ms)
  E2E speedup:       0.69x  (53520.7 -> 77735.2 ms)

Results saved to exp/rdma_exp_0413/rdma_2nic_local50_ctx16k.json
