You are using a model of type `deepseek_v32` to instantiate a model of type ``. This may be expected if you are loading a checkpoint that shares a subset of the architecture (e.g., loading a `sam2_video` checkpoint into `Sam2Model`), but is otherwise not supported and can yield errors. Please verify that the checkpoint is compatible with the model you are instantiating.
Token indices sequence length is longer than the specified maximum sequence length for this model (314436 > 131072). Running this sequence through the model will result in indexing errors
Loading tokenizer...
Building 1 unique synthetic prompts (~16384 tokens in, 512 out)...
  Server dp_size: 8
  Unique prompts: 1
  Round 1 requests: 8 (1 unique x 8 copies for 8 DP ranks)
  Round 2 requests: 128 (repeat_mode=interleaved)
  Round 2 output tokens: uniform random in [0, 1024] (seed=42) (sampled 0 → 1 for API)
  Prompt length: min=16384 max=16384 mean=16384 tokens
  Output length: min=1 max=1012 mean=525 tokens
Request rate: 0.0 req/s  |  Max concurrency: 64

############################################################
  ROUND 1: Warmup (8 requests, max_concurrency=8)
############################################################

============================================================
  Round 1: Warmup
============================================================
  Requests:       8/8 succeeded
  Duration:       51.3 s
  Input tokens:   131072
  Output tokens:  4096

  TTFT    mean=28178.1ms  p50=28556.9ms  p99=29917.3ms
  TBT     mean=45.2ms  p50=38.1ms  p99=55.4ms
  TPOT    mean=45.2ms  p50=44.4ms  p99=52.4ms
  E2E     mean=51261.5ms  p50=51266.6ms  p99=51323.2ms
  Throughput: 79.8 tok/s  0.16 req/s

Pausing 3.0s between rounds...

############################################################
  ROUND 2: Measurement (repeated requests on warm cache)
############################################################

============================================================
  Round 2: Warm Measurement
============================================================
  Requests:       128/128 succeeded
  Duration:       218.1 s
  Input tokens:   2097152
  Output tokens:  63936

  TTFT    mean=5402.6ms  p50=1972.1ms  p99=13806.3ms
  TBT     mean=182.7ms  p50=65.7ms  p99=1700.8ms
  TPOT    mean=262.6ms  p50=194.8ms  p99=1282.2ms
  E2E     mean=96462.8ms  p50=86797.2ms  p99=190773.1ms
  Throughput: 293.1 tok/s  0.59 req/s

============================================================
  COMPARISON: Round 2 vs Round 1
============================================================
  Note: Round 1 is unique-only warmup, Round 2 is full repeated-load measurement; throughput is not directly comparable.
  TTFT speedup:      5.22x  (28178.1 -> 5402.6 ms)
  TBT speedup:       0.25x  (45.2 -> 182.7 ms)
  E2E speedup:       0.53x  (51261.5 -> 96462.8 ms)

Results saved to exp/rdma_exp_0413/rdma_2nic_local0_ctx16k.json
