You are using a model of type `deepseek_v32` to instantiate a model of type ``. This may be expected if you are loading a checkpoint that shares a subset of the architecture (e.g., loading a `sam2_video` checkpoint into `Sam2Model`), but is otherwise not supported and can yield errors. Please verify that the checkpoint is compatible with the model you are instantiating.
Token indices sequence length is longer than the specified maximum sequence length for this model (314436 > 131072). Running this sequence through the model will result in indexing errors
Loading tokenizer...
Building 1 unique synthetic prompts (~16384 tokens in, 512 out)...
  Server dp_size: 8
  Unique prompts: 1
  Round 1 requests: 8 (1 unique x 8 copies for 8 DP ranks)
  Round 2 requests: 128 (repeat_mode=interleaved)
  Round 2 output tokens: uniform random in [0, 1024] (seed=42) (sampled 0 → 1 for API)
  Prompt length: min=16384 max=16384 mean=16384 tokens
  Output length: min=1 max=1012 mean=525 tokens
Request rate: 0.0 req/s  |  Max concurrency: 64

############################################################
  ROUND 1: Warmup (8 requests, max_concurrency=8)
############################################################

============================================================
  Round 1: Warmup
============================================================
  Requests:       8/8 succeeded
  Duration:       51.1 s
  Input tokens:   131072
  Output tokens:  4094

  TTFT    mean=27859.0ms  p50=27218.2ms  p99=29921.0ms
  TBT     mean=45.3ms  p50=37.9ms  p99=50.1ms
  TPOT    mean=45.3ms  p50=46.5ms  p99=51.8ms
  E2E     mean=50997.5ms  p50=50962.9ms  p99=51071.3ms
  Throughput: 80.2 tok/s  0.16 req/s

Pausing 3.0s between rounds...

############################################################
  ROUND 2: Measurement (repeated requests on warm cache)
############################################################

============================================================
  Round 2: Warm Measurement
============================================================
  Requests:       128/128 succeeded
  Duration:       207.9 s
  Input tokens:   2097152
  Output tokens:  63682

  TTFT    mean=4471.4ms  p50=2553.7ms  p99=9173.3ms
  TBT     mean=174.8ms  p50=65.7ms  p99=1588.7ms
  TPOT    mean=256.6ms  p50=184.8ms  p99=1048.5ms
  E2E     mean=91261.3ms  p50=80585.2ms  p99=180351.8ms
  Throughput: 306.3 tok/s  0.62 req/s

============================================================
  COMPARISON: Round 2 vs Round 1
============================================================
  Note: Round 1 is unique-only warmup, Round 2 is full repeated-load measurement; throughput is not directly comparable.
  TTFT speedup:      6.23x  (27859.0 -> 4471.4 ms)
  TBT speedup:       0.26x  (45.3 -> 174.8 ms)
  E2E speedup:       0.56x  (50997.5 -> 91261.3 ms)

Results saved to exp/rdma_exp_0413/rdma_1nic_local0_ctx16k.json
