You are using a model of type `deepseek_v32` to instantiate a model of type ``. This may be expected if you are loading a checkpoint that shares a subset of the architecture (e.g., loading a `sam2_video` checkpoint into `Sam2Model`), but is otherwise not supported and can yield errors. Please verify that the checkpoint is compatible with the model you are instantiating.
Token indices sequence length is longer than the specified maximum sequence length for this model (2417031 > 131072). Running this sequence through the model will result in indexing errors
Loading tokenizer...
Building 1 unique synthetic prompts (~131072 tokens in, 512 out)...
  Server dp_size: 8
  Unique prompts: 1
  Round 1 requests: 8 (1 unique x 8 copies for 8 DP ranks)
  Round 2 requests: 512 (repeat_mode=interleaved)
  Round 2 output tokens: uniform random in [0, 1024] (seed=42) (sampled 0 → 1 for API)
  Prompt length: min=131072 max=131072 mean=131072 tokens
  Output length: min=1 max=1023 mean=524 tokens
Request rate: 0.0 req/s  |  Max concurrency: 128

############################################################
  ROUND 1: Warmup (8 requests, max_concurrency=8)
############################################################

============================================================
  Round 1: Warmup
============================================================
  Requests:       8/8 succeeded
  Duration:       255.2 s
  Input tokens:   1048576
  Output tokens:  4096

  TTFT    mean=231626.1ms  p50=232105.1ms  p99=232158.8ms
  TBT     mean=45.9ms  p50=44.2ms  p99=48.9ms
  TPOT    mean=45.9ms  p50=45.0ms  p99=51.7ms
  E2E     mean=255094.7ms  p50=255109.3ms  p99=255179.8ms
  Throughput: 16.1 tok/s  0.03 req/s

Pausing 3.0s between rounds...

############################################################
  ROUND 2: Measurement (repeated requests on warm cache)
############################################################

============================================================
  Round 2: Warm Measurement
============================================================
  Requests:       99/512 succeeded
  Duration:       95.0 s
  Input tokens:   12976128
  Output tokens:  33172

  TTFT    mean=13529.8ms  p50=8368.2ms  p99=33698.4ms
  TBT     mean=113.7ms  p50=97.3ms  p99=286.4ms
  TPOT    mean=113.2ms  p50=113.2ms  p99=130.1ms
  E2E     mean=51526.9ms  p50=54727.0ms  p99=93785.0ms
  Throughput: 349.1 tok/s  1.04 req/s

============================================================
  COMPARISON: Round 2 vs Round 1
============================================================
  Note: Round 1 is unique-only warmup, Round 2 is full repeated-load measurement; throughput is not directly comparable.
  TTFT speedup:      17.12x  (231626.1 -> 13529.8 ms)
  TBT speedup:       0.40x  (45.9 -> 113.7 ms)
  E2E speedup:       4.95x  (255094.7 -> 51526.9 ms)

Results saved to my_run_all/dram_ctx128k.json
