You are using a model of type `deepseek_v32` to instantiate a model of type ``. This may be expected if you are loading a checkpoint that shares a subset of the architecture (e.g., loading a `sam2_video` checkpoint into `Sam2Model`), but is otherwise not supported and can yield errors. Please verify that the checkpoint is compatible with the model you are instantiating.
Token indices sequence length is longer than the specified maximum sequence length for this model (2417031 > 131072). Running this sequence through the model will result in indexing errors
Loading tokenizer...
Building 1 unique synthetic prompts (~131072 tokens in, 512 out)...
  Server dp_size: 8
  Unique prompts: 1
  Round 1 requests: 8 (1 unique x 8 copies for 8 DP ranks)
  Round 2 requests: 512 (repeat_mode=interleaved)
  Round 2 output tokens: uniform random in [0, 1024] (seed=42) (sampled 0 → 1 for API)
  Prompt length: min=131072 max=131072 mean=131072 tokens
  Output length: min=1 max=1023 mean=524 tokens
Request rate: 0.0 req/s  |  Max concurrency: 128

############################################################
  ROUND 1: Warmup (8 requests, max_concurrency=8)
############################################################

============================================================
  Round 1: Warmup
============================================================
  Requests:       8/8 succeeded
  Duration:       255.6 s
  Input tokens:   1048576
  Output tokens:  4096

  TTFT    mean=232129.2ms  p50=232621.8ms  p99=232625.2ms
  TBT     mean=45.6ms  p50=43.9ms  p99=48.5ms
  TPOT    mean=45.6ms  p50=44.7ms  p99=51.4ms
  E2E     mean=255451.0ms  p50=255478.3ms  p99=255543.1ms
  Throughput: 16.0 tok/s  0.03 req/s

Pausing 3.0s between rounds...

############################################################
  ROUND 2: Measurement (repeated requests on warm cache)
############################################################

============================================================
  Round 2: Warm Measurement
============================================================
  Requests:       63/512 succeeded
  Duration:       611.6 s
  Input tokens:   8257536
  Output tokens:  15665

  TTFT    mean=89912.7ms  p50=40461.1ms  p99=308904.9ms
  TBT     mean=1236.5ms  p50=93.4ms  p99=18281.9ms
  TPOT    mean=2633.7ms  p50=1223.9ms  p99=25233.6ms
  E2E     mean=396128.1ms  p50=403953.1ms  p99=591795.9ms
  Throughput: 25.6 tok/s  0.10 req/s

============================================================
  COMPARISON: Round 2 vs Round 1
============================================================
  Note: Round 1 is unique-only warmup, Round 2 is full repeated-load measurement; throughput is not directly comparable.
  TTFT speedup:      2.58x  (232129.2 -> 89912.7 ms)
  TBT speedup:       0.04x  (45.6 -> 1236.5 ms)
  E2E speedup:       0.64x  (255451.0 -> 396128.1 ms)

Results saved to my_run_all/rdma_local_50_ctx128k.json
