You are using a model of type `deepseek_v32` to instantiate a model of type ``. This may be expected if you are loading a checkpoint that shares a subset of the architecture (e.g., loading a `sam2_video` checkpoint into `Sam2Model`), but is otherwise not supported and can yield errors. Please verify that the checkpoint is compatible with the model you are instantiating.
Token indices sequence length is longer than the specified maximum sequence length for this model (314436 > 131072). Running this sequence through the model will result in indexing errors
Loading tokenizer...
Building 1 unique synthetic prompts (~16384 tokens in, 512 out)...
  Server dp_size: 8
  Unique prompts: 1
  Round 1 requests: 8 (1 unique x 8 copies for 8 DP ranks)
  Round 2 requests: 512 (repeat_mode=interleaved)
  Round 2 output tokens: uniform random in [0, 1024] (seed=42) (sampled 0 → 1 for API)
  Prompt length: min=16384 max=16384 mean=16384 tokens
  Output length: min=1 max=1023 mean=524 tokens
Request rate: 0.0 req/s  |  Max concurrency: 128

############################################################
  ROUND 1: Warmup (8 requests, max_concurrency=8)
############################################################

============================================================
  Round 1: Warmup
============================================================
  Requests:       8/8 succeeded
  Duration:       47.2 s
  Input tokens:   131072
  Output tokens:  4096

  TTFT    mean=25969.5ms  p50=26044.4ms  p99=26924.7ms
  TBT     mean=41.3ms  p50=39.0ms  p99=44.7ms
  TPOT    mean=41.3ms  p50=41.1ms  p99=43.9ms
  E2E     mean=47059.6ms  p50=47050.4ms  p99=47159.6ms
  Throughput: 86.8 tok/s  0.17 req/s

Pausing 3.0s between rounds...

############################################################
  ROUND 2: Measurement (repeated requests on warm cache)
############################################################

============================================================
  Round 2: Warm Measurement
============================================================
  Requests:       512/512 succeeded
  Duration:       739.8 s
  Input tokens:   8388608
  Output tokens:  261685

  TTFT    mean=39861.8ms  p50=38825.1ms  p99=91658.7ms
  TBT     mean=266.5ms  p50=77.8ms  p99=2870.4ms
  TPOT    mean=299.3ms  p50=287.0ms  p99=845.5ms
  E2E     mean=175803.0ms  p50=173863.0ms  p99=343505.1ms
  Throughput: 353.7 tok/s  0.69 req/s

============================================================
  COMPARISON: Round 2 vs Round 1
============================================================
  Note: Round 1 is unique-only warmup, Round 2 is full repeated-load measurement; throughput is not directly comparable.
  TTFT speedup:      0.65x  (25969.5 -> 39861.8 ms)
  TBT speedup:       0.15x  (41.3 -> 266.5 ms)
  E2E speedup:       0.27x  (47059.6 -> 175803.0 ms)

Results saved to my_run_all/rdma_local_50_ctx16k.json
