You are using a model of type `deepseek_v32` to instantiate a model of type ``. This may be expected if you are loading a checkpoint that shares a subset of the architecture (e.g., loading a `sam2_video` checkpoint into `Sam2Model`), but is otherwise not supported and can yield errors. Please verify that the checkpoint is compatible with the model you are instantiating.
Token indices sequence length is longer than the specified maximum sequence length for this model (614791 > 131072). Running this sequence through the model will result in indexing errors
Loading tokenizer...
Building 1 unique synthetic prompts (~32768 tokens in, 512 out)...
  Server dp_size: 8
  Unique prompts: 1
  Round 1 requests: 8 (1 unique x 8 copies for 8 DP ranks)
  Round 2 requests: 512 (repeat_mode=interleaved)
  Round 2 output tokens: uniform random in [0, 1024] (seed=42) (sampled 0 → 1 for API)
  Prompt length: min=32768 max=32768 mean=32768 tokens
  Output length: min=1 max=1023 mean=524 tokens
Request rate: 0.0 req/s  |  Max concurrency: 128

############################################################
  ROUND 1: Warmup (8 requests, max_concurrency=8)
############################################################

============================================================
  Round 1: Warmup
============================================================
  Requests:       8/8 succeeded
  Duration:       86.3 s
  Input tokens:   262144
  Output tokens:  4094

  TTFT    mean=58708.3ms  p50=61516.8ms  p99=61517.9ms
  TBT     mean=53.9ms  p50=39.6ms  p99=53.8ms
  TPOT    mean=53.9ms  p50=48.5ms  p99=69.6ms
  E2E     mean=86234.2ms  p50=86283.1ms  p99=86284.9ms
  Throughput: 47.4 tok/s  0.09 req/s

Pausing 3.0s between rounds...

############################################################
  ROUND 2: Measurement (repeated requests on warm cache)
############################################################

============================================================
  Round 2: Warm Measurement
============================================================
  Requests:       354/512 succeeded
  Duration:       1720.5 s
  Input tokens:   11599872
  Output tokens:  140483

  TTFT    mean=92111.1ms  p50=115360.2ms  p99=174513.5ms
  TBT     mean=619.8ms  p50=77.1ms  p99=4553.7ms
  TPOT    mean=813.4ms  p50=723.9ms  p99=3010.1ms
  E2E     mean=337455.8ms  p50=328927.4ms  p99=595408.9ms
  Throughput: 81.7 tok/s  0.21 req/s

============================================================
  COMPARISON: Round 2 vs Round 1
============================================================
  Note: Round 1 is unique-only warmup, Round 2 is full repeated-load measurement; throughput is not directly comparable.
  TTFT speedup:      0.64x  (58708.3 -> 92111.1 ms)
  TBT speedup:       0.09x  (53.9 -> 619.8 ms)
  E2E speedup:       0.26x  (86234.2 -> 337455.8 ms)

Results saved to my_run_all/rdma_local_0_ctx32k.json
