You are using a model of type `deepseek_v32` to instantiate a model of type ``. This may be expected if you are loading a checkpoint that shares a subset of the architecture (e.g., loading a `sam2_video` checkpoint into `Sam2Model`), but is otherwise not supported and can yield errors. Please verify that the checkpoint is compatible with the model you are instantiating.
Token indices sequence length is longer than the specified maximum sequence length for this model (1215556 > 131072). Running this sequence through the model will result in indexing errors
Loading tokenizer...
Building 1 unique synthetic prompts (~65536 tokens in, 512 out)...
  Server dp_size: 8
  Unique prompts: 1
  Round 1 requests: 8 (1 unique x 8 copies for 8 DP ranks)
  Round 2 requests: 512 (repeat_mode=interleaved)
  Round 2 output tokens: uniform random in [0, 1024] (seed=42) (sampled 0 → 1 for API)
  Prompt length: min=65536 max=65536 mean=65536 tokens
  Output length: min=1 max=1023 mean=524 tokens
Request rate: 0.0 req/s  |  Max concurrency: 128

############################################################
  ROUND 1: Warmup (8 requests, max_concurrency=8)
############################################################

============================================================
  Round 1: Warmup
============================================================
  Requests:       8/8 succeeded
  Duration:       155.7 s
  Input tokens:   524288
  Output tokens:  4096

  TTFT    mean=121724.5ms  p50=125487.7ms  p99=125490.5ms
  TBT     mean=66.3ms  p50=40.5ms  p99=53.8ms
  TPOT    mean=66.3ms  p50=59.1ms  p99=96.5ms
  E2E     mean=155628.9ms  p50=155676.6ms  p99=155679.4ms
  Throughput: 26.3 tok/s  0.05 req/s

Pausing 3.0s between rounds...

############################################################
  ROUND 2: Measurement (repeated requests on warm cache)
############################################################

============================================================
  Round 2: Warm Measurement
============================================================
  Requests:       311/512 succeeded
  Duration:       1855.0 s
  Input tokens:   20381696
  Output tokens:  113066

  TTFT    mean=105071.2ms  p50=110791.0ms  p99=244207.8ms
  TBT     mean=683.6ms  p50=79.7ms  p99=8833.1ms
  TPOT    mean=953.3ms  p50=836.5ms  p99=4443.5ms
  E2E     mean=352929.6ms  p50=351439.0ms  p99=597385.2ms
  Throughput: 61.0 tok/s  0.17 req/s

============================================================
  COMPARISON: Round 2 vs Round 1
============================================================
  Note: Round 1 is unique-only warmup, Round 2 is full repeated-load measurement; throughput is not directly comparable.
  TTFT speedup:      1.16x  (121724.5 -> 105071.2 ms)
  TBT speedup:       0.10x  (66.3 -> 683.6 ms)
  E2E speedup:       0.44x  (155628.9 -> 352929.6 ms)

Results saved to my_run_all/rdma_local_50_ctx64k.json
