You are using a model of type `deepseek_v32` to instantiate a model of type ``. This may be expected if you are loading a checkpoint that shares a subset of the architecture (e.g., loading a `sam2_video` checkpoint into `Sam2Model`), but is otherwise not supported and can yield errors. Please verify that the checkpoint is compatible with the model you are instantiating.
Token indices sequence length is longer than the specified maximum sequence length for this model (2417031 > 131072). Running this sequence through the model will result in indexing errors
Loading tokenizer...
Building 1 unique synthetic prompts (~131072 tokens in, 1024 out)...
  Server dp_size: 8
  Unique prompts: 1
  Round 1 requests: 8 (1 unique x 8 copies for 8 DP ranks)
  Round 2 requests: 512 (repeat_mode=interleaved)
  Round 2 output tokens: fixed at 1024
  Prompt length: min=131072 max=131072 mean=131072 tokens
  Output length: min=1024 max=1024 mean=1024 tokens
Request rate: 0.0 req/s  |  Max concurrency: 64

############################################################
  ROUND 1: Warmup (8 requests, max_concurrency=8)
############################################################

============================================================
  Round 1: Warmup
============================================================
  Requests:       8/8 succeeded
  Duration:       309.9 s
  Input tokens:   1048576
  Output tokens:  8192

  TTFT    mean=245358.9ms  p50=247777.5ms  p99=247780.3ms
  TBT     mean=63.0ms  p50=43.3ms  p99=51.9ms
  TPOT    mean=63.0ms  p50=60.7ms  p99=78.0ms
  E2E     mean=309851.1ms  p50=309886.8ms  p99=309891.5ms
  Throughput: 26.4 tok/s  0.03 req/s

Pausing 3.0s between rounds...

############################################################
  ROUND 2: Measurement (repeated requests on warm cache)
############################################################

============================================================
  Round 2: Warm Measurement
============================================================
  Requests:       512/512 succeeded
  Duration:       1955.3 s
  Input tokens:   67108864
  Output tokens:  520795

  TTFT    mean=39949.1ms  p50=46906.3ms  p99=50466.2ms
  TBT     mean=201.2ms  p50=66.8ms  p99=92.2ms
  TPOT    mean=202.1ms  p50=198.8ms  p99=296.2ms
  E2E     mean=244396.7ms  p50=244286.3ms  p99=255753.7ms
  Throughput: 266.4 tok/s  0.26 req/s

============================================================
  COMPARISON: Round 2 vs Round 1
============================================================
  Note: Round 1 is unique-only warmup, Round 2 is full repeated-load measurement; throughput is not directly comparable.
  TTFT speedup:      6.14x  (245358.9 -> 39949.1 ms)
  TBT speedup:       0.31x  (63.0 -> 201.2 ms)
  E2E speedup:       1.27x  (309851.1 -> 244396.7 ms)

Results saved to exp-new/rdma_0417/p1_04_rdma2nic_l0_ctx128k_conc64_r2fix1k_n512.json
