You are using a model of type `deepseek_v32` to instantiate a model of type ``. This may be expected if you are loading a checkpoint that shares a subset of the architecture (e.g., loading a `sam2_video` checkpoint into `Sam2Model`), but is otherwise not supported and can yield errors. Please verify that the checkpoint is compatible with the model you are instantiating.
Token indices sequence length is longer than the specified maximum sequence length for this model (314436 > 131072). Running this sequence through the model will result in indexing errors
Loading tokenizer...
Building 1 unique synthetic prompts (~16384 tokens in, 1024 out)...
  Server dp_size: 8
  Unique prompts: 1
  Round 1 requests: 8 (1 unique x 8 copies for 8 DP ranks)
  Round 2 requests: 768 (repeat_mode=interleaved)
  Round 2 output tokens: fixed at 1024
  Prompt length: min=16384 max=16384 mean=16384 tokens
  Output length: min=1024 max=1024 mean=1024 tokens
Request rate: 0.0 req/s  |  Max concurrency: 96

############################################################
  ROUND 1: Warmup (8 requests, max_concurrency=8)
############################################################

============================================================
  Round 1: Warmup
============================================================
  Requests:       8/8 succeeded
  Duration:       71.5 s
  Input tokens:   131072
  Output tokens:  7610

  TTFT    mean=28314.2ms  p50=27548.3ms  p99=30701.1ms
  TBT     mean=45.4ms  p50=37.7ms  p99=114.5ms
  TPOT    mean=48.8ms  p50=42.9ms  p99=89.4ms
  E2E     mean=71473.7ms  p50=71438.6ms  p99=71547.5ms
  Throughput: 106.4 tok/s  0.11 req/s

Pausing 3.0s between rounds...

############################################################
  ROUND 2: Measurement (repeated requests on warm cache)
############################################################

============================================================
  Round 2: Warm Measurement
============================================================
  Requests:       768/768 succeeded
  Duration:       794.0 s
  Input tokens:   12582912
  Output tokens:  750908

  TTFT    mean=11961.1ms  p50=15199.4ms  p99=35770.5ms
  TBT     mean=89.4ms  p50=64.7ms  p99=194.4ms
  TPOT    mean=94.5ms  p50=85.8ms  p99=264.5ms
  E2E     mean=99243.0ms  p50=98464.1ms  p99=107007.7ms
  Throughput: 945.7 tok/s  0.97 req/s

============================================================
  COMPARISON: Round 2 vs Round 1
============================================================
  Note: Round 1 is unique-only warmup, Round 2 is full repeated-load measurement; throughput is not directly comparable.
  TTFT speedup:      2.37x  (28314.2 -> 11961.1 ms)
  TBT speedup:       0.51x  (45.4 -> 89.4 ms)
  E2E speedup:       0.72x  (71473.7 -> 99243.0 ms)

Results saved to exp-new/rdma_0417/p2_07_rdma2nic_l0_ctx16k_conc96_r2fix1k_n768.json
