You are using a model of type `deepseek_v32` to instantiate a model of type ``. This may be expected if you are loading a checkpoint that shares a subset of the architecture (e.g., loading a `sam2_video` checkpoint into `Sam2Model`), but is otherwise not supported and can yield errors. Please verify that the checkpoint is compatible with the model you are instantiating.
Token indices sequence length is longer than the specified maximum sequence length for this model (614791 > 131072). Running this sequence through the model will result in indexing errors
Loading tokenizer...
Building 1 unique synthetic prompts (~32768 tokens in, 1024 out)...
  Server dp_size: 8
  Unique prompts: 1
  Round 1 requests: 8 (1 unique x 8 copies for 8 DP ranks)
  Round 2 requests: 64 (repeat_mode=interleaved)
  Round 2 output tokens: fixed at 1024
  Prompt length: min=32768 max=32768 mean=32768 tokens
  Output length: min=1024 max=1024 mean=1024 tokens
Request rate: 0.0 req/s  |  Max concurrency: 8

############################################################
  ROUND 1: Warmup (8 requests, max_concurrency=8)
############################################################

============================================================
  Round 1: Warmup
============================================================
  Requests:       8/8 succeeded
  Duration:       104.9 s
  Input tokens:   262144
  Output tokens:  7511

  TTFT    mean=57709.5ms  p50=58393.4ms  p99=61007.2ms
  TBT     mean=50.2ms  p50=38.5ms  p99=117.2ms
  TPOT    mean=57.9ms  p50=45.4ms  p99=136.1ms
  E2E     mean=104794.4ms  p50=104799.9ms  p99=104856.3ms
  Throughput: 71.6 tok/s  0.08 req/s

Pausing 3.0s between rounds...

############################################################
  ROUND 2: Measurement (repeated requests on warm cache)
############################################################

============================================================
  Round 2: Warm Measurement
============================================================
  Requests:       64/64 succeeded
  Duration:       432.9 s
  Input tokens:   2097152
  Output tokens:  64855

  TTFT    mean=6482.0ms  p50=8114.4ms  p99=12270.1ms
  TBT     mean=47.0ms  p50=38.6ms  p99=55.8ms
  TPOT    mean=48.2ms  p50=46.7ms  p99=94.4ms
  E2E     mean=54104.1ms  p50=54292.2ms  p99=56196.5ms
  Throughput: 149.8 tok/s  0.15 req/s

============================================================
  COMPARISON: Round 2 vs Round 1
============================================================
  Note: Round 1 is unique-only warmup, Round 2 is full repeated-load measurement; throughput is not directly comparable.
  TTFT speedup:      8.90x  (57709.5 -> 6482.0 ms)
  TBT speedup:       1.07x  (50.2 -> 47.0 ms)
  E2E speedup:       1.94x  (104794.4 -> 54104.1 ms)

Results saved to exp-new/rdma_0417/p2_08_rdma2nic_l0_ctx32k_conc8_r2fix1k_n64.json
