You are using a model of type `deepseek_v32` to instantiate a model of type ``. This may be expected if you are loading a checkpoint that shares a subset of the architecture (e.g., loading a `sam2_video` checkpoint into `Sam2Model`), but is otherwise not supported and can yield errors. Please verify that the checkpoint is compatible with the model you are instantiating.
Token indices sequence length is longer than the specified maximum sequence length for this model (314436 > 131072). Running this sequence through the model will result in indexing errors
Loading tokenizer...
Building 1 unique synthetic prompts (~16384 tokens in, 1024 out)...
  Server dp_size: 8
  Unique prompts: 1
  Round 1 requests: 8 (1 unique x 8 copies for 8 DP ranks)
  Round 2 requests: 640 (repeat_mode=interleaved)
  Round 2 output tokens: fixed at 1024
  Prompt length: min=16384 max=16384 mean=16384 tokens
  Output length: min=1024 max=1024 mean=1024 tokens
Request rate: 0.0 req/s  |  Max concurrency: 80

############################################################
  ROUND 1: Warmup (8 requests, max_concurrency=8)
############################################################

============================================================
  Round 1: Warmup
============================================================
  Requests:       8/8 succeeded
  Duration:       71.2 s
  Input tokens:   131072
  Output tokens:  6581

  TTFT    mean=28391.8ms  p50=27624.4ms  p99=30789.7ms
  TBT     mean=52.0ms  p50=37.6ms  p99=113.1ms
  TPOT    mean=56.2ms  p50=50.8ms  p99=84.2ms
  E2E     mean=71128.5ms  p50=71093.2ms  p99=71201.6ms
  Throughput: 92.4 tok/s  0.11 req/s

Pausing 3.0s between rounds...

############################################################
  ROUND 2: Measurement (repeated requests on warm cache)
############################################################

============================================================
  Round 2: Warm Measurement
============================================================
  Requests:       640/640 succeeded
  Duration:       746.8 s
  Input tokens:   10485760
  Output tokens:  626720

  TTFT    mean=10173.4ms  p50=7523.4ms  p99=15601.2ms
  TBT     mean=85.0ms  p50=64.1ms  p99=192.8ms
  TPOT    mean=89.9ms  p50=82.8ms  p99=256.0ms
  E2E     mean=93345.2ms  p50=92132.1ms  p99=101761.1ms
  Throughput: 839.2 tok/s  0.86 req/s

============================================================
  COMPARISON: Round 2 vs Round 1
============================================================
  Note: Round 1 is unique-only warmup, Round 2 is full repeated-load measurement; throughput is not directly comparable.
  TTFT speedup:      2.79x  (28391.8 -> 10173.4 ms)
  TBT speedup:       0.61x  (52.0 -> 85.0 ms)
  E2E speedup:       0.76x  (71128.5 -> 93345.2 ms)

Results saved to exp-new/rdma_0417/p2_06_rdma2nic_l0_ctx16k_conc80_r2fix1k_n640.json
