You are using a model of type `deepseek_v32` to instantiate a model of type ``. This may be expected if you are loading a checkpoint that shares a subset of the architecture (e.g., loading a `sam2_video` checkpoint into `Sam2Model`), but is otherwise not supported and can yield errors. Please verify that the checkpoint is compatible with the model you are instantiating.
Token indices sequence length is longer than the specified maximum sequence length for this model (614791 > 131072). Running this sequence through the model will result in indexing errors
Loading tokenizer...
Building 1 unique synthetic prompts (~32768 tokens in, 1024 out)...
  Server dp_size: 8
  Unique prompts: 1
  Round 1 requests: 8 (1 unique x 8 copies for 8 DP ranks)
  Round 2 requests: 384 (repeat_mode=interleaved)
  Round 2 output tokens: fixed at 1024
  Prompt length: min=32768 max=32768 mean=32768 tokens
  Output length: min=1024 max=1024 mean=1024 tokens
Request rate: 0.0 req/s  |  Max concurrency: 48

############################################################
  ROUND 1: Warmup (8 requests, max_concurrency=8)
############################################################

============================================================
  Round 1: Warmup
============================================================
  Requests:       8/8 succeeded
  Duration:       104.9 s
  Input tokens:   262144
  Output tokens:  8192

  TTFT    mean=58110.7ms  p50=60751.1ms  p99=60752.1ms
  TBT     mean=45.7ms  p50=38.5ms  p99=47.3ms
  TPOT    mean=45.7ms  p50=43.1ms  p99=53.0ms
  E2E     mean=104817.5ms  p50=104864.2ms  p99=104867.6ms
  Throughput: 78.1 tok/s  0.08 req/s

Pausing 3.0s between rounds...

############################################################
  ROUND 2: Measurement (repeated requests on warm cache)
############################################################

============================================================
  Round 2: Warm Measurement
============================================================
  Requests:       384/384 succeeded
  Duration:       757.3 s
  Input tokens:   12582912
  Output tokens:  384965

  TTFT    mean=12836.0ms  p50=12945.4ms  p99=37132.7ms
  TBT     mean=81.7ms  p50=56.8ms  p99=115.5ms
  TPOT    mean=83.1ms  p50=78.2ms  p99=154.9ms
  E2E     mean=94658.6ms  p50=92771.2ms  p99=108459.9ms
  Throughput: 508.3 tok/s  0.51 req/s

============================================================
  COMPARISON: Round 2 vs Round 1
============================================================
  Note: Round 1 is unique-only warmup, Round 2 is full repeated-load measurement; throughput is not directly comparable.
  TTFT speedup:      4.53x  (58110.7 -> 12836.0 ms)
  TBT speedup:       0.56x  (45.7 -> 81.7 ms)
  E2E speedup:       1.11x  (104817.5 -> 94658.6 ms)

Results saved to exp-new/rdma_0417/p2_11_rdma2nic_l0_ctx32k_conc48_r2fix1k_n384.json
