You are using a model of type `deepseek_v32` to instantiate a model of type ``. This may be expected if you are loading a checkpoint that shares a subset of the architecture (e.g., loading a `sam2_video` checkpoint into `Sam2Model`), but is otherwise not supported and can yield errors. Please verify that the checkpoint is compatible with the model you are instantiating.
Token indices sequence length is longer than the specified maximum sequence length for this model (1215556 > 131072). Running this sequence through the model will result in indexing errors
Loading tokenizer...
Building 1 unique synthetic prompts (~65536 tokens in, 1024 out)...
  Server dp_size: 8
  Unique prompts: 1
  Round 1 requests: 8 (1 unique x 8 copies for 8 DP ranks)
  Round 2 requests: 256 (repeat_mode=interleaved)
  Round 2 output tokens: fixed at 1024
  Prompt length: min=65536 max=65536 mean=65536 tokens
  Output length: min=1024 max=1024 mean=1024 tokens
Request rate: 0.0 req/s  |  Max concurrency: 32

############################################################
  ROUND 1: Warmup (8 requests, max_concurrency=8)
############################################################

============================================================
  Round 1: Warmup
============================================================
  Requests:       8/8 succeeded
  Duration:       172.8 s
  Input tokens:   524288
  Output tokens:  8192

  TTFT    mean=120284.6ms  p50=123767.8ms  p99=123769.1ms
  TBT     mean=51.3ms  p50=39.1ms  p99=47.5ms
  TPOT    mean=51.3ms  p50=47.9ms  p99=65.2ms
  E2E     mean=172753.9ms  p50=172800.0ms  p99=172804.6ms
  Throughput: 47.4 tok/s  0.05 req/s

Pausing 3.0s between rounds...

############################################################
  ROUND 2: Measurement (repeated requests on warm cache)
############################################################

============================================================
  Round 2: Warm Measurement
============================================================
  Requests:       256/256 succeeded
  Duration:       844.3 s
  Input tokens:   16777216
  Output tokens:  260719

  TTFT    mean=21269.9ms  p50=24288.3ms  p99=32970.8ms
  TBT     mean=82.8ms  p50=50.6ms  p99=69.8ms
  TPOT    mean=83.0ms  p50=77.2ms  p99=113.9ms
  E2E     mean=105537.3ms  p50=102794.3ms  p99=118386.9ms
  Throughput: 308.8 tok/s  0.30 req/s

============================================================
  COMPARISON: Round 2 vs Round 1
============================================================
  Note: Round 1 is unique-only warmup, Round 2 is full repeated-load measurement; throughput is not directly comparable.
  TTFT speedup:      5.66x  (120284.6 -> 21269.9 ms)
  TBT speedup:       0.62x  (51.3 -> 82.8 ms)
  E2E speedup:       1.64x  (172753.9 -> 105537.3 ms)

Results saved to exp-new/rdma_0417/p2_17_rdma2nic_l0_ctx64k_conc32_r2fix1k_n256.json
