You are using a model of type `deepseek_v32` to instantiate a model of type ``. This may be expected if you are loading a checkpoint that shares a subset of the architecture (e.g., loading a `sam2_video` checkpoint into `Sam2Model`), but is otherwise not supported and can yield errors. Please verify that the checkpoint is compatible with the model you are instantiating.
Token indices sequence length is longer than the specified maximum sequence length for this model (614791 > 131072). Running this sequence through the model will result in indexing errors
Loading tokenizer...
Building 1 unique synthetic prompts (~32768 tokens in, 1024 out)...
  Server dp_size: 8
  Unique prompts: 1
  Round 1 requests: 8 (1 unique x 8 copies for 8 DP ranks)
  Round 2 requests: 640 (repeat_mode=interleaved)
  Round 2 output tokens: fixed at 1024
  Prompt length: min=32768 max=32768 mean=32768 tokens
  Output length: min=1024 max=1024 mean=1024 tokens
Request rate: 0.0 req/s  |  Max concurrency: 80

############################################################
  ROUND 1: Warmup (8 requests, max_concurrency=8)
############################################################

============================================================
  Round 1: Warmup
============================================================
  Requests:       8/8 succeeded
  Duration:       105.0 s
  Input tokens:   262144
  Output tokens:  7715

  TTFT    mean=57572.4ms  p50=58247.5ms  p99=60829.7ms
  TBT     mean=49.2ms  p50=38.8ms  p99=118.3ms
  TPOT    mean=52.2ms  p50=45.7ms  p99=96.4ms
  E2E     mean=104968.1ms  p50=104973.3ms  p99=105032.6ms
  Throughput: 73.5 tok/s  0.08 req/s

Pausing 3.0s between rounds...

############################################################
  ROUND 2: Measurement (repeated requests on warm cache)
############################################################

============================================================
  Round 2: Warm Measurement
============================================================
  Requests:       640/640 succeeded
  Duration:       973.6 s
  Input tokens:   20971520
  Output tokens:  649457

  TTFT    mean=15186.7ms  p50=13528.8ms  p99=29873.1ms
  TBT     mean=105.1ms  p50=66.2ms  p99=99.1ms
  TPOT    mean=105.8ms  p50=103.2ms  p99=187.7ms
  E2E     mean=121691.1ms  p50=120883.7ms  p99=128594.1ms
  Throughput: 667.1 tok/s  0.66 req/s

============================================================
  COMPARISON: Round 2 vs Round 1
============================================================
  Note: Round 1 is unique-only warmup, Round 2 is full repeated-load measurement; throughput is not directly comparable.
  TTFT speedup:      3.79x  (57572.4 -> 15186.7 ms)
  TBT speedup:       0.47x  (49.2 -> 105.1 ms)
  E2E speedup:       0.86x  (104968.1 -> 121691.1 ms)

Results saved to exp-new/rdma_0417/p2_13_rdma2nic_l0_ctx32k_conc80_r2fix1k_n640.json
