You are using a model of type `deepseek_v32` to instantiate a model of type ``. This may be expected if you are loading a checkpoint that shares a subset of the architecture (e.g., loading a `sam2_video` checkpoint into `Sam2Model`), but is otherwise not supported and can yield errors. Please verify that the checkpoint is compatible with the model you are instantiating.
Token indices sequence length is longer than the specified maximum sequence length for this model (2417031 > 131072). Running this sequence through the model will result in indexing errors
Loading tokenizer...
Building 1 unique synthetic prompts (~131072 tokens in, 1024 out)...
  Server dp_size: 8
  Unique prompts: 1
  Round 1 requests: 8 (1 unique x 8 copies for 8 DP ranks)
  Round 2 requests: 768 (repeat_mode=interleaved)
  Round 2 output tokens: fixed at 1024
  Prompt length: min=131072 max=131072 mean=131072 tokens
  Output length: min=1024 max=1024 mean=1024 tokens
Request rate: 0.0 req/s  |  Max concurrency: 96

############################################################
  ROUND 1: Warmup (8 requests, max_concurrency=8)
############################################################

============================================================
  Round 1: Warmup
============================================================
  Requests:       8/8 succeeded
  Duration:       309.5 s
  Input tokens:   1048576
  Output tokens:  8192

  TTFT    mean=245828.9ms  p50=248257.9ms  p99=248259.3ms
  TBT     mean=62.2ms  p50=42.5ms  p99=53.5ms
  TPOT    mean=62.2ms  p50=59.9ms  p99=77.2ms
  E2E     mean=309451.5ms  p50=309485.0ms  p99=309497.9ms
  Throughput: 26.5 tok/s  0.03 req/s

Pausing 3.0s between rounds...

############################################################
  ROUND 2: Measurement (repeated requests on warm cache)
############################################################

============================================================
  Round 2: Warm Measurement
============================================================
  Requests:       768/768 succeeded
  Duration:       2525.3 s
  Input tokens:   100663296
  Output tokens:  779530

  TTFT    mean=38228.4ms  p50=35508.0ms  p99=52288.7ms
  TBT     mean=273.6ms  p50=78.2ms  p99=146.9ms
  TPOT    mean=275.5ms  p50=273.2ms  p99=404.5ms
  E2E     mean=315639.5ms  p50=316080.2ms  p99=321416.2ms
  Throughput: 308.7 tok/s  0.30 req/s

============================================================
  COMPARISON: Round 2 vs Round 1
============================================================
  Note: Round 1 is unique-only warmup, Round 2 is full repeated-load measurement; throughput is not directly comparable.
  TTFT speedup:      6.43x  (245828.9 -> 38228.4 ms)
  TBT speedup:       0.23x  (62.2 -> 273.6 ms)
  E2E speedup:       0.98x  (309451.5 -> 315639.5 ms)

Results saved to exp-new/rdma_0417/p2_28_rdma2nic_l0_ctx128k_conc96_r2fix1k_n768.json
