You are using a model of type `deepseek_v32` to instantiate a model of type ``. This may be expected if you are loading a checkpoint that shares a subset of the architecture (e.g., loading a `sam2_video` checkpoint into `Sam2Model`), but is otherwise not supported and can yield errors. Please verify that the checkpoint is compatible with the model you are instantiating.
Token indices sequence length is longer than the specified maximum sequence length for this model (1215556 > 131072). Running this sequence through the model will result in indexing errors
Loading tokenizer...
Building 1 unique synthetic prompts (~65536 tokens in, 1024 out)...
  Server dp_size: 8
  Unique prompts: 1
  Round 1 requests: 8 (1 unique x 8 copies for 8 DP ranks)
  Round 2 requests: 640 (repeat_mode=interleaved)
  Round 2 output tokens: fixed at 1024
  Prompt length: min=65536 max=65536 mean=65536 tokens
  Output length: min=1024 max=1024 mean=1024 tokens
Request rate: 0.0 req/s  |  Max concurrency: 80

############################################################
  ROUND 1: Warmup (8 requests, max_concurrency=8)
############################################################

============================================================
  Round 1: Warmup
============================================================
  Requests:       8/8 succeeded
  Duration:       173.2 s
  Input tokens:   524288
  Output tokens:  8191

  TTFT    mean=120349.9ms  p50=123827.0ms  p99=123828.5ms
  TBT     mean=51.6ms  p50=39.5ms  p99=49.2ms
  TPOT    mean=51.6ms  p50=48.2ms  p99=65.5ms
  E2E     mean=173140.1ms  p50=173186.5ms  p99=173190.7ms
  Throughput: 47.3 tok/s  0.05 req/s

Pausing 3.0s between rounds...

############################################################
  ROUND 2: Measurement (repeated requests on warm cache)
############################################################

============================================================
  Round 2: Warm Measurement
============================================================
  Requests:       640/640 succeeded
  Duration:       1383.5 s
  Input tokens:   41943040
  Output tokens:  650881

  TTFT    mean=23108.8ms  p50=24699.8ms  p99=27215.0ms
  TBT     mean=147.5ms  p50=68.5ms  p99=105.1ms
  TPOT    mean=148.1ms  p50=144.3ms  p99=212.7ms
  E2E     mean=172932.2ms  p50=171934.9ms  p99=181807.5ms
  Throughput: 470.5 tok/s  0.46 req/s

============================================================
  COMPARISON: Round 2 vs Round 1
============================================================
  Note: Round 1 is unique-only warmup, Round 2 is full repeated-load measurement; throughput is not directly comparable.
  TTFT speedup:      5.21x  (120349.9 -> 23108.8 ms)
  TBT speedup:       0.35x  (51.6 -> 147.5 ms)
  E2E speedup:       1.00x  (173140.1 -> 172932.2 ms)

Results saved to exp-new/rdma_0417/p2_20_rdma2nic_l0_ctx64k_conc80_r2fix1k_n640.json
