You are using a model of type `deepseek_v32` to instantiate a model of type ``. This may be expected if you are loading a checkpoint that shares a subset of the architecture (e.g., loading a `sam2_video` checkpoint into `Sam2Model`), but is otherwise not supported and can yield errors. Please verify that the checkpoint is compatible with the model you are instantiating.
Token indices sequence length is longer than the specified maximum sequence length for this model (1215556 > 131072). Running this sequence through the model will result in indexing errors
Loading tokenizer...
Building 1 unique synthetic prompts (~65536 tokens in, 8192 out)...
  Server dp_size: 8
  Unique prompts: 1
  Round 1 requests: 8 (1 unique x 8 copies for 8 DP ranks)
  Round 2 requests: 128 (repeat_mode=interleaved)
  Round 2 output tokens: fixed at 8192
  Prompt length: min=65536 max=65536 mean=65536 tokens
  Output length: min=8192 max=8192 mean=8192 tokens
Request rate: 0.0 req/s  |  Max concurrency: 64

############################################################
  ROUND 1: Warmup (8 requests, max_concurrency=8)
############################################################

============================================================
  Round 1: Warmup
============================================================
  Requests:       8/8 succeeded
  Duration:       441.5 s
  Input tokens:   524288
  Output tokens:  65534

  TTFT    mean=120325.8ms  p50=123816.8ms  p99=123818.8ms
  TBT     mean=39.2ms  p50=37.6ms  p99=41.9ms
  TPOT    mean=39.2ms  p50=38.8ms  p99=41.0ms
  E2E     mean=441436.6ms  p50=441484.2ms  p99=441488.5ms
  Throughput: 148.4 tok/s  0.02 req/s

Pausing 3.0s between rounds...

############################################################
  ROUND 2: Measurement (repeated requests on warm cache)
############################################################

============================================================
  Round 2: Warm Measurement
============================================================
  Requests:       128/128 succeeded
  Duration:       1123.3 s
  Input tokens:   8388608
  Output tokens:  1032865

  TTFT    mean=26220.1ms  p50=25002.0ms  p99=34065.0ms
  TBT     mean=66.4ms  p50=57.6ms  p99=112.5ms
  TPOT    mean=67.3ms  p50=65.6ms  p99=99.1ms
  E2E     mean=561606.2ms  p50=561620.3ms  p99=562880.4ms
  Throughput: 919.5 tok/s  0.11 req/s

============================================================
  COMPARISON: Round 2 vs Round 1
============================================================
  Note: Round 1 is unique-only warmup, Round 2 is full repeated-load measurement; throughput is not directly comparable.
  TTFT speedup:      4.59x  (120325.8 -> 26220.1 ms)
  TBT speedup:       0.59x  (39.2 -> 66.4 ms)
  E2E speedup:       0.79x  (441436.6 -> 561606.2 ms)

Results saved to exp-new/rdma_0417/p3_09_rdma2nic_l0_ctx64k_conc64_r2fix8k_n128.json
