You are using a model of type `deepseek_v32` to instantiate a model of type ``. This may be expected if you are loading a checkpoint that shares a subset of the architecture (e.g., loading a `sam2_video` checkpoint into `Sam2Model`), but is otherwise not supported and can yield errors. Please verify that the checkpoint is compatible with the model you are instantiating.
Token indices sequence length is longer than the specified maximum sequence length for this model (1215556 > 131072). Running this sequence through the model will result in indexing errors
Loading tokenizer...
Building 1 unique synthetic prompts (~65536 tokens in, 2048 out)...
  Server dp_size: 8
  Unique prompts: 1
  Round 1 requests: 8 (1 unique x 8 copies for 8 DP ranks)
  Round 2 requests: 256 (repeat_mode=interleaved)
  Round 2 output tokens: fixed at 2048
  Prompt length: min=65536 max=65536 mean=65536 tokens
  Output length: min=2048 max=2048 mean=2048 tokens
Request rate: 0.0 req/s  |  Max concurrency: 64

############################################################
  ROUND 1: Warmup (8 requests, max_concurrency=8)
############################################################

============================================================
  Round 1: Warmup
============================================================
  Requests:       8/8 succeeded
  Duration:       212.1 s
  Input tokens:   524288
  Output tokens:  16382

  TTFT    mean=120430.4ms  p50=123937.4ms  p99=123939.1ms
  TBT     mean=44.8ms  p50=38.7ms  p99=44.8ms
  TPOT    mean=44.8ms  p50=43.1ms  p99=51.8ms
  E2E     mean=212062.0ms  p50=212105.7ms  p99=212110.2ms
  Throughput: 77.2 tok/s  0.04 req/s

Pausing 3.0s between rounds...

############################################################
  ROUND 2: Measurement (repeated requests on warm cache)
############################################################

============================================================
  Round 2: Warm Measurement
============================================================
  Requests:       256/256 succeeded
  Duration:       829.6 s
  Input tokens:   16777216
  Output tokens:  521641

  TTFT    mean=24504.3ms  p50=24966.8ms  p99=34368.5ms
  TBT     mean=89.8ms  p50=58.5ms  p99=72.5ms
  TPOT    mean=90.1ms  p50=88.1ms  p99=119.7ms
  E2E     mean=207377.9ms  p50=205380.3ms  p99=215309.3ms
  Throughput: 628.8 tok/s  0.31 req/s

============================================================
  COMPARISON: Round 2 vs Round 1
============================================================
  Note: Round 1 is unique-only warmup, Round 2 is full repeated-load measurement; throughput is not directly comparable.
  TTFT speedup:      4.91x  (120430.4 -> 24504.3 ms)
  TBT speedup:       0.50x  (44.8 -> 89.8 ms)
  E2E speedup:       1.02x  (212062.0 -> 207377.9 ms)

Results saved to exp-new/rdma_0417/p3_07_rdma2nic_l0_ctx64k_conc64_r2fix2k_n256.json
