You are using a model of type `deepseek_v32` to instantiate a model of type ``. This may be expected if you are loading a checkpoint that shares a subset of the architecture (e.g., loading a `sam2_video` checkpoint into `Sam2Model`), but is otherwise not supported and can yield errors. Please verify that the checkpoint is compatible with the model you are instantiating.
Token indices sequence length is longer than the specified maximum sequence length for this model (314436 > 131072). Running this sequence through the model will result in indexing errors
Loading tokenizer...
Building 1 unique synthetic prompts (~16384 tokens in, 8192 out)...
  Server dp_size: 8
  Unique prompts: 1
  Round 1 requests: 8 (1 unique x 8 copies for 8 DP ranks)
  Round 2 requests: 128 (repeat_mode=interleaved)
  Round 2 output tokens: fixed at 8192
  Prompt length: min=16384 max=16384 mean=16384 tokens
  Output length: min=8192 max=8192 mean=8192 tokens
Request rate: 0.0 req/s  |  Max concurrency: 64

############################################################
  ROUND 1: Warmup (8 requests, max_concurrency=8)
############################################################

============================================================
  Round 1: Warmup
============================================================
  Requests:       8/8 succeeded
  Duration:       335.2 s
  Input tokens:   131072
  Output tokens:  65508

  TTFT    mean=28362.0ms  p50=27584.3ms  p99=30767.7ms
  TBT     mean=37.5ms  p50=36.9ms  p99=40.3ms
  TPOT    mean=37.5ms  p50=37.5ms  p99=37.9ms
  E2E     mean=335159.7ms  p50=335122.8ms  p99=335237.0ms
  Throughput: 195.4 tok/s  0.02 req/s

Pausing 3.0s between rounds...

############################################################
  ROUND 2: Measurement (repeated requests on warm cache)
############################################################

============================================================
  Round 2: Warm Measurement
============================================================
  Requests:       128/128 succeeded
  Duration:       959.3 s
  Input tokens:   2097152
  Output tokens:  987875

  TTFT    mean=9917.0ms  p50=7224.3ms  p99=17363.1ms
  TBT     mean=60.9ms  p50=55.1ms  p99=167.4ms
  TPOT    mean=66.1ms  p50=57.1ms  p99=173.6ms
  E2E     mean=479638.9ms  p50=479640.0ms  p99=484575.0ms
  Throughput: 1029.8 tok/s  0.13 req/s

============================================================
  COMPARISON: Round 2 vs Round 1
============================================================
  Note: Round 1 is unique-only warmup, Round 2 is full repeated-load measurement; throughput is not directly comparable.
  TTFT speedup:      2.86x  (28362.0 -> 9917.0 ms)
  TBT speedup:       0.62x  (37.5 -> 60.9 ms)
  E2E speedup:       0.70x  (335159.7 -> 479638.9 ms)

Results saved to exp-new/rdma_0417/p3_03_rdma2nic_l0_ctx16k_conc64_r2fix8k_n128.json
