You are using a model of type `deepseek_v32` to instantiate a model of type ``. This may be expected if you are loading a checkpoint that shares a subset of the architecture (e.g., loading a `sam2_video` checkpoint into `Sam2Model`), but is otherwise not supported and can yield errors. Please verify that the checkpoint is compatible with the model you are instantiating.
Token indices sequence length is longer than the specified maximum sequence length for this model (2417031 > 131072). Running this sequence through the model will result in indexing errors
Loading tokenizer...
Building 1 unique synthetic prompts (~131072 tokens in, 8192 out)...
  Server dp_size: 8
  Unique prompts: 1
  Round 1 requests: 8 (1 unique x 8 copies for 8 DP ranks)
  Round 2 requests: 128 (repeat_mode=interleaved)
  Round 2 output tokens: fixed at 8192
  Prompt length: min=131072 max=131072 mean=131072 tokens
  Output length: min=8192 max=8192 mean=8192 tokens
Request rate: 0.0 req/s  |  Max concurrency: 64

############################################################
  ROUND 1: Warmup (8 requests, max_concurrency=8)
############################################################

============================================================
  Round 1: Warmup
============================================================
  Requests:       8/8 succeeded
  Duration:       602.2 s
  Input tokens:   1048576
  Output tokens:  65536

  TTFT    mean=245284.6ms  p50=247704.8ms  p99=247714.6ms
  TBT     mean=43.6ms  p50=40.9ms  p99=45.8ms
  TPOT    mean=43.6ms  p50=43.3ms  p99=45.5ms
  E2E     mean=602178.9ms  p50=602212.6ms  p99=602225.8ms
  Throughput: 108.8 tok/s  0.01 req/s

Pausing 3.0s between rounds...

############################################################
  ROUND 2: Measurement (repeated requests on warm cache)
############################################################

============================================================
  Round 2: Warm Measurement
============================================================
  Requests:       128/128 succeeded
  Duration:       1393.2 s
  Input tokens:   16777216
  Output tokens:  1037920

  TTFT    mean=31802.1ms  p50=33494.9ms  p99=34566.4ms
  TBT     mean=82.0ms  p50=64.2ms  p99=74.9ms
  TPOT    mean=82.5ms  p50=81.3ms  p99=122.0ms
  E2E     mean=696520.4ms  p50=696515.4ms  p99=700551.9ms
  Throughput: 745.0 tok/s  0.09 req/s

============================================================
  COMPARISON: Round 2 vs Round 1
============================================================
  Note: Round 1 is unique-only warmup, Round 2 is full repeated-load measurement; throughput is not directly comparable.
  TTFT speedup:      7.71x  (245284.6 -> 31802.1 ms)
  TBT speedup:       0.53x  (43.6 -> 82.0 ms)
  E2E speedup:       0.86x  (602178.9 -> 696520.4 ms)

Results saved to exp-new/rdma_0417/p3_12_rdma2nic_l0_ctx128k_conc64_r2fix8k_n128.json
