You are using a model of type `deepseek_v32` to instantiate a model of type ``. This may be expected if you are loading a checkpoint that shares a subset of the architecture (e.g., loading a `sam2_video` checkpoint into `Sam2Model`), but is otherwise not supported and can yield errors. Please verify that the checkpoint is compatible with the model you are instantiating.
Token indices sequence length is longer than the specified maximum sequence length for this model (2417031 > 131072). Running this sequence through the model will result in indexing errors
Loading tokenizer...
Building 1 unique synthetic prompts (~131072 tokens in, 4096 out)...
  Server dp_size: 8
  Unique prompts: 1
  Round 1 requests: 8 (1 unique x 8 copies for 8 DP ranks)
  Round 2 requests: 256 (repeat_mode=interleaved)
  Round 2 output tokens: fixed at 4096
  Prompt length: min=131072 max=131072 mean=131072 tokens
  Output length: min=4096 max=4096 mean=4096 tokens
Request rate: 0.0 req/s  |  Max concurrency: 64

############################################################
  ROUND 1: Warmup (8 requests, max_concurrency=8)
############################################################

============================================================
  Round 1: Warmup
============================================================
  Requests:       8/8 succeeded
  Duration:       433.4 s
  Input tokens:   1048576
  Output tokens:  31749

  TTFT    mean=245572.7ms  p50=248013.1ms  p99=248018.0ms
  TBT     mean=47.3ms  p50=40.6ms  p99=82.5ms
  TPOT    mean=47.9ms  p50=45.3ms  p99=65.0ms
  E2E     mean=433336.3ms  p50=433367.7ms  p99=433379.1ms
  Throughput: 73.3 tok/s  0.02 req/s

Pausing 3.0s between rounds...

############################################################
  ROUND 2: Measurement (repeated requests on warm cache)
############################################################

============================================================
  Round 2: Warm Measurement
============================================================
  Requests:       256/256 succeeded
  Duration:       1746.4 s
  Input tokens:   33554432
  Output tokens:  1042093

  TTFT    mean=38888.4ms  p50=34332.3ms  p99=50011.2ms
  TBT     mean=97.7ms  p50=63.2ms  p99=75.3ms
  TPOT    mean=98.2ms  p50=96.5ms  p99=135.7ms
  E2E     mean=436556.7ms  p50=437113.2ms  p99=446178.5ms
  Throughput: 596.7 tok/s  0.15 req/s

============================================================
  COMPARISON: Round 2 vs Round 1
============================================================
  Note: Round 1 is unique-only warmup, Round 2 is full repeated-load measurement; throughput is not directly comparable.
  TTFT speedup:      6.31x  (245572.7 -> 38888.4 ms)
  TBT speedup:       0.48x  (47.3 -> 97.7 ms)
  E2E speedup:       0.99x  (433336.3 -> 436556.7 ms)

Results saved to exp-new/rdma_0417/p3_11_rdma2nic_l0_ctx128k_conc64_r2fix4k_n256.json
