You are using a model of type `deepseek_v32` to instantiate a model of type ``. This may be expected if you are loading a checkpoint that shares a subset of the architecture (e.g., loading a `sam2_video` checkpoint into `Sam2Model`), but is otherwise not supported and can yield errors. Please verify that the checkpoint is compatible with the model you are instantiating.
Token indices sequence length is longer than the specified maximum sequence length for this model (2417031 > 131072). Running this sequence through the model will result in indexing errors
Loading tokenizer...
Building 1 unique synthetic prompts (~131072 tokens in, 2048 out)...
  Server dp_size: 8
  Unique prompts: 1
  Round 1 requests: 8 (1 unique x 8 copies for 8 DP ranks)
  Round 2 requests: 256 (repeat_mode=interleaved)
  Round 2 output tokens: fixed at 2048
  Prompt length: min=131072 max=131072 mean=131072 tokens
  Output length: min=2048 max=2048 mean=2048 tokens
Request rate: 0.0 req/s  |  Max concurrency: 64

############################################################
  ROUND 1: Warmup (8 requests, max_concurrency=8)
############################################################

============================================================
  Round 1: Warmup
============================================================
  Requests:       8/8 succeeded
  Duration:       351.6 s
  Input tokens:   1048576
  Output tokens:  16383

  TTFT    mean=244814.5ms  p50=247241.5ms  p99=247244.6ms
  TBT     mean=52.1ms  p50=42.2ms  p99=49.1ms
  TPOT    mean=52.1ms  p50=51.0ms  p99=59.7ms
  E2E     mean=351563.3ms  p50=351598.2ms  p99=351606.1ms
  Throughput: 46.6 tok/s  0.02 req/s

Pausing 3.0s between rounds...

############################################################
  ROUND 2: Measurement (repeated requests on warm cache)
############################################################

============================================================
  Round 2: Warm Measurement
============================================================
  Requests:       256/256 succeeded
  Duration:       1289.4 s
  Input tokens:   33554432
  Output tokens:  518829

  TTFT    mean=43579.6ms  p50=37630.6ms  p99=60408.4ms
  TBT     mean=137.6ms  p50=65.6ms  p99=122.9ms
  TPOT    mean=138.4ms  p50=136.6ms  p99=209.9ms
  E2E     mean=322308.8ms  p50=322744.1ms  p99=328760.4ms
  Throughput: 402.4 tok/s  0.20 req/s

============================================================
  COMPARISON: Round 2 vs Round 1
============================================================
  Note: Round 1 is unique-only warmup, Round 2 is full repeated-load measurement; throughput is not directly comparable.
  TTFT speedup:      5.62x  (244814.5 -> 43579.6 ms)
  TBT speedup:       0.38x  (52.1 -> 137.6 ms)
  E2E speedup:       1.09x  (351563.3 -> 322308.8 ms)

Results saved to exp-new/rdma_0417/p3_10_rdma2nic_l0_ctx128k_conc64_r2fix2k_n256.json
