You are using a model of type `deepseek_v32` to instantiate a model of type ``. This may be expected if you are loading a checkpoint that shares a subset of the architecture (e.g., loading a `sam2_video` checkpoint into `Sam2Model`), but is otherwise not supported and can yield errors. Please verify that the checkpoint is compatible with the model you are instantiating.
Token indices sequence length is longer than the specified maximum sequence length for this model (2417031 > 131072). Running this sequence through the model will result in indexing errors
Loading tokenizer...
Building 1 unique synthetic prompts (~131072 tokens in, 512 out)...
  Server dp_size: 8
  Unique prompts: 1
  Round 1 requests: 8 (1 unique x 8 copies for 8 DP ranks)
  Round 2 requests: 512 (repeat_mode=interleaved)
  Round 2 output tokens: uniform random in [0, 1024] (seed=42) (sampled 0 → 1 for API)
  Prompt length: min=131072 max=131072 mean=131072 tokens
  Output length: min=1 max=1023 mean=524 tokens
Request rate: 0.0 req/s  |  Max concurrency: 64

############################################################
  ROUND 1: Warmup (8 requests, max_concurrency=8)
############################################################

============================================================
  Round 1: Warmup
============================================================
  Requests:       8/8 succeeded
  Duration:       292.8 s
  Input tokens:   1048576
  Output tokens:  4095

  TTFT    mean=247910.2ms  p50=250656.9ms  p99=250662.5ms
  TBT     mean=87.8ms  p50=44.3ms  p99=57.9ms
  TPOT    mean=87.8ms  p50=82.5ms  p99=121.9ms
  E2E     mean=292755.0ms  p50=292789.3ms  p99=292799.2ms
  Throughput: 14.0 tok/s  0.03 req/s

Pausing 3.0s between rounds...

############################################################
  ROUND 2: Measurement (repeated requests on warm cache)
############################################################

============================================================
  Round 2: Warm Measurement
============================================================
  Requests:       132/512 succeeded
  Duration:       4288.2 s
  Input tokens:   17301504
  Output tokens:  37670

  TTFT    mean=17479.2ms  p50=16581.8ms  p99=40547.6ms
  TBT     mean=1105.1ms  p50=66.5ms  p99=19116.5ms
  TPOT    mean=2876.7ms  p50=2473.9ms  p99=10566.0ms
  E2E     mean=331738.1ms  p50=338453.3ms  p99=594208.4ms
  Throughput: 8.8 tok/s  0.03 req/s

============================================================
  COMPARISON: Round 2 vs Round 1
============================================================
  Note: Round 1 is unique-only warmup, Round 2 is full repeated-load measurement; throughput is not directly comparable.
  TTFT speedup:      14.18x  (247910.2 -> 17479.2 ms)
  TBT speedup:       0.08x  (87.8 -> 1105.1 ms)
  E2E speedup:       0.88x  (292755.0 -> 331738.1 ms)

Results saved to exp/exp_0410/rdma_local_0_ctx128k.json
