You are using a model of type `deepseek_v32` to instantiate a model of type ``. This may be expected if you are loading a checkpoint that shares a subset of the architecture (e.g., loading a `sam2_video` checkpoint into `Sam2Model`), but is otherwise not supported and can yield errors. Please verify that the checkpoint is compatible with the model you are instantiating.
Token indices sequence length is longer than the specified maximum sequence length for this model (314436 > 131072). Running this sequence through the model will result in indexing errors
Loading tokenizer...
Building 1 unique synthetic prompts (~16384 tokens in, 512 out)...
  Server dp_size: 8
  Unique prompts: 1
  Round 1 requests: 8 (1 unique x 8 copies for 8 DP ranks)
  Round 2 requests: 512 (repeat_mode=interleaved)
  Round 2 output tokens: uniform random in [0, 1024] (seed=42) (sampled 0 → 1 for API)
  Prompt length: min=16384 max=16384 mean=16384 tokens
  Output length: min=1 max=1023 mean=524 tokens
Request rate: 0.0 req/s  |  Max concurrency: 64

############################################################
  ROUND 1: Warmup (8 requests, max_concurrency=8)
############################################################

============================================================
  Round 1: Warmup
============================================================
  Requests:       8/8 succeeded
  Duration:       52.7 s
  Input tokens:   131072
  Output tokens:  4096

  TTFT    mean=28264.0ms  p50=27980.5ms  p99=30920.2ms
  TBT     mean=47.7ms  p50=38.0ms  p99=52.2ms
  TPOT    mean=47.7ms  p50=48.2ms  p99=54.7ms
  E2E     mean=52618.0ms  p50=52595.8ms  p99=52706.1ms
  Throughput: 77.7 tok/s  0.15 req/s

Pausing 3.0s between rounds...

############################################################
  ROUND 2: Measurement (repeated requests on warm cache)
############################################################

============================================================
  Round 2: Warm Measurement
============================================================
  Requests:       512/512 succeeded
  Duration:       1176.9 s
  Input tokens:   8388608
  Output tokens:  261756

  TTFT    mean=2366.9ms  p50=461.7ms  p99=15883.1ms
  TBT     mean=277.7ms  p50=69.7ms  p99=2153.2ms
  TPOT    mean=312.6ms  p50=292.7ms  p99=944.1ms
  E2E     mean=144075.2ms  p50=136270.2ms  p99=300364.3ms
  Throughput: 222.4 tok/s  0.44 req/s

============================================================
  COMPARISON: Round 2 vs Round 1
============================================================
  Note: Round 1 is unique-only warmup, Round 2 is full repeated-load measurement; throughput is not directly comparable.
  TTFT speedup:      11.94x  (28264.0 -> 2366.9 ms)
  TBT speedup:       0.17x  (47.7 -> 277.7 ms)
  E2E speedup:       0.37x  (52618.0 -> 144075.2 ms)

Results saved to exp/exp_0410/rdma_local_0_ctx16k.json
