You are using a model of type `deepseek_v32` to instantiate a model of type ``. This may be expected if you are loading a checkpoint that shares a subset of the architecture (e.g., loading a `sam2_video` checkpoint into `Sam2Model`), but is otherwise not supported and can yield errors. Please verify that the checkpoint is compatible with the model you are instantiating.
Token indices sequence length is longer than the specified maximum sequence length for this model (614791 > 131072). Running this sequence through the model will result in indexing errors
Loading tokenizer...
Building 1 unique synthetic prompts (~32768 tokens in, 512 out)...
  Server dp_size: 8
  Unique prompts: 1
  Round 1 requests: 8 (1 unique x 8 copies for 8 DP ranks)
  Round 2 requests: 320 (repeat_mode=interleaved)
  Round 2 output tokens: uniform random in [0, 1024] (seed=42) (sampled 0 → 1 for API)
  Prompt length: min=32768 max=32768 mean=32768 tokens
  Output length: min=1 max=1020 mean=510 tokens
Request rate: 0.0 req/s  |  Max concurrency: 160

############################################################
  ROUND 1: Warmup (8 requests, max_concurrency=8)
############################################################

============================================================
  Round 1: Warmup
============================================================
  Requests:       8/8 succeeded
  Duration:       73.8 s
  Input tokens:   262144
  Output tokens:  4096

  TTFT    mean=52184.5ms  p50=52878.4ms  p99=52880.3ms
  TBT     mean=42.2ms  p50=40.5ms  p99=45.6ms
  TPOT    mean=42.2ms  p50=40.9ms  p99=46.1ms
  E2E     mean=73742.8ms  p50=73794.1ms  p99=73796.8ms
  Throughput: 55.5 tok/s  0.11 req/s

Pausing 3.0s between rounds...

############################################################
  ROUND 2: Measurement (repeated requests on warm cache)
############################################################

============================================================
  Round 2: Warm Measurement
============================================================
  Requests:       320/320 succeeded
  Duration:       143.7 s
  Input tokens:   10485760
  Output tokens:  163276

  TTFT    mean=1939.3ms  p50=2118.3ms  p99=3890.4ms
  TBT     mean=101.5ms  p50=93.4ms  p99=242.6ms
  TPOT    mean=105.9ms  p50=109.1ms  p99=152.4ms
  E2E     mean=53630.5ms  p50=52210.2ms  p99=106641.6ms
  Throughput: 1136.3 tok/s  2.23 req/s

============================================================
  COMPARISON: Round 2 vs Round 1
============================================================
  Note: Round 1 is unique-only warmup, Round 2 is full repeated-load measurement; throughput is not directly comparable.
  TTFT speedup:      26.91x  (52184.5 -> 1939.3 ms)
  TBT speedup:       0.42x  (42.2 -> 101.5 ms)
  E2E speedup:       1.38x  (73742.8 -> 53630.5 ms)

Results saved to exp-new/high_con_0505/02_dram_ctx32k_conc160_n320.json
