You are using a model of type `deepseek_v32` to instantiate a model of type ``. This may be expected if you are loading a checkpoint that shares a subset of the architecture (e.g., loading a `sam2_video` checkpoint into `Sam2Model`), but is otherwise not supported and can yield errors. Please verify that the checkpoint is compatible with the model you are instantiating.
Token indices sequence length is longer than the specified maximum sequence length for this model (1215556 > 131072). Running this sequence through the model will result in indexing errors
Loading tokenizer...
Building 1 unique synthetic prompts (~65536 tokens in, 512 out)...
  Server dp_size: 8
  Unique prompts: 1
  Round 1 requests: 8 (1 unique x 8 copies for 8 DP ranks)
  Round 2 requests: 256 (repeat_mode=interleaved)
  Round 2 output tokens: uniform random in [0, 1024] (seed=42) (sampled 0 → 1 for API)
  Prompt length: min=65536 max=65536 mean=65536 tokens
  Output length: min=1 max=1012 mean=511 tokens
Request rate: 0.0 req/s  |  Max concurrency: 128

############################################################
  ROUND 1: Warmup (8 requests, max_concurrency=8)
############################################################

============================================================
  Round 1: Warmup
============================================================
  Requests:       8/8 succeeded
  Duration:       130.0 s
  Input tokens:   524288
  Output tokens:  4096

  TTFT    mean=107624.9ms  p50=108248.3ms  p99=108249.5ms
  TBT     mean=43.6ms  p50=41.9ms  p99=46.3ms
  TPOT    mean=43.6ms  p50=42.5ms  p99=48.3ms
  E2E     mean=129912.0ms  p50=129959.8ms  p99=129963.7ms
  Throughput: 31.5 tok/s  0.06 req/s

Pausing 3.0s between rounds...

############################################################
  ROUND 2: Measurement (repeated requests on warm cache)
############################################################

============================================================
  Round 2: Warm Measurement
============================================================
  Requests:       256/256 succeeded
  Duration:       144.1 s
  Input tokens:   16777216
  Output tokens:  130888

  TTFT    mean=2707.9ms  p50=2825.3ms  p99=5006.2ms
  TBT     mean=101.3ms  p50=95.8ms  p99=243.4ms
  TPOT    mean=103.2ms  p50=107.6ms  p99=122.0ms
  E2E     mean=54417.1ms  p50=53103.4ms  p99=107922.7ms
  Throughput: 908.0 tok/s  1.78 req/s

============================================================
  COMPARISON: Round 2 vs Round 1
============================================================
  Note: Round 1 is unique-only warmup, Round 2 is full repeated-load measurement; throughput is not directly comparable.
  TTFT speedup:      39.74x  (107624.9 -> 2707.9 ms)
  TBT speedup:       0.43x  (43.6 -> 101.3 ms)
  E2E speedup:       2.39x  (129912.0 -> 54417.1 ms)

Results saved to exp-new/high_con_0505/04_dram_ctx64k_conc128_n256.json
