You are using a model of type `deepseek_v32` to instantiate a model of type ``. This may be expected if you are loading a checkpoint that shares a subset of the architecture (e.g., loading a `sam2_video` checkpoint into `Sam2Model`), but is otherwise not supported and can yield errors. Please verify that the checkpoint is compatible with the model you are instantiating.
Token indices sequence length is longer than the specified maximum sequence length for this model (1215556 > 131072). Running this sequence through the model will result in indexing errors
Loading tokenizer...
Building 1 unique synthetic prompts (~65536 tokens in, 512 out)...
  Server dp_size: 8
  Unique prompts: 1
  Round 1 requests: 8 (1 unique x 8 copies for 8 DP ranks)
  Round 2 requests: 384 (repeat_mode=interleaved)
  Round 2 output tokens: uniform random in [0, 1024] (seed=42) (sampled 0 → 1 for API)
  Prompt length: min=65536 max=65536 mean=65536 tokens
  Output length: min=1 max=1020 mean=516 tokens
Request rate: 0.0 req/s  |  Max concurrency: 192

############################################################
  ROUND 1: Warmup (8 requests, max_concurrency=8)
############################################################

============================================================
  Round 1: Warmup
============================================================
  Requests:       8/8 succeeded
  Duration:       129.5 s
  Input tokens:   524288
  Output tokens:  4096

  TTFT    mean=107783.4ms  p50=108205.4ms  p99=108206.9ms
  TBT     mean=42.4ms  p50=41.1ms  p99=45.6ms
  TPOT    mean=42.4ms  p50=41.6ms  p99=47.4ms
  E2E     mean=129448.8ms  p50=129475.5ms  p99=129478.4ms
  Throughput: 31.6 tok/s  0.06 req/s

Pausing 3.0s between rounds...

############################################################
  ROUND 2: Measurement (repeated requests on warm cache)
############################################################

============================================================
  Round 2: Warm Measurement
============================================================
  Requests:       139/384 succeeded
  Duration:       83.2 s
  Input tokens:   9109504
  Output tokens:  37133

  TTFT    mean=5762.8ms  p50=7448.8ms  p99=7585.9ms
  TBT     mean=130.2ms  p50=119.0ms  p99=272.9ms
  TPOT    mean=127.3ms  p50=130.1ms  p99=146.4ms
  E2E     mean=40423.7ms  p50=37822.9ms  p99=81539.2ms
  Throughput: 446.6 tok/s  1.67 req/s

============================================================
  COMPARISON: Round 2 vs Round 1
============================================================
  Note: Round 1 is unique-only warmup, Round 2 is full repeated-load measurement; throughput is not directly comparable.
  TTFT speedup:      18.70x  (107783.4 -> 5762.8 ms)
  TBT speedup:       0.33x  (42.4 -> 130.2 ms)
  E2E speedup:       3.20x  (129448.8 -> 40423.7 ms)

Results saved to exp-new/high_con_0505/06_dram_ctx64k_conc192_n384.json
