You are using a model of type `deepseek_v32` to instantiate a model of type ``. This may be expected if you are loading a checkpoint that shares a subset of the architecture (e.g., loading a `sam2_video` checkpoint into `Sam2Model`), but is otherwise not supported and can yield errors. Please verify that the checkpoint is compatible with the model you are instantiating.
Token indices sequence length is longer than the specified maximum sequence length for this model (2417031 > 131072). Running this sequence through the model will result in indexing errors
Loading tokenizer...
Building 1 unique synthetic prompts (~131072 tokens in, 512 out)...
  Server dp_size: 8
  Unique prompts: 1
  Round 1 requests: 8 (1 unique x 8 copies for 8 DP ranks)
  Round 2 requests: 256 (repeat_mode=interleaved)
  Round 2 output tokens: uniform random in [0, 1024] (seed=42) (sampled 0 → 1 for API)
  Prompt length: min=131072 max=131072 mean=131072 tokens
  Output length: min=1 max=1012 mean=511 tokens
Request rate: 0.0 req/s  |  Max concurrency: 128

############################################################
  ROUND 1: Warmup (8 requests, max_concurrency=8)
############################################################

============================================================
  Round 1: Warmup
============================================================
  Requests:       8/8 succeeded
  Duration:       255.8 s
  Input tokens:   1048576
  Output tokens:  4096

  TTFT    mean=232432.0ms  p50=232926.0ms  p99=232929.3ms
  TBT     mean=45.4ms  p50=43.7ms  p99=48.3ms
  TPOT    mean=45.4ms  p50=44.5ms  p99=51.2ms
  E2E     mean=255649.6ms  p50=255678.9ms  p99=255740.1ms
  Throughput: 16.0 tok/s  0.03 req/s

Pausing 3.0s between rounds...

############################################################
  ROUND 2: Measurement (repeated requests on warm cache)
############################################################

============================================================
  Round 2: Warm Measurement
============================================================
  Requests:       39/256 succeeded
  Duration:       49.9 s
  Input tokens:   5111808
  Output tokens:  5068

  TTFT    mean=9017.6ms  p50=9918.4ms  p99=10094.4ms
  TBT     mean=126.1ms  p50=113.5ms  p99=302.8ms
  TPOT    mean=115.0ms  p50=127.0ms  p99=138.4ms
  E2E     mean=25278.0ms  p50=23626.2ms  p99=46746.7ms
  Throughput: 101.6 tok/s  0.78 req/s

============================================================
  COMPARISON: Round 2 vs Round 1
============================================================
  Note: Round 1 is unique-only warmup, Round 2 is full repeated-load measurement; throughput is not directly comparable.
  TTFT speedup:      25.78x  (232432.0 -> 9017.6 ms)
  TBT speedup:       0.36x  (45.4 -> 126.1 ms)
  E2E speedup:       10.11x  (255649.6 -> 25278.0 ms)

Results saved to exp-new/high_con_0505/07_dram_ctx128k_conc128_n256.json
