You are using a model of type `deepseek_v32` to instantiate a model of type ``. This may be expected if you are loading a checkpoint that shares a subset of the architecture (e.g., loading a `sam2_video` checkpoint into `Sam2Model`), but is otherwise not supported and can yield errors. Please verify that the checkpoint is compatible with the model you are instantiating.
Token indices sequence length is longer than the specified maximum sequence length for this model (2417031 > 131072). Running this sequence through the model will result in indexing errors
Loading tokenizer...
Building 1 unique synthetic prompts (~131072 tokens in, 512 out)...
  Server dp_size: 8
  Unique prompts: 1
  Round 1 requests: 8 (1 unique x 8 copies for 8 DP ranks)
  Round 2 requests: 384 (repeat_mode=interleaved)
  Round 2 output tokens: uniform random in [0, 1024] (seed=42) (sampled 0 → 1 for API)
  Prompt length: min=131072 max=131072 mean=131072 tokens
  Output length: min=1 max=1020 mean=516 tokens
Request rate: 0.0 req/s  |  Max concurrency: 192

############################################################
  ROUND 1: Warmup (8 requests, max_concurrency=8)
############################################################

============================================================
  Round 1: Warmup
============================================================
  Requests:       8/8 succeeded
  Duration:       255.6 s
  Input tokens:   1048576
  Output tokens:  4096

  TTFT    mean=232022.3ms  p50=232516.6ms  p99=232518.8ms
  TBT     mean=46.0ms  p50=44.2ms  p99=49.6ms
  TPOT    mean=46.0ms  p50=45.1ms  p99=51.7ms
  E2E     mean=255516.6ms  p50=255528.3ms  p99=255607.7ms
  Throughput: 16.0 tok/s  0.03 req/s

Pausing 3.0s between rounds...

############################################################
  ROUND 2: Measurement (repeated requests on warm cache)
############################################################

============================================================
  Round 2: Warm Measurement
============================================================
  Requests:       0/384 succeeded
  Duration:       13.3 s
  Input tokens:   0
  Output tokens:  0

  TTFT    mean=0.0ms  p50=0.0ms  p99=0.0ms
  TBT     mean=0.0ms  p50=0.0ms  p99=0.0ms
  TPOT    mean=0.0ms  p50=0.0ms  p99=0.0ms
  E2E     mean=0.0ms  p50=0.0ms  p99=0.0ms
  Throughput: 0.0 tok/s  0.00 req/s

============================================================
  COMPARISON: Round 2 vs Round 1
============================================================
  Note: Round 1 is unique-only warmup, Round 2 is full repeated-load measurement; throughput is not directly comparable.

Results saved to exp-new/high_con_0505/09_dram_ctx128k_conc192_n384.json
