You are using a model of type `deepseek_v32` to instantiate a model of type ``. This may be expected if you are loading a checkpoint that shares a subset of the architecture (e.g., loading a `sam2_video` checkpoint into `Sam2Model`), but is otherwise not supported and can yield errors. Please verify that the checkpoint is compatible with the model you are instantiating.
Token indices sequence length is longer than the specified maximum sequence length for this model (614791 > 131072). Running this sequence through the model will result in indexing errors
Loading tokenizer...
Building 1 unique synthetic prompts (~32768 tokens in, 512 out)...
  Server dp_size: 8
  Unique prompts: 1
  Round 1 requests: 8 (1 unique x 8 copies for 8 DP ranks)
  Round 2 requests: 384 (repeat_mode=interleaved)
  Round 2 output tokens: uniform random in [0, 1024] (seed=42) (sampled 0 → 1 for API)
  Prompt length: min=32768 max=32768 mean=32768 tokens
  Output length: min=1 max=1020 mean=516 tokens
Request rate: 0.0 req/s  |  Max concurrency: 192

############################################################
  ROUND 1: Warmup (8 requests, max_concurrency=8)
############################################################

============================================================
  Round 1: Warmup
============================================================
  Requests:       8/8 succeeded
  Duration:       75.5 s
  Input tokens:   262144
  Output tokens:  4096

  TTFT    mean=52309.0ms  p50=53042.1ms  p99=53043.6ms
  TBT     mean=45.2ms  p50=42.5ms  p99=47.5ms
  TPOT    mean=45.2ms  p50=43.9ms  p99=49.3ms
  E2E     mean=75395.0ms  p50=75446.3ms  p99=75447.7ms
  Throughput: 54.3 tok/s  0.11 req/s

Pausing 3.0s between rounds...

############################################################
  ROUND 2: Measurement (repeated requests on warm cache)
############################################################

============================================================
  Round 2: Warm Measurement
============================================================
  Requests:       384/384 succeeded
  Duration:       190.4 s
  Input tokens:   12582912
  Output tokens:  198278

  TTFT    mean=2633.9ms  p50=2628.4ms  p99=5624.2ms
  TBT     mean=141.2ms  p50=141.9ms  p99=312.6ms
  TPOT    mean=154.3ms  p50=157.5ms  p99=301.9ms
  E2E     mean=75415.1ms  p50=73004.6ms  p99=150716.0ms
  Throughput: 1041.4 tok/s  2.02 req/s

============================================================
  COMPARISON: Round 2 vs Round 1
============================================================
  Note: Round 1 is unique-only warmup, Round 2 is full repeated-load measurement; throughput is not directly comparable.
  TTFT speedup:      19.86x  (52309.0 -> 2633.9 ms)
  TBT speedup:       0.32x  (45.2 -> 141.2 ms)
  E2E speedup:       1.00x  (75395.0 -> 75415.1 ms)

Results saved to exp-new/high_con_0505/12_cxl_ctx32k_conc192_n384.json
