You are using a model of type `deepseek_v32` to instantiate a model of type ``. This may be expected if you are loading a checkpoint that shares a subset of the architecture (e.g., loading a `sam2_video` checkpoint into `Sam2Model`), but is otherwise not supported and can yield errors. Please verify that the checkpoint is compatible with the model you are instantiating.
Token indices sequence length is longer than the specified maximum sequence length for this model (2417031 > 131072). Running this sequence through the model will result in indexing errors
Loading tokenizer...
Building 1 unique synthetic prompts (~131072 tokens in, 512 out)...
  Server dp_size: 8
  Unique prompts: 1
  Round 1 requests: 8 (1 unique x 8 copies for 8 DP ranks)
  Round 2 requests: 256 (repeat_mode=interleaved)
  Round 2 output tokens: uniform random in [0, 1024] (seed=42) (sampled 0 → 1 for API)
  Prompt length: min=131072 max=131072 mean=131072 tokens
  Output length: min=1 max=1012 mean=511 tokens
Request rate: 0.0 req/s  |  Max concurrency: 128

############################################################
  ROUND 1: Warmup (8 requests, max_concurrency=8)
############################################################

============================================================
  Round 1: Warmup
============================================================
  Requests:       8/8 succeeded
  Duration:       259.2 s
  Input tokens:   1048576
  Output tokens:  4096

  TTFT    mean=232172.6ms  p50=232673.8ms  p99=232679.1ms
  TBT     mean=52.8ms  p50=45.9ms  p99=52.5ms
  TPOT    mean=52.8ms  p50=51.9ms  p99=58.6ms
  E2E     mean=259143.7ms  p50=259179.7ms  p99=259191.5ms
  Throughput: 15.8 tok/s  0.03 req/s

Pausing 3.0s between rounds...

############################################################
  ROUND 2: Measurement (repeated requests on warm cache)
############################################################

============================================================
  Round 2: Warm Measurement
============================================================
  Requests:       23/256 succeeded
  Duration:       41.8 s
  Input tokens:   3014656
  Output tokens:  1734

  TTFT    mean=9407.8ms  p50=10188.5ms  p99=10303.5ms
  TBT     mean=193.3ms  p50=191.2ms  p99=427.6ms
  TPOT    mean=181.3ms  p50=193.1ms  p99=204.3ms
  E2E     mean=23789.9ms  p50=23696.1ms  p99=40155.9ms
  Throughput: 41.5 tok/s  0.55 req/s

============================================================
  COMPARISON: Round 2 vs Round 1
============================================================
  Note: Round 1 is unique-only warmup, Round 2 is full repeated-load measurement; throughput is not directly comparable.
  TTFT speedup:      24.68x  (232172.6 -> 9407.8 ms)
  TBT speedup:       0.27x  (52.8 -> 193.3 ms)
  E2E speedup:       10.89x  (259143.7 -> 23789.9 ms)

Results saved to exp-new/high_con_0505/16_cxl_ctx128k_conc128_n256.json
