You are using a model of type `deepseek_v32` to instantiate a model of type ``. This may be expected if you are loading a checkpoint that shares a subset of the architecture (e.g., loading a `sam2_video` checkpoint into `Sam2Model`), but is otherwise not supported and can yield errors. Please verify that the checkpoint is compatible with the model you are instantiating.
Token indices sequence length is longer than the specified maximum sequence length for this model (614791 > 131072). Running this sequence through the model will result in indexing errors
Loading tokenizer...
Building 1 unique synthetic prompts (~32768 tokens in, 512 out)...
  Server dp_size: 8
  Unique prompts: 1
  Round 1 requests: 8 (1 unique x 8 copies for 8 DP ranks)
  Round 2 requests: 320 (repeat_mode=interleaved)
  Round 2 output tokens: uniform random in [0, 1024] (seed=42) (sampled 0 → 1 for API)
  Prompt length: min=32768 max=32768 mean=32768 tokens
  Output length: min=1 max=1020 mean=510 tokens
Request rate: 0.0 req/s  |  Max concurrency: 160

############################################################
  ROUND 1: Warmup (8 requests, max_concurrency=8)
############################################################

============================================================
  Round 1: Warmup
============================================================
  Requests:       8/8 succeeded
  Duration:       85.6 s
  Input tokens:   262144
  Output tokens:  4096

  TTFT    mean=58528.4ms  p50=61284.5ms  p99=61285.8ms
  TBT     mean=52.9ms  p50=38.5ms  p99=52.5ms
  TPOT    mean=52.9ms  p50=47.6ms  p99=68.4ms
  E2E     mean=85571.5ms  p50=85620.7ms  p99=85621.9ms
  Throughput: 47.8 tok/s  0.09 req/s

Pausing 3.0s between rounds...

############################################################
  ROUND 2: Measurement (repeated requests on warm cache)
############################################################

============================================================
  Round 2: Warm Measurement
============================================================
  Requests:       320/320 succeeded
  Duration:       865.1 s
  Input tokens:   10485760
  Output tokens:  160788

  TTFT    mean=22836.6ms  p50=10110.4ms  p99=109679.8ms
  TBT     mean=781.4ms  p50=95.8ms  p99=5211.0ms
  TPOT    mean=1032.0ms  p50=953.7ms  p99=5195.9ms
  E2E     mean=414697.4ms  p50=377109.2ms  p99=828817.4ms
  Throughput: 185.9 tok/s  0.37 req/s

============================================================
  COMPARISON: Round 2 vs Round 1
============================================================
  Note: Round 1 is unique-only warmup, Round 2 is full repeated-load measurement; throughput is not directly comparable.
  TTFT speedup:      2.56x  (58528.4 -> 22836.6 ms)
  TBT speedup:       0.07x  (52.9 -> 781.4 ms)
  E2E speedup:       0.21x  (85571.5 -> 414697.4 ms)

Results saved to exp-new/high_con_0505/20_rdma_ctx32k_conc160_n320.json
