You are using a model of type `deepseek_v32` to instantiate a model of type ``. This may be expected if you are loading a checkpoint that shares a subset of the architecture (e.g., loading a `sam2_video` checkpoint into `Sam2Model`), but is otherwise not supported and can yield errors. Please verify that the checkpoint is compatible with the model you are instantiating.
Token indices sequence length is longer than the specified maximum sequence length for this model (614791 > 131072). Running this sequence through the model will result in indexing errors
Loading tokenizer...
Building 1 unique synthetic prompts (~32768 tokens in, 512 out)...
  Server dp_size: 8
  Unique prompts: 1
  Round 1 requests: 8 (1 unique x 8 copies for 8 DP ranks)
  Round 2 requests: 384 (repeat_mode=interleaved)
  Round 2 output tokens: uniform random in [0, 1024] (seed=42) (sampled 0 → 1 for API)
  Prompt length: min=32768 max=32768 mean=32768 tokens
  Output length: min=1 max=1020 mean=516 tokens
Request rate: 0.0 req/s  |  Max concurrency: 192

############################################################
  ROUND 1: Warmup (8 requests, max_concurrency=8)
############################################################

============================================================
  Round 1: Warmup
============================================================
  Requests:       8/8 succeeded
  Duration:       84.6 s
  Input tokens:   262144
  Output tokens:  3998

  TTFT    mean=58450.3ms  p50=60442.6ms  p99=60443.3ms
  TBT     mean=52.4ms  p50=38.3ms  p99=77.3ms
  TPOT    mean=52.6ms  p50=47.4ms  p99=67.1ms
  E2E     mean=84601.7ms  p50=84636.4ms  p99=84638.1ms
  Throughput: 47.2 tok/s  0.09 req/s

Pausing 3.0s between rounds...

############################################################
  ROUND 2: Measurement (repeated requests on warm cache)
############################################################

============================================================
  Round 2: Warm Measurement
============================================================
  Requests:       384/384 succeeded
  Duration:       898.3 s
  Input tokens:   12582912
  Output tokens:  195494

  TTFT    mean=24631.2ms  p50=8581.5ms  p99=102731.1ms
  TBT     mean=800.0ms  p50=108.6ms  p99=7914.4ms
  TPOT    mean=1111.3ms  p50=957.3ms  p99=5116.3ms
  E2E     mean=431090.3ms  p50=392360.4ms  p99=861384.3ms
  Throughput: 217.6 tok/s  0.43 req/s

============================================================
  COMPARISON: Round 2 vs Round 1
============================================================
  Note: Round 1 is unique-only warmup, Round 2 is full repeated-load measurement; throughput is not directly comparable.
  TTFT speedup:      2.37x  (58450.3 -> 24631.2 ms)
  TBT speedup:       0.07x  (52.4 -> 800.0 ms)
  E2E speedup:       0.20x  (84601.7 -> 431090.3 ms)

Results saved to exp-new/high_con_0505/21_rdma_ctx32k_conc192_n384.json
