You are using a model of type `deepseek_v32` to instantiate a model of type ``. This may be expected if you are loading a checkpoint that shares a subset of the architecture (e.g., loading a `sam2_video` checkpoint into `Sam2Model`), but is otherwise not supported and can yield errors. Please verify that the checkpoint is compatible with the model you are instantiating.
Token indices sequence length is longer than the specified maximum sequence length for this model (1215556 > 131072). Running this sequence through the model will result in indexing errors
Loading tokenizer...
Building 1 unique synthetic prompts (~65536 tokens in, 512 out)...
  Server dp_size: 8
  Unique prompts: 1
  Round 1 requests: 8 (1 unique x 8 copies for 8 DP ranks)
  Round 2 requests: 320 (repeat_mode=interleaved)
  Round 2 output tokens: uniform random in [0, 1024] (seed=42) (sampled 0 → 1 for API)
  Prompt length: min=65536 max=65536 mean=65536 tokens
  Output length: min=1 max=1020 mean=510 tokens
Request rate: 0.0 req/s  |  Max concurrency: 160

############################################################
  ROUND 1: Warmup (8 requests, max_concurrency=8)
############################################################

============================================================
  Round 1: Warmup
============================================================
  Requests:       8/8 succeeded
  Duration:       152.9 s
  Input tokens:   524288
  Output tokens:  3970

  TTFT    mean=120351.9ms  p50=123838.2ms  p99=123839.0ms
  TBT     mean=65.6ms  p50=39.3ms  p99=80.5ms
  TPOT    mean=67.3ms  p50=56.8ms  p99=119.8ms
  E2E     mean=152825.6ms  p50=152871.4ms  p99=152875.7ms
  Throughput: 26.0 tok/s  0.05 req/s

Pausing 3.0s between rounds...

############################################################
  ROUND 2: Measurement (repeated requests on warm cache)
############################################################

============================================================
  Round 2: Warm Measurement
============================================================
  Requests:       320/320 succeeded
  Duration:       1469.1 s
  Input tokens:   20971520
  Output tokens:  160687

  TTFT    mean=48738.8ms  p50=16191.8ms  p99=212021.7ms
  TBT     mean=1331.7ms  p50=100.6ms  p99=8333.5ms
  TPOT    mean=1794.3ms  p50=1624.3ms  p99=10171.4ms
  E2E     mean=716122.2ms  p50=656698.6ms  p99=1431780.9ms
  Throughput: 109.4 tok/s  0.22 req/s

============================================================
  COMPARISON: Round 2 vs Round 1
============================================================
  Note: Round 1 is unique-only warmup, Round 2 is full repeated-load measurement; throughput is not directly comparable.
  TTFT speedup:      2.47x  (120351.9 -> 48738.8 ms)
  TBT speedup:       0.05x  (65.6 -> 1331.7 ms)
  E2E speedup:       0.21x  (152825.6 -> 716122.2 ms)

Results saved to exp-new/high_con_0505/23_rdma_ctx64k_conc160_n320.json
