You are using a model of type `deepseek_v32` to instantiate a model of type ``. This may be expected if you are loading a checkpoint that shares a subset of the architecture (e.g., loading a `sam2_video` checkpoint into `Sam2Model`), but is otherwise not supported and can yield errors. Please verify that the checkpoint is compatible with the model you are instantiating.
Token indices sequence length is longer than the specified maximum sequence length for this model (1215556 > 131072). Running this sequence through the model will result in indexing errors
Loading tokenizer...
Building 1 unique synthetic prompts (~65536 tokens in, 512 out)...
  Server dp_size: 8
  Unique prompts: 1
  Round 1 requests: 8 (1 unique x 8 copies for 8 DP ranks)
  Round 2 requests: 384 (repeat_mode=interleaved)
  Round 2 output tokens: uniform random in [0, 1024] (seed=42) (sampled 0 → 1 for API)
  Prompt length: min=65536 max=65536 mean=65536 tokens
  Output length: min=1 max=1020 mean=516 tokens
Request rate: 0.0 req/s  |  Max concurrency: 192

############################################################
  ROUND 1: Warmup (8 requests, max_concurrency=8)
############################################################

============================================================
  Round 1: Warmup
============================================================
  Requests:       8/8 succeeded
  Duration:       152.4 s
  Input tokens:   524288
  Output tokens:  4096

  TTFT    mean=120347.1ms  p50=123835.7ms  p99=123836.5ms
  TBT     mean=62.6ms  p50=38.4ms  p99=56.4ms
  TPOT    mean=62.6ms  p50=55.9ms  p99=90.6ms
  E2E     mean=152358.9ms  p50=152404.4ms  p99=152407.8ms
  Throughput: 26.9 tok/s  0.05 req/s

Pausing 3.0s between rounds...

############################################################
  ROUND 2: Measurement (repeated requests on warm cache)
############################################################

============================================================
  Round 2: Warm Measurement
============================================================
  Requests:       384/384 succeeded
  Duration:       1638.8 s
  Input tokens:   25165824
  Output tokens:  195867

  TTFT    mean=56785.2ms  p50=16229.1ms  p99=207211.4ms
  TBT     mean=1460.7ms  p50=114.5ms  p99=15423.6ms
  TPOT    mean=1975.1ms  p50=1738.7ms  p99=8617.9ms
  E2E     mean=800368.4ms  p50=708284.4ms  p99=1599839.1ms
  Throughput: 119.5 tok/s  0.23 req/s

============================================================
  COMPARISON: Round 2 vs Round 1
============================================================
  Note: Round 1 is unique-only warmup, Round 2 is full repeated-load measurement; throughput is not directly comparable.
  TTFT speedup:      2.12x  (120347.1 -> 56785.2 ms)
  TBT speedup:       0.04x  (62.6 -> 1460.7 ms)
  E2E speedup:       0.19x  (152358.9 -> 800368.4 ms)

Results saved to exp-new/high_con_0505/24_rdma_ctx64k_conc192_n384.json
