You are using a model of type `deepseek_v32` to instantiate a model of type ``. This may be expected if you are loading a checkpoint that shares a subset of the architecture (e.g., loading a `sam2_video` checkpoint into `Sam2Model`), but is otherwise not supported and can yield errors. Please verify that the checkpoint is compatible with the model you are instantiating.
Token indices sequence length is longer than the specified maximum sequence length for this model (2417031 > 131072). Running this sequence through the model will result in indexing errors
Loading tokenizer...
Building 1 unique synthetic prompts (~131072 tokens in, 512 out)...
  Server dp_size: 8
  Unique prompts: 1
  Round 1 requests: 8 (1 unique x 8 copies for 8 DP ranks)
  Round 2 requests: 256 (repeat_mode=interleaved)
  Round 2 output tokens: uniform random in [0, 1024] (seed=42) (sampled 0 → 1 for API)
  Prompt length: min=131072 max=131072 mean=131072 tokens
  Output length: min=1 max=1012 mean=511 tokens
Request rate: 0.0 req/s  |  Max concurrency: 128

############################################################
  ROUND 1: Warmup (8 requests, max_concurrency=8)
############################################################

============================================================
  Round 1: Warmup
============================================================
  Requests:       8/8 succeeded
  Duration:       287.9 s
  Input tokens:   1048576
  Output tokens:  4096

  TTFT    mean=245592.9ms  p50=248015.6ms  p99=248018.9ms
  TBT     mean=82.8ms  p50=43.0ms  p99=60.6ms
  TPOT    mean=82.8ms  p50=78.1ms  p99=112.9ms
  E2E     mean=287900.9ms  p50=287935.5ms  p99=287942.4ms
  Throughput: 14.2 tok/s  0.03 req/s

Pausing 3.0s between rounds...

############################################################
  ROUND 2: Measurement (repeated requests on warm cache)
############################################################

============================================================
  Round 2: Warm Measurement
============================================================
  Requests:       31/256 succeeded
  Duration:       833.2 s
  Input tokens:   4063232
  Output tokens:  3273

  TTFT    mean=105429.4ms  p50=116687.8ms  p99=116979.1ms
  TBT     mean=4398.7ms  p50=111.6ms  p99=32263.0ms
  TPOT    mean=8986.2ms  p50=4758.1ms  p99=74187.1ms
  E2E     mean=565446.4ms  p50=561382.3ms  p99=827271.7ms
  Throughput: 3.9 tok/s  0.04 req/s

============================================================
  COMPARISON: Round 2 vs Round 1
============================================================
  Note: Round 1 is unique-only warmup, Round 2 is full repeated-load measurement; throughput is not directly comparable.
  TTFT speedup:      2.33x  (245592.9 -> 105429.4 ms)
  TBT speedup:       0.02x  (82.8 -> 4398.7 ms)
  E2E speedup:       0.51x  (287900.9 -> 565446.4 ms)

Results saved to exp-new/high_con_0505/25_rdma_ctx128k_conc128_n256.json
