You are using a model of type `deepseek_v32` to instantiate a model of type ``. This may be expected if you are loading a checkpoint that shares a subset of the architecture (e.g., loading a `sam2_video` checkpoint into `Sam2Model`), but is otherwise not supported and can yield errors. Please verify that the checkpoint is compatible with the model you are instantiating.
Token indices sequence length is longer than the specified maximum sequence length for this model (314436 > 131072). Running this sequence through the model will result in indexing errors
Loading tokenizer...
Building 1 unique synthetic prompts (~16384 tokens in, 1024 out)...
  Server dp_size: 8
  Unique prompts: 1
  Round 1 requests: 8 (1 unique x 8 copies for 8 DP ranks)
  Round 2 requests: 16 (repeat_mode=interleaved)
  Round 2 output tokens: fixed at 1024
  Prompt length: min=16384 max=16384 mean=16384 tokens
  Output length: min=1024 max=1024 mean=1024 tokens
Request rate: 0.0 req/s  |  Max concurrency: 8

############################################################
  ROUND 1: Warmup (8 requests, max_concurrency=8)
############################################################

============================================================
  Round 1: Warmup
============================================================
  Requests:       0/8 succeeded
  Duration:       2.4 s
  Input tokens:   0
  Output tokens:  0

  TTFT    mean=0.0ms  p50=0.0ms  p99=0.0ms
  TBT     mean=0.0ms  p50=0.0ms  p99=0.0ms
  TPOT    mean=0.0ms  p50=0.0ms  p99=0.0ms
  E2E     mean=0.0ms  p50=0.0ms  p99=0.0ms
  Throughput: 0.0 tok/s  0.00 req/s

Pausing 3.0s between rounds...

############################################################
  ROUND 2: Measurement (repeated requests on warm cache)
############################################################

============================================================
  Round 2: Warm Measurement
============================================================
  Requests:       0/16 succeeded
  Duration:       0.0 s
  Input tokens:   0
  Output tokens:  0

  TTFT    mean=0.0ms  p50=0.0ms  p99=0.0ms
  TBT     mean=0.0ms  p50=0.0ms  p99=0.0ms
  TPOT    mean=0.0ms  p50=0.0ms  p99=0.0ms
  E2E     mean=0.0ms  p50=0.0ms  p99=0.0ms
  Throughput: 0.0 tok/s  0.00 req/s

============================================================
  COMPARISON: Round 2 vs Round 1
============================================================
  Note: Round 1 is unique-only warmup, Round 2 is full repeated-load measurement; throughput is not directly comparable.

Results saved to exp-new/gpu-0429/gpu_e2e_tiered_ctx16k_conc8_r2_1024_1024_n16.json
