You are using a model of type `deepseek_v32` to instantiate a model of type ``. This may be expected if you are loading a checkpoint that shares a subset of the architecture (e.g., loading a `sam2_video` checkpoint into `Sam2Model`), but is otherwise not supported and can yield errors. Please verify that the checkpoint is compatible with the model you are instantiating.
Token indices sequence length is longer than the specified maximum sequence length for this model (1215556 > 131072). Running this sequence through the model will result in indexing errors
Loading tokenizer...
Building 1 unique synthetic prompts (~65536 tokens in, 1024 out)...
  Server dp_size: 8
  Unique prompts: 1
  Round 1 requests: 8 (1 unique x 8 copies for 8 DP ranks)
  Round 2 requests: 16 (repeat_mode=interleaved)
  Round 2 output tokens: fixed at 1024
  Prompt length: min=65536 max=65536 mean=65536 tokens
  Output length: min=1024 max=1024 mean=1024 tokens
Request rate: 0.0 req/s  |  Max concurrency: 8

############################################################
  ROUND 1: Warmup (8 requests, max_concurrency=8)
############################################################

============================================================
  Round 1: Warmup
============================================================
  Requests:       8/8 succeeded
  Duration:       130.7 s
  Input tokens:   524288
  Output tokens:  8192

  TTFT    mean=107551.2ms  p50=107903.2ms  p99=107904.9ms
  TBT     mean=22.6ms  p50=22.3ms  p99=24.3ms
  TPOT    mean=22.6ms  p50=22.3ms  p99=24.3ms
  E2E     mean=130680.8ms  p50=130688.4ms  p99=130692.3ms
  Throughput: 62.7 tok/s  0.06 req/s

Pausing 3.0s between rounds...

############################################################
  ROUND 2: Measurement (repeated requests on warm cache)
############################################################

============================================================
  Round 2: Warm Measurement
============================================================
  Requests:       16/16 succeeded
  Duration:       47.9 s
  Input tokens:   1048576
  Output tokens:  16384

  TTFT    mean=573.4ms  p50=544.6ms  p99=760.8ms
  TBT     mean=22.8ms  p50=22.7ms  p99=24.8ms
  TPOT    mean=22.8ms  p50=22.8ms  p99=23.1ms
  E2E     mean=23936.6ms  p50=23914.7ms  p99=24173.5ms
  Throughput: 342.0 tok/s  0.33 req/s

============================================================
  COMPARISON: Round 2 vs Round 1
============================================================
  Note: Round 1 is unique-only warmup, Round 2 is full repeated-load measurement; throughput is not directly comparable.
  TTFT speedup:      187.57x  (107551.2 -> 573.4 ms)
  TBT speedup:       0.99x  (22.6 -> 22.8 ms)
  E2E speedup:       5.46x  (130680.8 -> 23936.6 ms)

Results saved to exp-new/gpu-0429/gpu_e2e_tiered_ctx64k_conc8_r2_1024_1024_n16.json
