You are using a model of type `deepseek_v32` to instantiate a model of type ``. This may be expected if you are loading a checkpoint that shares a subset of the architecture (e.g., loading a `sam2_video` checkpoint into `Sam2Model`), but is otherwise not supported and can yield errors. Please verify that the checkpoint is compatible with the model you are instantiating.
Token indices sequence length is longer than the specified maximum sequence length for this model (2417031 > 131072). Running this sequence through the model will result in indexing errors
Loading tokenizer...
Building 1 unique synthetic prompts (~131072 tokens in, 512 out)...
  Server dp_size: 8
  Unique prompts: 1
  Round 1 requests: 8 (1 unique x 8 copies for 8 DP ranks)
  Round 2 requests: 256 (repeat_mode=interleaved)
  Round 2 output tokens: uniform random in [0, 1024] (seed=42) (sampled 0 → 1 for API)
  Prompt length: min=131072 max=131072 mean=131072 tokens
  Output length: min=1 max=1012 mean=511 tokens
Request rate: 0.0 req/s  |  Max concurrency: 64

############################################################
  ROUND 1: Warmup (8 requests, max_concurrency=8)
############################################################

============================================================
  Round 1: Warmup
============================================================
  Requests:       8/8 succeeded
  Duration:       299.2 s
  Input tokens:   1048576
  Output tokens:  4096

  TTFT    mean=254611.8ms  p50=260529.7ms  p99=260537.5ms
  TBT     mean=87.0ms  p50=44.5ms  p99=62.3ms
  TPOT    mean=87.0ms  p50=75.6ms  p99=134.5ms
  E2E     mean=299071.1ms  p50=299146.2ms  p99=299163.5ms
  Throughput: 13.7 tok/s  0.03 req/s

Pausing 3.0s between rounds...

############################################################
  ROUND 2: Measurement (repeated requests on warm cache)
############################################################

============================================================
  Round 2: Warm Measurement
============================================================
  Requests:       256/256 succeeded
  Duration:       3097.1 s
  Input tokens:   33554432
  Output tokens:  130042

  TTFT    mean=21016.1ms  p50=15635.5ms  p99=62400.2ms
  TBT     mean=1469.8ms  p50=79.6ms  p99=16122.6ms
  TPOT    mean=1763.0ms  p50=1561.4ms  p99=6705.4ms
  E2E     mean=766175.9ms  p50=733038.1ms  p99=1737747.7ms
  Throughput: 42.0 tok/s  0.08 req/s

============================================================
  COMPARISON: Round 2 vs Round 1
============================================================
  Note: Round 1 is unique-only warmup, Round 2 is full repeated-load measurement; throughput is not directly comparable.
  TTFT speedup:      12.12x  (254611.8 -> 21016.1 ms)
  TBT speedup:       0.06x  (87.0 -> 1469.8 ms)
  E2E speedup:       0.39x  (299071.1 -> 766175.9 ms)

Results saved to exp/rdma_concurrency_scale/rdma_2nic_local0_ctx128k_conc64.json
