You are using a model of type `deepseek_v32` to instantiate a model of type ``. This may be expected if you are loading a checkpoint that shares a subset of the architecture (e.g., loading a `sam2_video` checkpoint into `Sam2Model`), but is otherwise not supported and can yield errors. Please verify that the checkpoint is compatible with the model you are instantiating.
Token indices sequence length is longer than the specified maximum sequence length for this model (314436 > 131072). Running this sequence through the model will result in indexing errors
Loading tokenizer...
Building 1 unique synthetic prompts (~16384 tokens in, 512 out)...
  Server dp_size: 8
  Unique prompts: 1
  Round 1 requests: 8 (1 unique x 8 copies for 8 DP ranks)
  Round 2 requests: 256 (repeat_mode=interleaved)
  Round 2 output tokens: uniform random in [0, 1024] (seed=42) (sampled 0 → 1 for API)
  Prompt length: min=16384 max=16384 mean=16384 tokens
  Output length: min=1 max=1012 mean=511 tokens
Request rate: 0.0 req/s  |  Max concurrency: 64

############################################################
  ROUND 1: Warmup (8 requests, max_concurrency=8)
############################################################

============================================================
  Round 1: Warmup
============================================================
  Requests:       8/8 succeeded
  Duration:       52.7 s
  Input tokens:   131072
  Output tokens:  4096

  TTFT    mean=27883.0ms  p50=27962.7ms  p99=30553.7ms
  TBT     mean=48.4ms  p50=38.6ms  p99=52.3ms
  TPOT    mean=48.4ms  p50=48.2ms  p99=54.4ms
  E2E     mean=52605.9ms  p50=52597.1ms  p99=52702.3ms
  Throughput: 77.7 tok/s  0.15 req/s

Pausing 3.0s between rounds...

############################################################
  ROUND 2: Measurement (repeated requests on warm cache)
############################################################

============================================================
  Round 2: Warm Measurement
============================================================
  Requests:       256/256 succeeded
  Duration:       554.9 s
  Input tokens:   4194304
  Output tokens:  128365

  TTFT    mean=3602.4ms  p50=2259.4ms  p99=19589.5ms
  TBT     mean=256.1ms  p50=69.1ms  p99=2188.8ms
  TPOT    mean=316.6ms  p50=274.9ms  p99=1649.2ms
  E2E     mean=131758.0ms  p50=124248.4ms  p99=287405.7ms
  Throughput: 231.3 tok/s  0.46 req/s

============================================================
  COMPARISON: Round 2 vs Round 1
============================================================
  Note: Round 1 is unique-only warmup, Round 2 is full repeated-load measurement; throughput is not directly comparable.
  TTFT speedup:      7.74x  (27883.0 -> 3602.4 ms)
  TBT speedup:       0.19x  (48.4 -> 256.1 ms)
  E2E speedup:       0.40x  (52605.9 -> 131758.0 ms)

Results saved to exp/rdma_concurrency_scale/rdma_2nic_local0_ctx16k_conc64.json
