You are using a model of type `deepseek_v32` to instantiate a model of type ``. This may be expected if you are loading a checkpoint that shares a subset of the architecture (e.g., loading a `sam2_video` checkpoint into `Sam2Model`), but is otherwise not supported and can yield errors. Please verify that the checkpoint is compatible with the model you are instantiating.
Token indices sequence length is longer than the specified maximum sequence length for this model (1215556 > 131072). Running this sequence through the model will result in indexing errors
Loading tokenizer...
Building 1 unique synthetic prompts (~65536 tokens in, 512 out)...
  Server dp_size: 8
  Unique prompts: 1
  Round 1 requests: 8 (1 unique x 8 copies for 8 DP ranks)
  Round 2 requests: 256 (repeat_mode=interleaved)
  Round 2 output tokens: uniform random in [0, 1024] (seed=42) (sampled 0 → 1 for API)
  Prompt length: min=65536 max=65536 mean=65536 tokens
  Output length: min=1 max=1012 mean=511 tokens
Request rate: 0.0 req/s  |  Max concurrency: 64

############################################################
  ROUND 1: Warmup (8 requests, max_concurrency=8)
############################################################

============================================================
  Round 1: Warmup
============================================================
  Requests:       8/8 succeeded
  Duration:       155.4 s
  Input tokens:   524288
  Output tokens:  4093

  TTFT    mean=121403.5ms  p50=125142.5ms  p99=125143.4ms
  TBT     mean=66.5ms  p50=40.7ms  p99=56.3ms
  TPOT    mean=66.5ms  p50=59.2ms  p99=96.5ms
  E2E     mean=155365.0ms  p50=155413.5ms  p99=155415.9ms
  Throughput: 26.3 tok/s  0.05 req/s

Pausing 3.0s between rounds...

############################################################
  ROUND 2: Measurement (repeated requests on warm cache)
############################################################

============================================================
  Round 2: Warm Measurement
============================================================
  Requests:       184/256 succeeded
  Duration:       1549.9 s
  Input tokens:   12058624
  Output tokens:  72142

  TTFT    mean=9500.7ms  p50=6284.1ms  p99=28228.6ms
  TBT     mean=730.6ms  p50=70.1ms  p99=9743.3ms
  TPOT    mean=1042.0ms  p50=831.4ms  p99=4781.4ms
  E2E     mean=295219.1ms  p50=296992.7ms  p99=598406.8ms
  Throughput: 46.5 tok/s  0.12 req/s

============================================================
  COMPARISON: Round 2 vs Round 1
============================================================
  Note: Round 1 is unique-only warmup, Round 2 is full repeated-load measurement; throughput is not directly comparable.
  TTFT speedup:      12.78x  (121403.5 -> 9500.7 ms)
  TBT speedup:       0.09x  (66.5 -> 730.6 ms)
  E2E speedup:       0.53x  (155365.0 -> 295219.1 ms)

Results saved to exp/exp_20260411/rdma_8nic_local0_ctx64k.json
