You are using a model of type `deepseek_v32` to instantiate a model of type ``. This may be expected if you are loading a checkpoint that shares a subset of the architecture (e.g., loading a `sam2_video` checkpoint into `Sam2Model`), but is otherwise not supported and can yield errors. Please verify that the checkpoint is compatible with the model you are instantiating.
Token indices sequence length is longer than the specified maximum sequence length for this model (2417031 > 131072). Running this sequence through the model will result in indexing errors
Loading tokenizer...
Building 1 unique synthetic prompts (~131072 tokens in, 512 out)...
  Server dp_size: 8
  Unique prompts: 1
  Round 1 requests: 8 (1 unique x 8 copies for 8 DP ranks)
  Round 2 requests: 256 (repeat_mode=interleaved)
  Round 2 output tokens: uniform random in [0, 1024] (seed=42) (sampled 0 → 1 for API)
  Prompt length: min=131072 max=131072 mean=131072 tokens
  Output length: min=1 max=1012 mean=511 tokens
Request rate: 0.0 req/s  |  Max concurrency: 64

############################################################
  ROUND 1: Warmup (8 requests, max_concurrency=8)
############################################################

============================================================
  Round 1: Warmup
============================================================
  Requests:       8/8 succeeded
  Duration:       330.1 s
  Input tokens:   1048576
  Output tokens:  3898

  TTFT    mean=255435.2ms  p50=259258.0ms  p99=259268.8ms
  TBT     mean=153.4ms  p50=44.8ms  p99=137.5ms
  TPOT    mean=156.9ms  p50=138.6ms  p99=224.3ms
  E2E     mean=330006.2ms  p50=330036.2ms  p99=330084.6ms
  Throughput: 11.8 tok/s  0.02 req/s

Pausing 3.0s between rounds...

############################################################
  ROUND 2: Measurement (repeated requests on warm cache)
############################################################

============================================================
  Round 2: Warm Measurement
============================================================
  Requests:       86/256 succeeded
  Duration:       2016.6 s
  Input tokens:   11272192
  Output tokens:  31973

  TTFT    mean=25000.7ms  p50=6174.0ms  p99=193147.9ms
  TBT     mean=695.4ms  p50=70.3ms  p99=18945.9ms
  TPOT    mean=3190.2ms  p50=685.4ms  p99=28299.0ms
  E2E     mean=282837.2ms  p50=213690.1ms  p99=559532.1ms
  Throughput: 15.9 tok/s  0.04 req/s

============================================================
  COMPARISON: Round 2 vs Round 1
============================================================
  Note: Round 1 is unique-only warmup, Round 2 is full repeated-load measurement; throughput is not directly comparable.
  TTFT speedup:      10.22x  (255435.2 -> 25000.7 ms)
  TBT speedup:       0.22x  (153.4 -> 695.4 ms)
  E2E speedup:       1.17x  (330006.2 -> 282837.2 ms)

Results saved to exp/exp_20260411/rdma_2nic_local0_ctx128k.json
