You are using a model of type `deepseek_v32` to instantiate a model of type ``. This may be expected if you are loading a checkpoint that shares a subset of the architecture (e.g., loading a `sam2_video` checkpoint into `Sam2Model`), but is otherwise not supported and can yield errors. Please verify that the checkpoint is compatible with the model you are instantiating.
Token indices sequence length is longer than the specified maximum sequence length for this model (614791 > 131072). Running this sequence through the model will result in indexing errors
Loading tokenizer...
Building 1 unique synthetic prompts (~32768 tokens in, 512 out)...
  Server dp_size: 8
  Unique prompts: 1
  Round 1 requests: 8 (1 unique x 8 copies for 8 DP ranks)
  Round 2 requests: 256 (repeat_mode=interleaved)
  Round 2 output tokens: uniform random in [0, 1024] (seed=42) (sampled 0 → 1 for API)
  Prompt length: min=32768 max=32768 mean=32768 tokens
  Output length: min=1 max=1012 mean=511 tokens
Request rate: 0.0 req/s  |  Max concurrency: 64

############################################################
  ROUND 1: Warmup (8 requests, max_concurrency=8)
############################################################

============================================================
  Round 1: Warmup
============================================================
  Requests:       8/8 succeeded
  Duration:       87.5 s
  Input tokens:   262144
  Output tokens:  4095

  TTFT    mean=59463.5ms  p50=62492.6ms  p99=62494.2ms
  TBT     mean=54.9ms  p50=39.6ms  p99=54.6ms
  TPOT    mean=54.9ms  p50=49.0ms  p99=71.9ms
  E2E     mean=87483.5ms  p50=87534.4ms  p99=87535.0ms
  Throughput: 46.8 tok/s  0.09 req/s

Pausing 3.0s between rounds...

############################################################
  ROUND 2: Measurement (repeated requests on warm cache)
############################################################

============================================================
  Round 2: Warm Measurement
============================================================
  Requests:       256/256 succeeded
  Duration:       1039.2 s
  Input tokens:   8388608
  Output tokens:  128739

  TTFT    mean=8979.9ms  p50=4626.6ms  p99=39293.1ms
  TBT     mean=485.8ms  p50=69.6ms  p99=5385.9ms
  TPOT    mean=571.0ms  p50=517.0ms  p99=1878.5ms
  E2E     mean=252789.4ms  p50=243851.2ms  p99=559350.0ms
  Throughput: 123.9 tok/s  0.25 req/s

============================================================
  COMPARISON: Round 2 vs Round 1
============================================================
  Note: Round 1 is unique-only warmup, Round 2 is full repeated-load measurement; throughput is not directly comparable.
  TTFT speedup:      6.62x  (59463.5 -> 8979.9 ms)
  TBT speedup:       0.11x  (54.9 -> 485.8 ms)
  E2E speedup:       0.35x  (87483.5 -> 252789.4 ms)

Results saved to exp/exp_20260411/rdma_1nic_local0_ctx32k.json
