You are using a model of type `deepseek_v32` to instantiate a model of type ``. This may be expected if you are loading a checkpoint that shares a subset of the architecture (e.g., loading a `sam2_video` checkpoint into `Sam2Model`), but is otherwise not supported and can yield errors. Please verify that the checkpoint is compatible with the model you are instantiating.
Token indices sequence length is longer than the specified maximum sequence length for this model (614791 > 131072). Running this sequence through the model will result in indexing errors
Loading tokenizer...
Building 1 unique synthetic prompts (~32768 tokens in, 1024 out)...
  Server dp_size: 8
  Unique prompts: 1
  Round 1 requests: 8 (1 unique x 8 copies for 8 DP ranks)
  Round 2 requests: 128 (repeat_mode=interleaved)
  Round 2 output tokens: fixed at 1024
  Prompt length: min=32768 max=32768 mean=32768 tokens
  Output length: min=1024 max=1024 mean=1024 tokens
Request rate: 0.0 req/s  |  Max concurrency: 16

############################################################
  ROUND 1: Warmup (8 requests, max_concurrency=8)
############################################################

============================================================
  Round 1: Warmup
============================================================
  Requests:       8/8 succeeded
  Duration:       94.9 s
  Input tokens:   262144
  Output tokens:  8192

  TTFT    mean=52366.1ms  p50=53060.6ms  p99=53062.6ms
  TBT     mean=41.5ms  p50=40.7ms  p99=44.6ms
  TPOT    mean=41.5ms  p50=40.9ms  p99=43.5ms
  E2E     mean=94858.9ms  p50=94910.6ms  p99=94912.1ms
  Throughput: 86.3 tok/s  0.08 req/s

Pausing 3.0s between rounds...

############################################################
  ROUND 2: Measurement (repeated requests on warm cache)
############################################################

============================================================
  Round 2: Warm Measurement
============================================================
  Requests:       128/128 succeeded
  Duration:       368.9 s
  Input tokens:   4194304
  Output tokens:  131028

  TTFT    mean=508.5ms  p50=493.6ms  p99=798.1ms
  TBT     mean=44.6ms  p50=44.2ms  p99=52.7ms
  TPOT    mean=44.6ms  p50=45.0ms  p99=46.2ms
  E2E     mean=46108.9ms  p50=46454.8ms  p99=47683.8ms
  Throughput: 355.1 tok/s  0.35 req/s

============================================================
  COMPARISON: Round 2 vs Round 1
============================================================
  Note: Round 1 is unique-only warmup, Round 2 is full repeated-load measurement; throughput is not directly comparable.
  TTFT speedup:      102.98x  (52366.1 -> 508.5 ms)
  TBT speedup:       0.93x  (41.5 -> 44.6 ms)
  E2E speedup:       2.06x  (94858.9 -> 46108.9 ms)

Results saved to exp-new/dc_0417/p2_09_dram_ctx32k_conc16_r2fix1k_n128.json
