You are using a model of type `deepseek_v32` to instantiate a model of type ``. This may be expected if you are loading a checkpoint that shares a subset of the architecture (e.g., loading a `sam2_video` checkpoint into `Sam2Model`), but is otherwise not supported and can yield errors. Please verify that the checkpoint is compatible with the model you are instantiating.
Token indices sequence length is longer than the specified maximum sequence length for this model (314436 > 131072). Running this sequence through the model will result in indexing errors
Loading tokenizer...
Building 1 unique synthetic prompts (~16384 tokens in, 1024 out)...
  Server dp_size: 8
  Unique prompts: 1
  Round 1 requests: 8 (1 unique x 8 copies for 8 DP ranks)
  Round 2 requests: 640 (repeat_mode=interleaved)
  Round 2 output tokens: fixed at 1024
  Prompt length: min=16384 max=16384 mean=16384 tokens
  Output length: min=1024 max=1024 mean=1024 tokens
Request rate: 0.0 req/s  |  Max concurrency: 80

############################################################
  ROUND 1: Warmup (8 requests, max_concurrency=8)
############################################################

============================================================
  Round 1: Warmup
============================================================
  Requests:       8/8 succeeded
  Duration:       66.2 s
  Input tokens:   131072
  Output tokens:  8192

  TTFT    mean=25942.5ms  p50=25690.2ms  p99=26839.6ms
  TBT     mean=39.3ms  p50=38.3ms  p99=42.1ms
  TPOT    mean=39.3ms  p50=39.5ms  p99=40.8ms
  E2E     mean=66157.6ms  p50=66121.5ms  p99=66232.9ms
  Throughput: 123.7 tok/s  0.12 req/s

Pausing 3.0s between rounds...

############################################################
  ROUND 2: Measurement (repeated requests on warm cache)
############################################################

============================================================
  Round 2: Warm Measurement
============================================================
  Requests:       640/640 succeeded
  Duration:       529.1 s
  Input tokens:   10485760
  Output tokens:  654934

  TTFT    mean=1174.5ms  p50=1159.0ms  p99=1898.8ms
  TBT     mean=63.5ms  p50=62.7ms  p99=72.7ms
  TPOT    mean=63.5ms  p50=64.1ms  p99=66.1ms
  E2E     mean=66126.4ms  p50=66441.2ms  p99=68513.9ms
  Throughput: 1237.9 tok/s  1.21 req/s

============================================================
  COMPARISON: Round 2 vs Round 1
============================================================
  Note: Round 1 is unique-only warmup, Round 2 is full repeated-load measurement; throughput is not directly comparable.
  TTFT speedup:      22.09x  (25942.5 -> 1174.5 ms)
  TBT speedup:       0.62x  (39.3 -> 63.5 ms)
  E2E speedup:       1.00x  (66157.6 -> 66126.4 ms)

Results saved to exp-new/dc_0417/p2_06_dram_ctx16k_conc80_r2fix1k_n640.json
