You are using a model of type `deepseek_v32` to instantiate a model of type ``. This may be expected if you are loading a checkpoint that shares a subset of the architecture (e.g., loading a `sam2_video` checkpoint into `Sam2Model`), but is otherwise not supported and can yield errors. Please verify that the checkpoint is compatible with the model you are instantiating.
Token indices sequence length is longer than the specified maximum sequence length for this model (314436 > 131072). Running this sequence through the model will result in indexing errors
Loading tokenizer...
Building 1 unique synthetic prompts (~16384 tokens in, 1024 out)...
  Server dp_size: 8
  Unique prompts: 1
  Round 1 requests: 8 (1 unique x 8 copies for 8 DP ranks)
  Round 2 requests: 512 (repeat_mode=interleaved)
  Round 2 output tokens: fixed at 1024
  Prompt length: min=16384 max=16384 mean=16384 tokens
  Output length: min=1024 max=1024 mean=1024 tokens
Request rate: 0.0 req/s  |  Max concurrency: 64

############################################################
  ROUND 1: Warmup (8 requests, max_concurrency=8)
############################################################

============================================================
  Round 1: Warmup
============================================================
  Requests:       8/8 succeeded
  Duration:       66.7 s
  Input tokens:   131072
  Output tokens:  8192

  TTFT    mean=25873.7ms  p50=25792.0ms  p99=26833.3ms
  TBT     mean=39.9ms  p50=38.8ms  p99=42.1ms
  TPOT    mean=39.9ms  p50=39.9ms  p99=41.2ms
  E2E     mean=66648.2ms  p50=66620.4ms  p99=66734.7ms
  Throughput: 122.8 tok/s  0.12 req/s

Pausing 3.0s between rounds...

############################################################
  ROUND 2: Measurement (repeated requests on warm cache)
############################################################

============================================================
  Round 2: Warm Measurement
============================================================
  Requests:       512/512 succeeded
  Duration:       442.0 s
  Input tokens:   8388608
  Output tokens:  524220

  TTFT    mean=1001.7ms  p50=988.2ms  p99=1557.4ms
  TBT     mean=53.0ms  p50=52.3ms  p99=62.5ms
  TPOT    mean=53.0ms  p50=53.0ms  p99=56.2ms
  E2E     mean=55242.5ms  p50=55184.3ms  p99=58242.8ms
  Throughput: 1186.1 tok/s  1.16 req/s

============================================================
  COMPARISON: Round 2 vs Round 1
============================================================
  Note: Round 1 is unique-only warmup, Round 2 is full repeated-load measurement; throughput is not directly comparable.
  TTFT speedup:      25.83x  (25873.7 -> 1001.7 ms)
  TBT speedup:       0.75x  (39.9 -> 53.0 ms)
  E2E speedup:       1.21x  (66648.2 -> 55242.5 ms)

Results saved to exp-new/dc_0417/p2_05_dram_ctx16k_conc64_r2fix1k_n512.json
