You are using a model of type `deepseek_v32` to instantiate a model of type ``. This may be expected if you are loading a checkpoint that shares a subset of the architecture (e.g., loading a `sam2_video` checkpoint into `Sam2Model`), but is otherwise not supported and can yield errors. Please verify that the checkpoint is compatible with the model you are instantiating.
Token indices sequence length is longer than the specified maximum sequence length for this model (614791 > 131072). Running this sequence through the model will result in indexing errors
Loading tokenizer...
Building 1 unique synthetic prompts (~32768 tokens in, 1024 out)...
  Server dp_size: 8
  Unique prompts: 1
  Round 1 requests: 8 (1 unique x 8 copies for 8 DP ranks)
  Round 2 requests: 384 (repeat_mode=interleaved)
  Round 2 output tokens: fixed at 1024
  Prompt length: min=32768 max=32768 mean=32768 tokens
  Output length: min=1024 max=1024 mean=1024 tokens
Request rate: 0.0 req/s  |  Max concurrency: 48

############################################################
  ROUND 1: Warmup (8 requests, max_concurrency=8)
############################################################

============================================================
  Round 1: Warmup
============================================================
  Requests:       8/8 succeeded
  Duration:       96.9 s
  Input tokens:   262144
  Output tokens:  8192

  TTFT    mean=52576.7ms  p50=53158.9ms  p99=53159.8ms
  TBT     mean=43.3ms  p50=42.2ms  p99=46.8ms
  TPOT    mean=43.3ms  p50=42.7ms  p99=45.5ms
  E2E     mean=96845.8ms  p50=96884.1ms  p99=96886.3ms
  Throughput: 84.6 tok/s  0.08 req/s

Pausing 3.0s between rounds...

############################################################
  ROUND 2: Measurement (repeated requests on warm cache)
############################################################

============================================================
  Round 2: Warm Measurement
============================================================
  Requests:       384/384 succeeded
  Duration:       516.2 s
  Input tokens:   12582912
  Output tokens:  393098

  TTFT    mean=900.5ms  p50=819.9ms  p99=1916.1ms
  TBT     mean=62.2ms  p50=60.5ms  p99=77.9ms
  TPOT    mean=62.2ms  p50=60.9ms  p99=67.5ms
  E2E     mean=64519.5ms  p50=63101.1ms  p99=69846.7ms
  Throughput: 761.5 tok/s  0.74 req/s

============================================================
  COMPARISON: Round 2 vs Round 1
============================================================
  Note: Round 1 is unique-only warmup, Round 2 is full repeated-load measurement; throughput is not directly comparable.
  TTFT speedup:      58.38x  (52576.7 -> 900.5 ms)
  TBT speedup:       0.70x  (43.3 -> 62.2 ms)
  E2E speedup:       1.50x  (96845.8 -> 64519.5 ms)

Results saved to exp-new/dc_0417/p2_11_cxl2_ctx32k_conc48_r2fix1k_n384.json
