You are using a model of type `deepseek_v32` to instantiate a model of type ``. This may be expected if you are loading a checkpoint that shares a subset of the architecture (e.g., loading a `sam2_video` checkpoint into `Sam2Model`), but is otherwise not supported and can yield errors. Please verify that the checkpoint is compatible with the model you are instantiating.
Token indices sequence length is longer than the specified maximum sequence length for this model (1215556 > 131072). Running this sequence through the model will result in indexing errors
Loading tokenizer...
Building 1 unique synthetic prompts (~65536 tokens in, 1024 out)...
  Server dp_size: 8
  Unique prompts: 1
  Round 1 requests: 8 (1 unique x 8 copies for 8 DP ranks)
  Round 2 requests: 384 (repeat_mode=interleaved)
  Round 2 output tokens: fixed at 1024
  Prompt length: min=65536 max=65536 mean=65536 tokens
  Output length: min=1024 max=1024 mean=1024 tokens
Request rate: 0.0 req/s  |  Max concurrency: 48

############################################################
  ROUND 1: Warmup (8 requests, max_concurrency=8)
############################################################

============================================================
  Round 1: Warmup
============================================================
  Requests:       8/8 succeeded
  Duration:       152.0 s
  Input tokens:   524288
  Output tokens:  8192

  TTFT    mean=108049.2ms  p50=108674.4ms  p99=108675.2ms
  TBT     mean=42.9ms  p50=42.0ms  p99=45.5ms
  TPOT    mean=42.9ms  p50=42.4ms  p99=45.3ms
  E2E     mean=151953.7ms  p50=152001.5ms  p99=152006.0ms
  Throughput: 53.9 tok/s  0.05 req/s

Pausing 3.0s between rounds...

############################################################
  ROUND 2: Measurement (repeated requests on warm cache)
############################################################

============================================================
  Round 2: Warm Measurement
============================================================
  Requests:       384/384 succeeded
  Duration:       517.5 s
  Input tokens:   25165824
  Output tokens:  392556

  TTFT    mean=1051.9ms  p50=1027.5ms  p99=2057.6ms
  TBT     mean=62.3ms  p50=61.3ms  p99=72.3ms
  TPOT    mean=62.3ms  p50=63.0ms  p99=65.5ms
  E2E     mean=64659.3ms  p50=65470.9ms  p99=66515.1ms
  Throughput: 758.6 tok/s  0.74 req/s

============================================================
  COMPARISON: Round 2 vs Round 1
============================================================
  Note: Round 1 is unique-only warmup, Round 2 is full repeated-load measurement; throughput is not directly comparable.
  TTFT speedup:      102.72x  (108049.2 -> 1051.9 ms)
  TBT speedup:       0.69x  (42.9 -> 62.3 ms)
  E2E speedup:       2.35x  (151953.7 -> 64659.3 ms)

Results saved to exp-new/dc_0417/p2_18_dram_ctx64k_conc48_r2fix1k_n384.json
