You are using a model of type `deepseek_v32` to instantiate a model of type ``. This may be expected if you are loading a checkpoint that shares a subset of the architecture (e.g., loading a `sam2_video` checkpoint into `Sam2Model`), but is otherwise not supported and can yield errors. Please verify that the checkpoint is compatible with the model you are instantiating.
Token indices sequence length is longer than the specified maximum sequence length for this model (614791 > 131072). Running this sequence through the model will result in indexing errors
Loading tokenizer...
Building 1 unique synthetic prompts (~32768 tokens in, 1024 out)...
  Server dp_size: 8
  Unique prompts: 1
  Round 1 requests: 8 (1 unique x 8 copies for 8 DP ranks)
  Round 2 requests: 768 (repeat_mode=interleaved)
  Round 2 output tokens: fixed at 1024
  Prompt length: min=32768 max=32768 mean=32768 tokens
  Output length: min=1024 max=1024 mean=1024 tokens
Request rate: 0.0 req/s  |  Max concurrency: 96

############################################################
  ROUND 1: Warmup (8 requests, max_concurrency=8)
############################################################

============================================================
  Round 1: Warmup
============================================================
  Requests:       8/8 succeeded
  Duration:       94.8 s
  Input tokens:   262144
  Output tokens:  8192

  TTFT    mean=52394.9ms  p50=53089.0ms  p99=53090.8ms
  TBT     mean=41.4ms  p50=40.6ms  p99=44.0ms
  TPOT    mean=41.4ms  p50=40.8ms  p99=43.4ms
  E2E     mean=94789.1ms  p50=94841.3ms  p99=94842.2ms
  Throughput: 86.4 tok/s  0.08 req/s

Pausing 3.0s between rounds...

############################################################
  ROUND 2: Measurement (repeated requests on warm cache)
############################################################

============================================================
  Round 2: Warm Measurement
============================================================
  Requests:       768/768 succeeded
  Duration:       591.2 s
  Input tokens:   25165824
  Output tokens:  785843

  TTFT    mean=1414.0ms  p50=1372.3ms  p99=2474.6ms
  TBT     mean=70.9ms  p50=69.7ms  p99=82.6ms
  TPOT    mean=70.9ms  p50=71.9ms  p99=73.8ms
  E2E     mean=73893.4ms  p50=74847.4ms  p99=76936.9ms
  Throughput: 1329.2 tok/s  1.30 req/s

============================================================
  COMPARISON: Round 2 vs Round 1
============================================================
  Note: Round 1 is unique-only warmup, Round 2 is full repeated-load measurement; throughput is not directly comparable.
  TTFT speedup:      37.06x  (52394.9 -> 1414.0 ms)
  TBT speedup:       0.58x  (41.4 -> 70.9 ms)
  E2E speedup:       1.28x  (94789.1 -> 73893.4 ms)

Results saved to exp-new/dc_0417/p2_14_dram_ctx32k_conc96_r2fix1k_n768.json
