You are using a model of type `deepseek_v32` to instantiate a model of type ``. This may be expected if you are loading a checkpoint that shares a subset of the architecture (e.g., loading a `sam2_video` checkpoint into `Sam2Model`), but is otherwise not supported and can yield errors. Please verify that the checkpoint is compatible with the model you are instantiating.
Token indices sequence length is longer than the specified maximum sequence length for this model (1215556 > 131072). Running this sequence through the model will result in indexing errors
Loading tokenizer...
Building 1 unique synthetic prompts (~65536 tokens in, 1024 out)...
  Server dp_size: 8
  Unique prompts: 1
  Round 1 requests: 8 (1 unique x 8 copies for 8 DP ranks)
  Round 2 requests: 256 (repeat_mode=interleaved)
  Round 2 output tokens: fixed at 1024
  Prompt length: min=65536 max=65536 mean=65536 tokens
  Output length: min=1024 max=1024 mean=1024 tokens
Request rate: 0.0 req/s  |  Max concurrency: 32

############################################################
  ROUND 1: Warmup (8 requests, max_concurrency=8)
############################################################

============================================================
  Round 1: Warmup
============================================================
  Requests:       8/8 succeeded
  Duration:       151.1 s
  Input tokens:   524288
  Output tokens:  8192

  TTFT    mean=108164.8ms  p50=108588.7ms  p99=108589.7ms
  TBT     mean=41.9ms  p50=41.1ms  p99=45.0ms
  TPOT    mean=41.9ms  p50=41.5ms  p99=44.4ms
  E2E     mean=151021.7ms  p50=151047.4ms  p99=151052.8ms
  Throughput: 54.2 tok/s  0.05 req/s

Pausing 3.0s between rounds...

############################################################
  ROUND 2: Measurement (repeated requests on warm cache)
############################################################

============================================================
  Round 2: Warm Measurement
============================================================
  Requests:       256/256 succeeded
  Duration:       444.0 s
  Input tokens:   16777216
  Output tokens:  261983

  TTFT    mean=811.6ms  p50=812.2ms  p99=1563.2ms
  TBT     mean=53.5ms  p50=53.0ms  p99=63.2ms
  TPOT    mean=53.5ms  p50=54.1ms  p99=56.2ms
  E2E     mean=55488.1ms  p50=56152.8ms  p99=58156.8ms
  Throughput: 590.0 tok/s  0.58 req/s

============================================================
  COMPARISON: Round 2 vs Round 1
============================================================
  Note: Round 1 is unique-only warmup, Round 2 is full repeated-load measurement; throughput is not directly comparable.
  TTFT speedup:      133.27x  (108164.8 -> 811.6 ms)
  TBT speedup:       0.78x  (41.9 -> 53.5 ms)
  E2E speedup:       2.72x  (151021.7 -> 55488.1 ms)

Results saved to exp-new/dc_0417/p2_17_dram_ctx64k_conc32_r2fix1k_n256.json
