You are using a model of type `deepseek_v32` to instantiate a model of type ``. This may be expected if you are loading a checkpoint that shares a subset of the architecture (e.g., loading a `sam2_video` checkpoint into `Sam2Model`), but is otherwise not supported and can yield errors. Please verify that the checkpoint is compatible with the model you are instantiating.
Token indices sequence length is longer than the specified maximum sequence length for this model (1215556 > 131072). Running this sequence through the model will result in indexing errors
Loading tokenizer...
Building 1 unique synthetic prompts (~65536 tokens in, 1024 out)...
  Server dp_size: 8
  Unique prompts: 1
  Round 1 requests: 8 (1 unique x 8 copies for 8 DP ranks)
  Round 2 requests: 256 (repeat_mode=interleaved)
  Round 2 output tokens: fixed at 1024
  Prompt length: min=65536 max=65536 mean=65536 tokens
  Output length: min=1024 max=1024 mean=1024 tokens
Request rate: 0.0 req/s  |  Max concurrency: 32

############################################################
  ROUND 1: Warmup (8 requests, max_concurrency=8)
############################################################

============================================================
  Round 1: Warmup
============================================================
  Requests:       8/8 succeeded
  Duration:       155.7 s
  Input tokens:   524288
  Output tokens:  8192

  TTFT    mean=108171.7ms  p50=108814.1ms  p99=108815.8ms
  TBT     mean=46.4ms  p50=45.0ms  p99=48.6ms
  TPOT    mean=46.4ms  p50=45.9ms  p99=48.8ms
  E2E     mean=155666.0ms  p50=155725.3ms  p99=155730.8ms
  Throughput: 52.6 tok/s  0.05 req/s

Pausing 3.0s between rounds...

############################################################
  ROUND 2: Measurement (repeated requests on warm cache)
############################################################

============================================================
  Round 2: Warm Measurement
============================================================
  Requests:       256/256 succeeded
  Duration:       470.7 s
  Input tokens:   16777216
  Output tokens:  262069

  TTFT    mean=860.1ms  p50=799.2ms  p99=2109.5ms
  TBT     mean=56.7ms  p50=55.3ms  p99=70.5ms
  TPOT    mean=56.7ms  p50=56.4ms  p99=60.0ms
  E2E     mean=58823.7ms  p50=58447.7ms  p99=62234.2ms
  Throughput: 556.7 tok/s  0.54 req/s

============================================================
  COMPARISON: Round 2 vs Round 1
============================================================
  Note: Round 1 is unique-only warmup, Round 2 is full repeated-load measurement; throughput is not directly comparable.
  TTFT speedup:      125.76x  (108171.7 -> 860.1 ms)
  TBT speedup:       0.82x  (46.4 -> 56.7 ms)
  E2E speedup:       2.65x  (155666.0 -> 58823.7 ms)

Results saved to exp-new/dc_0417/p2_17_cxl2_ctx64k_conc32_r2fix1k_n256.json
