You are using a model of type `deepseek_v32` to instantiate a model of type ``. This may be expected if you are loading a checkpoint that shares a subset of the architecture (e.g., loading a `sam2_video` checkpoint into `Sam2Model`), but is otherwise not supported and can yield errors. Please verify that the checkpoint is compatible with the model you are instantiating.
Token indices sequence length is longer than the specified maximum sequence length for this model (1215556 > 131072). Running this sequence through the model will result in indexing errors
Loading tokenizer...
Building 1 unique synthetic prompts (~65536 tokens in, 1024 out)...
  Server dp_size: 8
  Unique prompts: 1
  Round 1 requests: 8 (1 unique x 8 copies for 8 DP ranks)
  Round 2 requests: 128 (repeat_mode=interleaved)
  Round 2 output tokens: fixed at 1024
  Prompt length: min=65536 max=65536 mean=65536 tokens
  Output length: min=1024 max=1024 mean=1024 tokens
Request rate: 0.0 req/s  |  Max concurrency: 16

############################################################
  ROUND 1: Warmup (8 requests, max_concurrency=8)
############################################################

============================================================
  Round 1: Warmup
============================================================
  Requests:       8/8 succeeded
  Duration:       152.0 s
  Input tokens:   524288
  Output tokens:  8192

  TTFT    mean=108022.2ms  p50=108648.7ms  p99=108649.6ms
  TBT     mean=43.0ms  p50=42.0ms  p99=46.1ms
  TPOT    mean=43.0ms  p50=42.4ms  p99=45.3ms
  E2E     mean=151969.6ms  p50=152018.4ms  p99=152021.1ms
  Throughput: 53.9 tok/s  0.05 req/s

Pausing 3.0s between rounds...

############################################################
  ROUND 2: Measurement (repeated requests on warm cache)
############################################################

============================================================
  Round 2: Warm Measurement
============================================================
  Requests:       128/128 succeeded
  Duration:       385.3 s
  Input tokens:   8388608
  Output tokens:  131050

  TTFT    mean=589.5ms  p50=568.3ms  p99=1133.8ms
  TBT     mean=46.5ms  p50=45.8ms  p99=55.1ms
  TPOT    mean=46.5ms  p50=46.5ms  p99=48.5ms
  E2E     mean=48149.5ms  p50=48155.0ms  p99=50126.5ms
  Throughput: 340.2 tok/s  0.33 req/s

============================================================
  COMPARISON: Round 2 vs Round 1
============================================================
  Note: Round 1 is unique-only warmup, Round 2 is full repeated-load measurement; throughput is not directly comparable.
  TTFT speedup:      183.23x  (108022.2 -> 589.5 ms)
  TBT speedup:       0.92x  (43.0 -> 46.5 ms)
  E2E speedup:       3.16x  (151969.6 -> 48149.5 ms)

Results saved to exp-new/dc_0417/p2_16_dram_ctx64k_conc16_r2fix1k_n128.json
