You are using a model of type `deepseek_v32` to instantiate a model of type ``. This may be expected if you are loading a checkpoint that shares a subset of the architecture (e.g., loading a `sam2_video` checkpoint into `Sam2Model`), but is otherwise not supported and can yield errors. Please verify that the checkpoint is compatible with the model you are instantiating.
Token indices sequence length is longer than the specified maximum sequence length for this model (2417031 > 131072). Running this sequence through the model will result in indexing errors
Loading tokenizer...
Building 1 unique synthetic prompts (~131072 tokens in, 1024 out)...
  Server dp_size: 8
  Unique prompts: 1
  Round 1 requests: 8 (1 unique x 8 copies for 8 DP ranks)
  Round 2 requests: 256 (repeat_mode=interleaved)
  Round 2 output tokens: fixed at 1024
  Prompt length: min=131072 max=131072 mean=131072 tokens
  Output length: min=1024 max=1024 mean=1024 tokens
Request rate: 0.0 req/s  |  Max concurrency: 32

############################################################
  ROUND 1: Warmup (8 requests, max_concurrency=8)
############################################################

============================================================
  Round 1: Warmup
============================================================
  Requests:       8/8 succeeded
  Duration:       283.1 s
  Input tokens:   1048576
  Output tokens:  8192

  TTFT    mean=232338.7ms  p50=232838.6ms  p99=232842.6ms
  TBT     mean=49.5ms  p50=47.2ms  p99=51.5ms
  TPOT    mean=49.5ms  p50=49.0ms  p99=52.4ms
  E2E     mean=282974.2ms  p50=283015.2ms  p99=283089.8ms
  Throughput: 28.9 tok/s  0.03 req/s

Pausing 3.0s between rounds...

############################################################
  ROUND 2: Measurement (repeated requests on warm cache)
############################################################

============================================================
  Round 2: Warm Measurement
============================================================
  Requests:       256/256 succeeded
  Duration:       550.8 s
  Input tokens:   33554432
  Output tokens:  261939

  TTFT    mean=1383.9ms  p50=1268.5ms  p99=3435.4ms
  TBT     mean=66.0ms  p50=63.8ms  p99=82.7ms
  TPOT    mean=66.0ms  p50=66.4ms  p99=68.2ms
  E2E     mean=68812.4ms  p50=69023.8ms  p99=70597.6ms
  Throughput: 475.6 tok/s  0.46 req/s

============================================================
  COMPARISON: Round 2 vs Round 1
============================================================
  Note: Round 1 is unique-only warmup, Round 2 is full repeated-load measurement; throughput is not directly comparable.
  TTFT speedup:      167.88x  (232338.7 -> 1383.9 ms)
  TBT speedup:       0.75x  (49.5 -> 66.0 ms)
  E2E speedup:       4.11x  (282974.2 -> 68812.4 ms)

Results saved to exp-new/dc_0417/p2_24_cxl2_ctx128k_conc32_r2fix1k_n256.json
