You are using a model of type `deepseek_v32` to instantiate a model of type ``. This may be expected if you are loading a checkpoint that shares a subset of the architecture (e.g., loading a `sam2_video` checkpoint into `Sam2Model`), but is otherwise not supported and can yield errors. Please verify that the checkpoint is compatible with the model you are instantiating.
Token indices sequence length is longer than the specified maximum sequence length for this model (1215556 > 131072). Running this sequence through the model will result in indexing errors
Loading tokenizer...
Building 1 unique synthetic prompts (~65536 tokens in, 1024 out)...
  Server dp_size: 8
  Unique prompts: 1
  Round 1 requests: 8 (1 unique x 8 copies for 8 DP ranks)
  Round 2 requests: 640 (repeat_mode=interleaved)
  Round 2 output tokens: fixed at 1024
  Prompt length: min=65536 max=65536 mean=65536 tokens
  Output length: min=1024 max=1024 mean=1024 tokens
Request rate: 0.0 req/s  |  Max concurrency: 80

############################################################
  ROUND 1: Warmup (8 requests, max_concurrency=8)
############################################################

============================================================
  Round 1: Warmup
============================================================
  Requests:       8/8 succeeded
  Duration:       155.7 s
  Input tokens:   524288
  Output tokens:  8192

  TTFT    mean=108097.0ms  p50=108737.1ms  p99=108738.9ms
  TBT     mean=46.5ms  p50=45.0ms  p99=48.8ms
  TPOT    mean=46.5ms  p50=45.9ms  p99=48.9ms
  E2E     mean=155647.4ms  p50=155707.1ms  p99=155710.9ms
  Throughput: 52.6 tok/s  0.05 req/s

Pausing 3.0s between rounds...

############################################################
  ROUND 2: Measurement (repeated requests on warm cache)
############################################################

============================================================
  Round 2: Warm Measurement
============================================================
  Requests:       640/640 succeeded
  Duration:       695.9 s
  Input tokens:   41943040
  Output tokens:  654595

  TTFT    mean=1456.0ms  p50=1281.7ms  p99=3422.9ms
  TBT     mean=83.7ms  p50=81.1ms  p99=128.6ms
  TPOT    mean=83.7ms  p50=83.8ms  p99=86.3ms
  E2E     mean=86949.1ms  p50=86655.6ms  p99=89065.1ms
  Throughput: 940.6 tok/s  0.92 req/s

============================================================
  COMPARISON: Round 2 vs Round 1
============================================================
  Note: Round 1 is unique-only warmup, Round 2 is full repeated-load measurement; throughput is not directly comparable.
  TTFT speedup:      74.24x  (108097.0 -> 1456.0 ms)
  TBT speedup:       0.56x  (46.5 -> 83.7 ms)
  E2E speedup:       1.79x  (155647.4 -> 86949.1 ms)

Results saved to exp-new/dc_0417/p2_20_cxl2_ctx64k_conc80_r2fix1k_n640.json
