You are using a model of type `deepseek_v32` to instantiate a model of type ``. This may be expected if you are loading a checkpoint that shares a subset of the architecture (e.g., loading a `sam2_video` checkpoint into `Sam2Model`), but is otherwise not supported and can yield errors. Please verify that the checkpoint is compatible with the model you are instantiating.
Token indices sequence length is longer than the specified maximum sequence length for this model (2417031 > 131072). Running this sequence through the model will result in indexing errors
Loading tokenizer...
Building 1 unique synthetic prompts (~131072 tokens in, 1024 out)...
  Server dp_size: 8
  Unique prompts: 1
  Round 1 requests: 8 (1 unique x 8 copies for 8 DP ranks)
  Round 2 requests: 512 (repeat_mode=interleaved)
  Round 2 output tokens: fixed at 1024
  Prompt length: min=131072 max=131072 mean=131072 tokens
  Output length: min=1024 max=1024 mean=1024 tokens
Request rate: 0.0 req/s  |  Max concurrency: 64

############################################################
  ROUND 1: Warmup (8 requests, max_concurrency=8)
############################################################

============================================================
  Round 1: Warmup
============================================================
  Requests:       8/8 succeeded
  Duration:       282.8 s
  Input tokens:   1048576
  Output tokens:  8192

  TTFT    mean=232086.6ms  p50=232587.2ms  p99=232590.0ms
  TBT     mean=49.4ms  p50=47.1ms  p99=51.3ms
  TPOT    mean=49.4ms  p50=49.0ms  p99=52.3ms
  E2E     mean=282664.9ms  p50=282707.9ms  p99=282777.6ms
  Throughput: 29.0 tok/s  0.03 req/s

Pausing 3.0s between rounds...

############################################################
  ROUND 2: Measurement (repeated requests on warm cache)
############################################################

============================================================
  Round 2: Warm Measurement
============================================================
  Requests:       512/512 succeeded
  Duration:       732.3 s
  Input tokens:   67108864
  Output tokens:  523896

  TTFT    mean=1901.3ms  p50=1436.5ms  p99=5130.9ms
  TBT     mean=87.6ms  p50=84.0ms  p99=147.7ms
  TPOT    mean=87.6ms  p50=88.4ms  p99=90.0ms
  E2E     mean=91460.9ms  p50=91774.2ms  p99=92929.0ms
  Throughput: 715.4 tok/s  0.70 req/s

============================================================
  COMPARISON: Round 2 vs Round 1
============================================================
  Note: Round 1 is unique-only warmup, Round 2 is full repeated-load measurement; throughput is not directly comparable.
  TTFT speedup:      122.07x  (232086.6 -> 1901.3 ms)
  TBT speedup:       0.56x  (49.4 -> 87.6 ms)
  E2E speedup:       3.09x  (282664.9 -> 91460.9 ms)

Results saved to exp-new/dc_0417/p2_26_cxl2_ctx128k_conc64_r2fix1k_n512.json
