You are using a model of type `deepseek_v32` to instantiate a model of type ``. This may be expected if you are loading a checkpoint that shares a subset of the architecture (e.g., loading a `sam2_video` checkpoint into `Sam2Model`), but is otherwise not supported and can yield errors. Please verify that the checkpoint is compatible with the model you are instantiating.
Token indices sequence length is longer than the specified maximum sequence length for this model (2417031 > 131072). Running this sequence through the model will result in indexing errors
Loading tokenizer...
Building 1 unique synthetic prompts (~131072 tokens in, 1024 out)...
  Server dp_size: 8
  Unique prompts: 1
  Round 1 requests: 8 (1 unique x 8 copies for 8 DP ranks)
  Round 2 requests: 768 (repeat_mode=interleaved)
  Round 2 output tokens: fixed at 1024
  Prompt length: min=131072 max=131072 mean=131072 tokens
  Output length: min=1024 max=1024 mean=1024 tokens
Request rate: 0.0 req/s  |  Max concurrency: 96

############################################################
  ROUND 1: Warmup (8 requests, max_concurrency=8)
############################################################

============================================================
  Round 1: Warmup
============================================================
  Requests:       8/8 succeeded
  Duration:       282.0 s
  Input tokens:   1048576
  Output tokens:  8192

  TTFT    mean=232255.3ms  p50=232757.4ms  p99=232760.7ms
  TBT     mean=48.6ms  p50=46.2ms  p99=50.5ms
  TPOT    mean=48.6ms  p50=48.2ms  p99=51.5ms
  E2E     mean=281975.9ms  p50=282032.8ms  p99=282041.5ms
  Throughput: 29.0 tok/s  0.03 req/s

Pausing 3.0s between rounds...

############################################################
  ROUND 2: Measurement (repeated requests on warm cache)
############################################################

============================================================
  Round 2: Warm Measurement
============================================================
  Requests:       768/768 succeeded
  Duration:       907.1 s
  Input tokens:   100663296
  Output tokens:  786039

  TTFT    mean=2370.4ms  p50=1507.9ms  p99=7642.0ms
  TBT     mean=108.5ms  p50=102.9ms  p99=262.3ms
  TPOT    mean=108.5ms  p50=109.7ms  p99=111.1ms
  E2E     mean=113274.9ms  p50=113800.4ms  p99=119091.4ms
  Throughput: 866.5 tok/s  0.85 req/s

============================================================
  COMPARISON: Round 2 vs Round 1
============================================================
  Note: Round 1 is unique-only warmup, Round 2 is full repeated-load measurement; throughput is not directly comparable.
  TTFT speedup:      97.98x  (232255.3 -> 2370.4 ms)
  TBT speedup:       0.45x  (48.6 -> 108.5 ms)
  E2E speedup:       2.49x  (281975.9 -> 113274.9 ms)

Results saved to exp-new/dc_0417/p2_28_cxl2_ctx128k_conc96_r2fix1k_n768.json
