You are using a model of type `deepseek_v32` to instantiate a model of type ``. This may be expected if you are loading a checkpoint that shares a subset of the architecture (e.g., loading a `sam2_video` checkpoint into `Sam2Model`), but is otherwise not supported and can yield errors. Please verify that the checkpoint is compatible with the model you are instantiating.
Token indices sequence length is longer than the specified maximum sequence length for this model (2417031 > 131072). Running this sequence through the model will result in indexing errors
Loading tokenizer...
Building 1 unique synthetic prompts (~131072 tokens in, 1024 out)...
  Server dp_size: 8
  Unique prompts: 1
  Round 1 requests: 8 (1 unique x 8 copies for 8 DP ranks)
  Round 2 requests: 128 (repeat_mode=interleaved)
  Round 2 output tokens: fixed at 1024
  Prompt length: min=131072 max=131072 mean=131072 tokens
  Output length: min=1024 max=1024 mean=1024 tokens
Request rate: 0.0 req/s  |  Max concurrency: 16

############################################################
  ROUND 1: Warmup (8 requests, max_concurrency=8)
############################################################

============================================================
  Round 1: Warmup
============================================================
  Requests:       8/8 succeeded
  Duration:       277.1 s
  Input tokens:   1048576
  Output tokens:  8192

  TTFT    mean=232054.7ms  p50=232546.4ms  p99=232548.2ms
  TBT     mean=44.0ms  p50=43.1ms  p99=47.2ms
  TPOT    mean=44.0ms  p50=43.5ms  p99=46.9ms
  E2E     mean=277047.0ms  p50=277081.4ms  p99=277086.8ms
  Throughput: 29.6 tok/s  0.03 req/s

Pausing 3.0s between rounds...

############################################################
  ROUND 2: Measurement (repeated requests on warm cache)
############################################################

============================================================
  Round 2: Warm Measurement
============================================================
  Requests:       128/128 succeeded
  Duration:       432.2 s
  Input tokens:   16777216
  Output tokens:  130972

  TTFT    mean=924.1ms  p50=831.8ms  p99=2135.3ms
  TBT     mean=51.9ms  p50=50.6ms  p99=62.3ms
  TPOT    mean=51.9ms  p50=52.2ms  p99=53.2ms
  E2E     mean=53999.8ms  p50=54135.3ms  p99=55084.5ms
  Throughput: 303.0 tok/s  0.30 req/s

============================================================
  COMPARISON: Round 2 vs Round 1
============================================================
  Note: Round 1 is unique-only warmup, Round 2 is full repeated-load measurement; throughput is not directly comparable.
  TTFT speedup:      251.10x  (232054.7 -> 924.1 ms)
  TBT speedup:       0.85x  (44.0 -> 51.9 ms)
  E2E speedup:       5.13x  (277047.0 -> 53999.8 ms)

Results saved to exp-new/dc_0417/p2_23_dram_ctx128k_conc16_r2fix1k_n128.json
