You are using a model of type `deepseek_v32` to instantiate a model of type ``. This may be expected if you are loading a checkpoint that shares a subset of the architecture (e.g., loading a `sam2_video` checkpoint into `Sam2Model`), but is otherwise not supported and can yield errors. Please verify that the checkpoint is compatible with the model you are instantiating.
Token indices sequence length is longer than the specified maximum sequence length for this model (1215556 > 131072). Running this sequence through the model will result in indexing errors
Loading tokenizer...
Building 1 unique synthetic prompts (~65536 tokens in, 4096 out)...
  Server dp_size: 8
  Unique prompts: 1
  Round 1 requests: 8 (1 unique x 8 copies for 8 DP ranks)
  Round 2 requests: 256 (repeat_mode=interleaved)
  Round 2 output tokens: fixed at 4096
  Prompt length: min=65536 max=65536 mean=65536 tokens
  Output length: min=4096 max=4096 mean=4096 tokens
Request rate: 0.0 req/s  |  Max concurrency: 64

############################################################
  ROUND 1: Warmup (8 requests, max_concurrency=8)
############################################################

============================================================
  Round 1: Warmup
============================================================
  Requests:       8/8 succeeded
  Duration:       281.1 s
  Input tokens:   524288
  Output tokens:  32768

  TTFT    mean=108002.6ms  p50=108628.3ms  p99=108629.7ms
  TBT     mean=42.3ms  p50=42.0ms  p99=45.7ms
  TPOT    mean=42.3ms  p50=42.1ms  p99=42.9ms
  E2E     mean=281065.0ms  p50=281115.6ms  p99=281119.9ms
  Throughput: 116.6 tok/s  0.03 req/s

Pausing 3.0s between rounds...

############################################################
  ROUND 2: Measurement (repeated requests on warm cache)
############################################################

============================================================
  Round 2: Warm Measurement
============================================================
  Requests:       256/256 succeeded
  Duration:       973.5 s
  Input tokens:   16777216
  Output tokens:  1046508

  TTFT    mean=1528.6ms  p50=1575.0ms  p99=2789.8ms
  TBT     mean=59.1ms  p50=58.2ms  p99=73.2ms
  TPOT    mean=59.2ms  p50=59.7ms  p99=61.2ms
  E2E     mean=243297.9ms  p50=243639.6ms  p99=248469.3ms
  Throughput: 1075.0 tok/s  0.26 req/s

============================================================
  COMPARISON: Round 2 vs Round 1
============================================================
  Note: Round 1 is unique-only warmup, Round 2 is full repeated-load measurement; throughput is not directly comparable.
  TTFT speedup:      70.65x  (108002.6 -> 1528.6 ms)
  TBT speedup:       0.71x  (42.3 -> 59.1 ms)
  E2E speedup:       1.16x  (281065.0 -> 243297.9 ms)

Results saved to exp-new/dc_0417/p3_08_dram_ctx64k_conc64_r2fix4k_n256.json
