You are using a model of type `deepseek_v32` to instantiate a model of type ``. This may be expected if you are loading a checkpoint that shares a subset of the architecture (e.g., loading a `sam2_video` checkpoint into `Sam2Model`), but is otherwise not supported and can yield errors. Please verify that the checkpoint is compatible with the model you are instantiating.
Token indices sequence length is longer than the specified maximum sequence length for this model (314436 > 131072). Running this sequence through the model will result in indexing errors
Loading tokenizer...
Building 1 unique synthetic prompts (~16384 tokens in, 8192 out)...
  Server dp_size: 8
  Unique prompts: 1
  Round 1 requests: 8 (1 unique x 8 copies for 8 DP ranks)
  Round 2 requests: 128 (repeat_mode=interleaved)
  Round 2 output tokens: fixed at 8192
  Prompt length: min=16384 max=16384 mean=16384 tokens
  Output length: min=8192 max=8192 mean=8192 tokens
Request rate: 0.0 req/s  |  Max concurrency: 64

############################################################
  ROUND 1: Warmup (8 requests, max_concurrency=8)
############################################################

============================================================
  Round 1: Warmup
============================================================
  Requests:       8/8 succeeded
  Duration:       359.8 s
  Input tokens:   131072
  Output tokens:  65536

  TTFT    mean=25988.6ms  p50=25726.8ms  p99=26912.5ms
  TBT     mean=40.7ms  p50=40.5ms  p99=44.7ms
  TPOT    mean=40.7ms  p50=40.8ms  p99=40.9ms
  E2E     mean=359705.1ms  p50=359665.6ms  p99=359787.9ms
  Throughput: 182.2 tok/s  0.02 req/s

Pausing 3.0s between rounds...

############################################################
  ROUND 2: Measurement (repeated requests on warm cache)
############################################################

============================================================
  Round 2: Warm Measurement
============================================================
  Requests:       128/128 succeeded
  Duration:       958.0 s
  Input tokens:   2097152
  Output tokens:  1048378

  TTFT    mean=1266.3ms  p50=1106.5ms  p99=1762.9ms
  TBT     mean=58.3ms  p50=57.6ms  p99=70.8ms
  TPOT    mean=58.3ms  p50=58.4ms  p99=58.9ms
  E2E     mean=478990.8ms  p50=478993.6ms  p99=483727.3ms
  Throughput: 1094.3 tok/s  0.13 req/s

============================================================
  COMPARISON: Round 2 vs Round 1
============================================================
  Note: Round 1 is unique-only warmup, Round 2 is full repeated-load measurement; throughput is not directly comparable.
  TTFT speedup:      20.52x  (25988.6 -> 1266.3 ms)
  TBT speedup:       0.70x  (40.7 -> 58.3 ms)
  E2E speedup:       0.75x  (359705.1 -> 478990.8 ms)

Results saved to exp-new/dc_0417/p3_03_cxl2_ctx16k_conc64_r2fix8k_n128.json
