You are using a model of type `deepseek_v32` to instantiate a model of type ``. This may be expected if you are loading a checkpoint that shares a subset of the architecture (e.g., loading a `sam2_video` checkpoint into `Sam2Model`), but is otherwise not supported and can yield errors. Please verify that the checkpoint is compatible with the model you are instantiating.
Token indices sequence length is longer than the specified maximum sequence length for this model (314436 > 131072). Running this sequence through the model will result in indexing errors
Loading tokenizer...
Building 1 unique synthetic prompts (~16384 tokens in, 2048 out)...
  Server dp_size: 8
  Unique prompts: 1
  Round 1 requests: 8 (1 unique x 8 copies for 8 DP ranks)
  Round 2 requests: 256 (repeat_mode=interleaved)
  Round 2 output tokens: fixed at 2048
  Prompt length: min=16384 max=16384 mean=16384 tokens
  Output length: min=2048 max=2048 mean=2048 tokens
Request rate: 0.0 req/s  |  Max concurrency: 64

############################################################
  ROUND 1: Warmup (8 requests, max_concurrency=8)
############################################################

============================================================
  Round 1: Warmup
============================================================
  Requests:       8/8 succeeded
  Duration:       109.1 s
  Input tokens:   131072
  Output tokens:  16384

  TTFT    mean=25966.5ms  p50=25704.7ms  p99=26886.3ms
  TBT     mean=40.6ms  p50=40.0ms  p99=43.7ms
  TPOT    mean=40.6ms  p50=40.7ms  p99=41.3ms
  E2E     mean=108985.1ms  p50=108949.4ms  p99=109060.1ms
  Throughput: 150.2 tok/s  0.07 req/s

Pausing 3.0s between rounds...

############################################################
  ROUND 2: Measurement (repeated requests on warm cache)
############################################################

============================================================
  Round 2: Warm Measurement
============================================================
  Requests:       256/256 succeeded
  Duration:       515.0 s
  Input tokens:   4194304
  Output tokens:  523850

  TTFT    mean=1126.5ms  p50=1057.5ms  p99=1777.9ms
  TBT     mean=62.4ms  p50=61.5ms  p99=78.9ms
  TPOT    mean=62.4ms  p50=62.4ms  p99=64.2ms
  E2E     mean=128728.1ms  p50=128739.7ms  p99=131624.6ms
  Throughput: 1017.3 tok/s  0.50 req/s

============================================================
  COMPARISON: Round 2 vs Round 1
============================================================
  Note: Round 1 is unique-only warmup, Round 2 is full repeated-load measurement; throughput is not directly comparable.
  TTFT speedup:      23.05x  (25966.5 -> 1126.5 ms)
  TBT speedup:       0.65x  (40.6 -> 62.4 ms)
  E2E speedup:       0.85x  (108985.1 -> 128728.1 ms)

Results saved to exp-new/dc_0417/p3_01_cxl2_ctx16k_conc64_r2fix2k_n256.json
