You are using a model of type `deepseek_v32` to instantiate a model of type ``. This may be expected if you are loading a checkpoint that shares a subset of the architecture (e.g., loading a `sam2_video` checkpoint into `Sam2Model`), but is otherwise not supported and can yield errors. Please verify that the checkpoint is compatible with the model you are instantiating.
Token indices sequence length is longer than the specified maximum sequence length for this model (1215556 > 131072). Running this sequence through the model will result in indexing errors
Loading tokenizer...
Building 1 unique synthetic prompts (~65536 tokens in, 2048 out)...
  Server dp_size: 8
  Unique prompts: 1
  Round 1 requests: 8 (1 unique x 8 copies for 8 DP ranks)
  Round 2 requests: 256 (repeat_mode=interleaved)
  Round 2 output tokens: fixed at 2048
  Prompt length: min=65536 max=65536 mean=65536 tokens
  Output length: min=2048 max=2048 mean=2048 tokens
Request rate: 0.0 req/s  |  Max concurrency: 64

############################################################
  ROUND 1: Warmup (8 requests, max_concurrency=8)
############################################################

============================================================
  Round 1: Warmup
============================================================
  Requests:       8/8 succeeded
  Duration:       195.2 s
  Input tokens:   524288
  Output tokens:  16384

  TTFT    mean=108066.1ms  p50=108692.3ms  p99=108693.8ms
  TBT     mean=42.5ms  p50=42.0ms  p99=45.8ms
  TPOT    mean=42.5ms  p50=42.2ms  p99=43.7ms
  E2E     mean=195093.9ms  p50=195142.9ms  p99=195148.4ms
  Throughput: 84.0 tok/s  0.04 req/s

Pausing 3.0s between rounds...

############################################################
  ROUND 2: Measurement (repeated requests on warm cache)
############################################################

============================================================
  Round 2: Warm Measurement
============================================================
  Requests:       256/256 succeeded
  Duration:       497.9 s
  Input tokens:   16777216
  Output tokens:  524131

  TTFT    mean=1516.4ms  p50=1513.1ms  p99=2692.5ms
  TBT     mean=60.1ms  p50=59.1ms  p99=71.6ms
  TPOT    mean=60.1ms  p50=61.0ms  p99=63.0ms
  E2E     mean=124423.2ms  p50=125847.8ms  p99=129720.9ms
  Throughput: 1052.6 tok/s  0.51 req/s

============================================================
  COMPARISON: Round 2 vs Round 1
============================================================
  Note: Round 1 is unique-only warmup, Round 2 is full repeated-load measurement; throughput is not directly comparable.
  TTFT speedup:      71.27x  (108066.1 -> 1516.4 ms)
  TBT speedup:       0.71x  (42.5 -> 60.1 ms)
  E2E speedup:       1.57x  (195093.9 -> 124423.2 ms)

Results saved to exp-new/dc_0417/p3_07_dram_ctx64k_conc64_r2fix2k_n256.json
