You are using a model of type `deepseek_v32` to instantiate a model of type ``. This may be expected if you are loading a checkpoint that shares a subset of the architecture (e.g., loading a `sam2_video` checkpoint into `Sam2Model`), but is otherwise not supported and can yield errors. Please verify that the checkpoint is compatible with the model you are instantiating.
Token indices sequence length is longer than the specified maximum sequence length for this model (2417031 > 131072). Running this sequence through the model will result in indexing errors
Loading tokenizer...
Building 1 unique synthetic prompts (~131072 tokens in, 8192 out)...
  Server dp_size: 8
  Unique prompts: 1
  Round 1 requests: 8 (1 unique x 8 copies for 8 DP ranks)
  Round 2 requests: 128 (repeat_mode=interleaved)
  Round 2 output tokens: fixed at 8192
  Prompt length: min=131072 max=131072 mean=131072 tokens
  Output length: min=8192 max=8192 mean=8192 tokens
Request rate: 0.0 req/s  |  Max concurrency: 64

############################################################
  ROUND 1: Warmup (8 requests, max_concurrency=8)
############################################################

============================================================
  Round 1: Warmup
============================================================
  Requests:       8/8 succeeded
  Duration:       593.2 s
  Input tokens:   1048576
  Output tokens:  65536

  TTFT    mean=231934.6ms  p50=232425.0ms  p99=232427.5ms
  TBT     mean=44.1ms  p50=43.9ms  p99=47.5ms
  TPOT    mean=44.1ms  p50=44.0ms  p99=44.5ms
  E2E     mean=593116.0ms  p50=593143.2ms  p99=593209.8ms
  Throughput: 110.5 tok/s  0.01 req/s

Pausing 3.0s between rounds...

############################################################
  ROUND 2: Measurement (repeated requests on warm cache)
############################################################

============================================================
  Round 2: Warm Measurement
============================================================
  Requests:       128/128 succeeded
  Duration:       1073.6 s
  Input tokens:   16777216
  Output tokens:  1048075

  TTFT    mean=3302.8ms  p50=3587.8ms  p99=5220.4ms
  TBT     mean=65.1ms  p50=64.2ms  p99=78.0ms
  TPOT    mean=65.1ms  p50=65.0ms  p99=65.9ms
  E2E     mean=536445.1ms  p50=536123.3ms  p99=541556.8ms
  Throughput: 976.2 tok/s  0.12 req/s

============================================================
  COMPARISON: Round 2 vs Round 1
============================================================
  Note: Round 1 is unique-only warmup, Round 2 is full repeated-load measurement; throughput is not directly comparable.
  TTFT speedup:      70.22x  (231934.6 -> 3302.8 ms)
  TBT speedup:       0.68x  (44.1 -> 65.1 ms)
  E2E speedup:       1.11x  (593116.0 -> 536445.1 ms)

Results saved to exp-new/dc_0417/p3_12_dram_ctx128k_conc64_r2fix8k_n128.json
