You are using a model of type `deepseek_v32` to instantiate a model of type ``. This may be expected if you are loading a checkpoint that shares a subset of the architecture (e.g., loading a `sam2_video` checkpoint into `Sam2Model`), but is otherwise not supported and can yield errors. Please verify that the checkpoint is compatible with the model you are instantiating.
Token indices sequence length is longer than the specified maximum sequence length for this model (1215556 > 131072). Running this sequence through the model will result in indexing errors
Loading tokenizer...
Building 1 unique synthetic prompts (~65536 tokens in, 1024 out)...
  Server dp_size: 8
  Unique prompts: 1
  Round 1 requests: 8 (1 unique x 8 copies for 8 DP ranks)
  Round 2 requests: 512 (repeat_mode=interleaved)
  Round 2 output tokens: fixed at 1024
  Prompt length: min=65536 max=65536 mean=65536 tokens
  Output length: min=1024 max=1024 mean=1024 tokens
Request rate: 0.0 req/s  |  Max concurrency: 64

############################################################
  ROUND 1: Warmup (8 requests, max_concurrency=8)
############################################################

============================================================
  Round 1: Warmup
============================================================
  Requests:       8/8 succeeded
  Duration:       155.7 s
  Input tokens:   524288
  Output tokens:  8192

  TTFT    mean=108122.1ms  p50=108550.2ms  p99=108552.2ms
  TBT     mean=46.5ms  p50=44.4ms  p99=49.2ms
  TPOT    mean=46.5ms  p50=46.1ms  p99=49.0ms
  E2E     mean=155679.1ms  p50=155706.7ms  p99=155712.4ms
  Throughput: 52.6 tok/s  0.05 req/s

Pausing 3.0s between rounds...

############################################################
  ROUND 2: Measurement (repeated requests on warm cache)
############################################################

============================================================
  Round 2: Warm Measurement
============================================================
  Requests:       512/512 succeeded
  Duration:       688.9 s
  Input tokens:   33554432
  Output tokens:  522242

  TTFT    mean=1352.8ms  p50=1199.4ms  p99=3645.0ms
  TBT     mean=83.2ms  p50=80.4ms  p99=142.5ms
  TPOT    mean=83.3ms  p50=82.2ms  p99=92.8ms
  E2E     mean=86086.5ms  p50=85611.3ms  p99=91491.7ms
  Throughput: 758.1 tok/s  0.74 req/s

============================================================
  COMPARISON: Round 2 vs Round 1
============================================================
  Note: Round 1 is unique-only warmup, Round 2 is full repeated-load measurement; throughput is not directly comparable.
  TTFT speedup:      79.93x  (108122.1 -> 1352.8 ms)
  TBT speedup:       0.56x  (46.5 -> 83.2 ms)
  E2E speedup:       1.81x  (155679.1 -> 86086.5 ms)

Results saved to exp-new/dc_0417/p4_03_cxl1_ctx64k_conc64_r2fix1k_n512.json
