You are using a model of type `deepseek_v32` to instantiate a model of type ``. This may be expected if you are loading a checkpoint that shares a subset of the architecture (e.g., loading a `sam2_video` checkpoint into `Sam2Model`), but is otherwise not supported and can yield errors. Please verify that the checkpoint is compatible with the model you are instantiating.
Token indices sequence length is longer than the specified maximum sequence length for this model (1215556 > 131072). Running this sequence through the model will result in indexing errors
Loading tokenizer...
Building 1 unique synthetic prompts (~65536 tokens in, 512 out)...
  Server dp_size: 8
  Unique prompts: 1
  Round 1 requests: 8 (1 unique x 8 copies for 8 DP ranks)
  Round 2 requests: 128 (repeat_mode=interleaved)
  Round 2 output tokens: uniform random in [0, 1024] (seed=42) (sampled 0 → 1 for API)
  Prompt length: min=65536 max=65536 mean=65536 tokens
  Output length: min=1 max=1012 mean=525 tokens
Request rate: 0.0 req/s  |  Max concurrency: 8

############################################################
  ROUND 1: Warmup (8 requests, max_concurrency=8)
############################################################

============================================================
  Round 1: Warmup
============================================================
  Requests:       8/8 succeeded
  Duration:       132.6 s
  Input tokens:   524288
  Output tokens:  4096

  TTFT    mean=108162.7ms  p50=108803.8ms  p99=108805.6ms
  TBT     mean=47.8ms  p50=45.0ms  p99=49.6ms
  TPOT    mean=47.8ms  p50=46.6ms  p99=52.6ms
  E2E     mean=132560.5ms  p50=132619.9ms  p99=132624.1ms
  Throughput: 30.9 tok/s  0.06 req/s

Pausing 3.0s between rounds...

############################################################
  ROUND 2: Measurement (repeated requests on warm cache)
############################################################

============================================================
  Round 2: Warm Measurement
============================================================
  Requests:       128/128 succeeded
  Duration:       418.2 s
  Input tokens:   8388608
  Output tokens:  67290

  TTFT    mean=317.8ms  p50=285.2ms  p99=1019.0ms
  TBT     mean=47.9ms  p50=45.4ms  p99=166.3ms
  TPOT    mean=48.6ms  p50=48.1ms  p99=69.6ms
  E2E     mean=25438.4ms  p50=26321.0ms  p99=48137.1ms
  Throughput: 160.9 tok/s  0.31 req/s

============================================================
  COMPARISON: Round 2 vs Round 1
============================================================
  Note: Round 1 is unique-only warmup, Round 2 is full repeated-load measurement; throughput is not directly comparable.
  TTFT speedup:      340.36x  (108162.7 -> 317.8 ms)
  TBT speedup:       1.00x  (47.8 -> 47.9 ms)
  E2E speedup:       5.21x  (132560.5 -> 25438.4 ms)

Results saved to exp/cxl_concurrency_scale/cxl_interleave_2_ctx64k_conc8.json
