You are using a model of type `deepseek_v32` to instantiate a model of type ``. This may be expected if you are loading a checkpoint that shares a subset of the architecture (e.g., loading a `sam2_video` checkpoint into `Sam2Model`), but is otherwise not supported and can yield errors. Please verify that the checkpoint is compatible with the model you are instantiating.
Token indices sequence length is longer than the specified maximum sequence length for this model (614791 > 131072). Running this sequence through the model will result in indexing errors
Loading tokenizer...
Building 1 unique synthetic prompts (~32768 tokens in, 512 out)...
  Server dp_size: 8
  Unique prompts: 1
  Round 1 requests: 8 (1 unique x 8 copies for 8 DP ranks)
  Round 2 requests: 512 (repeat_mode=interleaved)
  Round 2 output tokens: uniform random in [0, 1024] (seed=42) (sampled 0 → 1 for API)
  Prompt length: min=32768 max=32768 mean=32768 tokens
  Output length: min=1 max=1023 mean=524 tokens
Request rate: 0.0 req/s  |  Max concurrency: 32

############################################################
  ROUND 1: Warmup (8 requests, max_concurrency=8)
############################################################

============================================================
  Round 1: Warmup
============================================================
  Requests:       8/8 succeeded
  Duration:       75.4 s
  Input tokens:   262144
  Output tokens:  4096

  TTFT    mean=52435.8ms  p50=53145.7ms  p99=53146.8ms
  TBT     mean=44.9ms  p50=42.6ms  p99=47.5ms
  TPOT    mean=44.9ms  p50=43.6ms  p99=48.9ms
  E2E     mean=75390.9ms  p50=75443.8ms  p99=75444.4ms
  Throughput: 54.3 tok/s  0.11 req/s

Pausing 3.0s between rounds...

############################################################
  ROUND 2: Measurement (repeated requests on warm cache)
############################################################

============================================================
  Round 2: Warm Measurement
============================================================
  Requests:       512/512 succeeded
  Duration:       613.5 s
  Input tokens:   16777216
  Output tokens:  267800

  TTFT    mean=412.9ms  p50=334.5ms  p99=1552.8ms
  TBT     mean=70.4ms  p50=63.8ms  p99=196.0ms
  TPOT    mean=70.9ms  p50=71.2ms  p99=82.9ms
  E2E     mean=37145.1ms  p50=38378.2ms  p99=71133.1ms
  Throughput: 436.5 tok/s  0.83 req/s

============================================================
  COMPARISON: Round 2 vs Round 1
============================================================
  Note: Round 1 is unique-only warmup, Round 2 is full repeated-load measurement; throughput is not directly comparable.
  TTFT speedup:      126.98x  (52435.8 -> 412.9 ms)
  TBT speedup:       0.64x  (44.9 -> 70.4 ms)
  E2E speedup:       2.03x  (75390.9 -> 37145.1 ms)

Results saved to exp/cxl_concurrency_scale/cxl_interleave_2_ctx32k_conc32.json
