You are using a model of type `deepseek_v32` to instantiate a model of type ``. This may be expected if you are loading a checkpoint that shares a subset of the architecture (e.g., loading a `sam2_video` checkpoint into `Sam2Model`), but is otherwise not supported and can yield errors. Please verify that the checkpoint is compatible with the model you are instantiating.
Token indices sequence length is longer than the specified maximum sequence length for this model (614791 > 131072). Running this sequence through the model will result in indexing errors
Loading tokenizer...
Building 1 unique synthetic prompts (~32768 tokens in, 512 out)...
  Server dp_size: 8
  Unique prompts: 1
  Round 1 requests: 8 (1 unique x 8 copies for 8 DP ranks)
  Round 2 requests: 256 (repeat_mode=interleaved)
  Round 2 output tokens: uniform random in [0, 1024] (seed=42) (sampled 0 → 1 for API)
  Prompt length: min=32768 max=32768 mean=32768 tokens
  Output length: min=1 max=1012 mean=511 tokens
Request rate: 0.0 req/s  |  Max concurrency: 64

############################################################
  ROUND 1: Warmup (8 requests, max_concurrency=8)
############################################################

============================================================
  Round 1: Warmup
============================================================
  Requests:       8/8 succeeded
  Duration:       84.7 s
  Input tokens:   262144
  Output tokens:  4096

  TTFT    mean=57360.2ms  p50=57982.8ms  p99=60375.5ms
  TBT     mean=53.4ms  p50=39.9ms  p99=55.3ms
  TPOT    mean=53.4ms  p50=52.2ms  p99=65.7ms
  E2E     mean=84644.8ms  p50=84649.2ms  p99=84719.2ms
  Throughput: 48.3 tok/s  0.09 req/s

Pausing 3.0s between rounds...

############################################################
  ROUND 2: Measurement (repeated requests on warm cache)
############################################################

============================================================
  Round 2: Warm Measurement
============================================================
  Requests:       256/256 succeeded
  Duration:       916.8 s
  Input tokens:   8388608
  Output tokens:  130110

  TTFT    mean=7271.0ms  p50=4106.9ms  p99=47077.5ms
  TBT     mean=423.5ms  p50=71.2ms  p99=3979.8ms
  TPOT    mean=508.8ms  p50=444.2ms  p99=1765.2ms
  E2E     mean=222087.0ms  p50=214863.9ms  p99=494815.3ms
  Throughput: 141.9 tok/s  0.28 req/s

============================================================
  COMPARISON: Round 2 vs Round 1
============================================================
  Note: Round 1 is unique-only warmup, Round 2 is full repeated-load measurement; throughput is not directly comparable.
  TTFT speedup:      7.89x  (57360.2 -> 7271.0 ms)
  TBT speedup:       0.13x  (53.4 -> 423.5 ms)
  E2E speedup:       0.38x  (84644.8 -> 222087.0 ms)

Results saved to exp/rdma_0416/pA_rdma2nic_l0_ctx32k_conc64_r2rand0_1024.json
