You are using a model of type `deepseek_v32` to instantiate a model of type ``. This may be expected if you are loading a checkpoint that shares a subset of the architecture (e.g., loading a `sam2_video` checkpoint into `Sam2Model`), but is otherwise not supported and can yield errors. Please verify that the checkpoint is compatible with the model you are instantiating.
Token indices sequence length is longer than the specified maximum sequence length for this model (2417031 > 131072). Running this sequence through the model will result in indexing errors
Loading tokenizer...
Building 1 unique synthetic prompts (~131072 tokens in, 512 out)...
  Server dp_size: 8
  Unique prompts: 1
  Round 1 requests: 8 (1 unique x 8 copies for 8 DP ranks)
  Round 2 requests: 256 (repeat_mode=interleaved)
  Round 2 output tokens: uniform random in [0, 1024] (seed=42) (sampled 0 → 1 for API)
  Prompt length: min=131072 max=131072 mean=131072 tokens
  Output length: min=1 max=1012 mean=511 tokens
Request rate: 0.0 req/s  |  Max concurrency: 64

############################################################
  ROUND 1: Warmup (8 requests, max_concurrency=8)
############################################################

============================================================
  Round 1: Warmup
============================================================
  Requests:       8/8 succeeded
  Duration:       299.0 s
  Input tokens:   1048576
  Output tokens:  4096

  TTFT    mean=254664.1ms  p50=260562.8ms  p99=260574.0ms
  TBT     mean=86.5ms  p50=43.5ms  p99=63.0ms
  TPOT    mean=86.5ms  p50=75.2ms  p99=134.0ms
  E2E     mean=298887.7ms  p50=298959.9ms  p99=298977.5ms
  Throughput: 13.7 tok/s  0.03 req/s

Pausing 3.0s between rounds...

############################################################
  ROUND 2: Measurement (repeated requests on warm cache)
############################################################

============================================================
  Round 2: Warm Measurement
============================================================
  Requests:       256/256 succeeded
  Duration:       3075.9 s
  Input tokens:   33554432
  Output tokens:  130255

  TTFT    mean=20815.9ms  p50=15603.2ms  p99=62960.8ms
  TBT     mean=1457.2ms  p50=80.1ms  p99=16192.9ms
  TPOT    mean=1745.2ms  p50=1533.3ms  p99=5857.2ms
  E2E     mean=760772.0ms  p50=730614.6ms  p99=1727997.0ms
  Throughput: 42.3 tok/s  0.08 req/s

============================================================
  COMPARISON: Round 2 vs Round 1
============================================================
  Note: Round 1 is unique-only warmup, Round 2 is full repeated-load measurement; throughput is not directly comparable.
  TTFT speedup:      12.23x  (254664.1 -> 20815.9 ms)
  TBT speedup:       0.06x  (86.5 -> 1457.2 ms)
  E2E speedup:       0.39x  (298887.7 -> 760772.0 ms)

Results saved to exp/rdma_0416/pA_rdma2nic_l0_ctx128k_conc64_r2rand0_1024.json
