You are using a model of type `deepseek_v32` to instantiate a model of type ``. This may be expected if you are loading a checkpoint that shares a subset of the architecture (e.g., loading a `sam2_video` checkpoint into `Sam2Model`), but is otherwise not supported and can yield errors. Please verify that the checkpoint is compatible with the model you are instantiating.
Token indices sequence length is longer than the specified maximum sequence length for this model (614791 > 131072). Running this sequence through the model will result in indexing errors
Loading tokenizer...
Building 1 unique synthetic prompts (~32768 tokens in, 8192 out)...
  Server dp_size: 8
  Unique prompts: 1
  Round 1 requests: 8 (1 unique x 8 copies for 8 DP ranks)
  Round 2 requests: 256 (repeat_mode=interleaved)
  Round 2 output tokens: fixed at 8192
  Prompt length: min=32768 max=32768 mean=32768 tokens
  Output length: min=8192 max=8192 mean=8192 tokens
Request rate: 0.0 req/s  |  Max concurrency: 64

############################################################
  ROUND 1: Warmup (8 requests, max_concurrency=8)
############################################################

============================================================
  Round 1: Warmup
============================================================
  Requests:       8/8 succeeded
  Duration:       377.0 s
  Input tokens:   262144
  Output tokens:  65536

  TTFT    mean=57254.7ms  p50=57878.8ms  p99=60264.8ms
  TBT     mean=39.0ms  p50=38.1ms  p99=42.6ms
  TPOT    mean=39.0ms  p50=39.0ms  p99=39.8ms
  E2E     mean=376947.3ms  p50=376952.4ms  p99=377024.4ms
  Throughput: 173.8 tok/s  0.02 req/s

Pausing 3.0s between rounds...

############################################################
  ROUND 2: Measurement (repeated requests on warm cache)
############################################################

============================================================
  Round 2: Warm Measurement
============================================================
  Requests:       256/256 succeeded
  Duration:       2027.0 s
  Input tokens:   8388608
  Output tokens:  2063018

  TTFT    mean=15575.7ms  p50=15439.5ms  p99=46143.4ms
  TBT     mean=61.0ms  p50=56.4ms  p99=111.1ms
  TPOT    mean=61.9ms  p50=60.0ms  p99=120.1ms
  E2E     mean=506717.0ms  p50=505630.1ms  p99=515718.0ms
  Throughput: 1017.8 tok/s  0.13 req/s

============================================================
  COMPARISON: Round 2 vs Round 1
============================================================
  Note: Round 1 is unique-only warmup, Round 2 is full repeated-load measurement; throughput is not directly comparable.
  TTFT speedup:      3.68x  (57254.7 -> 15575.7 ms)
  TBT speedup:       0.64x  (39.0 -> 61.0 ms)
  E2E speedup:       0.74x  (376947.3 -> 506717.0 ms)

Results saved to exp/rdma_0416/pB_rdma2nic_l0_ctx32k_conc64_r2fix8k.json
