You are using a model of type `deepseek_v32` to instantiate a model of type ``. This may be expected if you are loading a checkpoint that shares a subset of the architecture (e.g., loading a `sam2_video` checkpoint into `Sam2Model`), but is otherwise not supported and can yield errors. Please verify that the checkpoint is compatible with the model you are instantiating.
Token indices sequence length is longer than the specified maximum sequence length for this model (2417031 > 131072). Running this sequence through the model will result in indexing errors
Loading tokenizer...
Building 1 unique synthetic prompts (~131072 tokens in, 2048 out)...
  Server dp_size: 8
  Unique prompts: 1
  Round 1 requests: 8 (1 unique x 8 copies for 8 DP ranks)
  Round 2 requests: 256 (repeat_mode=interleaved)
  Round 2 output tokens: fixed at 2048
  Prompt length: min=131072 max=131072 mean=131072 tokens
  Output length: min=2048 max=2048 mean=2048 tokens
Request rate: 0.0 req/s  |  Max concurrency: 64

############################################################
  ROUND 1: Warmup (8 requests, max_concurrency=8)
############################################################

============================================================
  Round 1: Warmup
============================================================
  Requests:       8/8 succeeded
  Duration:       362.3 s
  Input tokens:   1048576
  Output tokens:  16384

  TTFT    mean=254663.2ms  p50=260557.1ms  p99=260565.4ms
  TBT     mean=52.5ms  p50=41.7ms  p99=47.9ms
  TPOT    mean=52.5ms  p50=49.7ms  p99=64.4ms
  E2E     mean=362198.0ms  p50=362263.2ms  p99=362289.0ms
  Throughput: 45.2 tok/s  0.02 req/s

Pausing 3.0s between rounds...

############################################################
  ROUND 2: Measurement (repeated requests on warm cache)
############################################################

============================================================
  Round 2: Warm Measurement
============================================================
  Requests:       256/256 succeeded
  Duration:       1149.3 s
  Input tokens:   33554432
  Output tokens:  520621

  TTFT    mean=44330.8ms  p50=44852.1ms  p99=62040.8ms
  TBT     mean=119.5ms  p50=64.7ms  p99=82.2ms
  TPOT    mean=120.1ms  p50=114.8ms  p99=187.1ms
  E2E     mean=287271.8ms  p50=286605.4ms  p99=297442.1ms
  Throughput: 453.0 tok/s  0.22 req/s

============================================================
  COMPARISON: Round 2 vs Round 1
============================================================
  Note: Round 1 is unique-only warmup, Round 2 is full repeated-load measurement; throughput is not directly comparable.
  TTFT speedup:      5.74x  (254663.2 -> 44330.8 ms)
  TBT speedup:       0.44x  (52.5 -> 119.5 ms)
  E2E speedup:       1.26x  (362198.0 -> 287271.8 ms)

Results saved to exp/rdma_0416/pB_rdma2nic_l0_ctx128k_conc64_r2fix2k.json
