You are using a model of type `deepseek_v32` to instantiate a model of type ``. This may be expected if you are loading a checkpoint that shares a subset of the architecture (e.g., loading a `sam2_video` checkpoint into `Sam2Model`), but is otherwise not supported and can yield errors. Please verify that the checkpoint is compatible with the model you are instantiating.
Token indices sequence length is longer than the specified maximum sequence length for this model (614791 > 131072). Running this sequence through the model will result in indexing errors
Loading tokenizer...
Building 1 unique synthetic prompts (~32768 tokens in, 2048 out)...
  Server dp_size: 8
  Unique prompts: 1
  Round 1 requests: 8 (1 unique x 8 copies for 8 DP ranks)
  Round 2 requests: 256 (repeat_mode=interleaved)
  Round 2 output tokens: fixed at 2048
  Prompt length: min=32768 max=32768 mean=32768 tokens
  Output length: min=2048 max=2048 mean=2048 tokens
Request rate: 0.0 req/s  |  Max concurrency: 64

############################################################
  ROUND 1: Warmup (8 requests, max_concurrency=8)
############################################################

============================================================
  Round 1: Warmup
============================================================
  Requests:       8/8 succeeded
  Duration:       143.1 s
  Input tokens:   262144
  Output tokens:  16384

  TTFT    mean=57385.5ms  p50=58015.0ms  p99=60406.2ms
  TBT     mean=41.9ms  p50=38.3ms  p99=43.8ms
  TPOT    mean=41.9ms  p50=41.5ms  p99=45.0ms
  E2E     mean=143064.8ms  p50=143070.8ms  p99=143136.3ms
  Throughput: 114.5 tok/s  0.06 req/s

Pausing 3.0s between rounds...

############################################################
  ROUND 2: Measurement (repeated requests on warm cache)
############################################################

============================================================
  Round 2: Warm Measurement
============================================================
  Requests:       256/256 succeeded
  Duration:       644.4 s
  Input tokens:   8388608
  Output tokens:  517665

  TTFT    mean=16389.3ms  p50=15244.3ms  p99=39789.6ms
  TBT     mean=71.6ms  p50=56.9ms  p99=83.2ms
  TPOT    mean=72.3ms  p50=70.2ms  p99=138.4ms
  E2E     mean=161088.9ms  p50=159314.5ms  p99=169155.7ms
  Throughput: 803.3 tok/s  0.40 req/s

============================================================
  COMPARISON: Round 2 vs Round 1
============================================================
  Note: Round 1 is unique-only warmup, Round 2 is full repeated-load measurement; throughput is not directly comparable.
  TTFT speedup:      3.50x  (57385.5 -> 16389.3 ms)
  TBT speedup:       0.58x  (41.9 -> 71.6 ms)
  E2E speedup:       0.89x  (143064.8 -> 161088.9 ms)

Results saved to exp/rdma_0416/pB_rdma2nic_l0_ctx32k_conc64_r2fix2k.json
