You are using a model of type `deepseek_v32` to instantiate a model of type ``. This may be expected if you are loading a checkpoint that shares a subset of the architecture (e.g., loading a `sam2_video` checkpoint into `Sam2Model`), but is otherwise not supported and can yield errors. Please verify that the checkpoint is compatible with the model you are instantiating.
Token indices sequence length is longer than the specified maximum sequence length for this model (2417031 > 131072). Running this sequence through the model will result in indexing errors
Loading tokenizer...
Building 1 unique synthetic prompts (~131072 tokens in, 8192 out)...
  Server dp_size: 8
  Unique prompts: 1
  Round 1 requests: 8 (1 unique x 8 copies for 8 DP ranks)
  Round 2 requests: 256 (repeat_mode=interleaved)
  Round 2 output tokens: fixed at 8192
  Prompt length: min=131072 max=131072 mean=131072 tokens
  Output length: min=8192 max=8192 mean=8192 tokens
Request rate: 0.0 req/s  |  Max concurrency: 64

############################################################
  ROUND 1: Warmup (8 requests, max_concurrency=8)
############################################################

============================================================
  Round 1: Warmup
============================================================
  Requests:       8/8 succeeded
  Duration:       633.1 s
  Input tokens:   1048576
  Output tokens:  61505

  TTFT    mean=254655.0ms  p50=260558.4ms  p99=260571.8ms
  TBT     mean=49.2ms  p50=41.6ms  p99=126.7ms
  TPOT    mean=51.7ms  p50=45.5ms  p99=86.7ms
  E2E     mean=632897.1ms  p50=632964.9ms  p99=633044.5ms
  Throughput: 97.2 tok/s  0.01 req/s

Pausing 3.0s between rounds...

############################################################
  ROUND 2: Measurement (repeated requests on warm cache)
############################################################

============================================================
  Round 2: Warm Measurement
============================================================
  Requests:       256/256 succeeded
  Duration:       2742.5 s
  Input tokens:   33554432
  Output tokens:  2086498

  TTFT    mean=44800.1ms  p50=45607.8ms  p99=64490.7ms
  TBT     mean=78.6ms  p50=65.0ms  p99=78.5ms
  TPOT    mean=79.3ms  p50=77.8ms  p99=93.2ms
  E2E     mean=685570.0ms  p50=683269.6ms  p99=699281.2ms
  Throughput: 760.8 tok/s  0.09 req/s

============================================================
  COMPARISON: Round 2 vs Round 1
============================================================
  Note: Round 1 is unique-only warmup, Round 2 is full repeated-load measurement; throughput is not directly comparable.
  TTFT speedup:      5.68x  (254655.0 -> 44800.1 ms)
  TBT speedup:       0.63x  (49.2 -> 78.6 ms)
  E2E speedup:       0.92x  (632897.1 -> 685570.0 ms)

Results saved to exp/rdma_0416/pB_rdma2nic_l0_ctx128k_conc64_r2fix8k.json
