You are using a model of type `deepseek_v32` to instantiate a model of type ``. This may be expected if you are loading a checkpoint that shares a subset of the architecture (e.g., loading a `sam2_video` checkpoint into `Sam2Model`), but is otherwise not supported and can yield errors. Please verify that the checkpoint is compatible with the model you are instantiating.
Token indices sequence length is longer than the specified maximum sequence length for this model (1215556 > 131072). Running this sequence through the model will result in indexing errors
Loading tokenizer...
Building 1 unique synthetic prompts (~65536 tokens in, 512 out)...
  Server dp_size: 8
  Unique prompts: 1
  Round 1 requests: 8 (1 unique x 8 copies for 8 DP ranks)
  Round 2 requests: 512 (repeat_mode=interleaved)
  Round 2 output tokens: uniform random in [0, 1024] (seed=42) (sampled 0 → 1 for API)
  Prompt length: min=65536 max=65536 mean=65536 tokens
  Output length: min=1 max=1023 mean=524 tokens
Request rate: 0.0 req/s  |  Max concurrency: 80

############################################################
  ROUND 1: Warmup (8 requests, max_concurrency=8)
############################################################

============================================================
  Round 1: Warmup
============================================================
  Requests:       8/8 succeeded
  Duration:       132.5 s
  Input tokens:   524288
  Output tokens:  4096

  TTFT    mean=107975.3ms  p50=108614.8ms  p99=108617.4ms
  TBT     mean=47.8ms  p50=45.0ms  p99=49.5ms
  TPOT    mean=47.8ms  p50=46.6ms  p99=52.6ms
  E2E     mean=132387.6ms  p50=132448.8ms  p99=132452.6ms
  Throughput: 30.9 tok/s  0.06 req/s

Pausing 3.0s between rounds...

############################################################
  ROUND 2: Measurement (repeated requests on warm cache)
############################################################

============================================================
  Round 2: Warm Measurement
============================================================
  Requests:       512/512 succeeded
  Duration:       368.3 s
  Input tokens:   33554432
  Output tokens:  268120

  TTFT    mean=857.6ms  p50=437.7ms  p99=3376.5ms
  TBT     mean=99.4ms  p50=90.1ms  p99=232.8ms
  TPOT    mean=101.1ms  p50=102.6ms  p99=120.0ms
  E2E     mean=52816.0ms  p50=53800.3ms  p99=103879.0ms
  Throughput: 728.1 tok/s  1.39 req/s

============================================================
  COMPARISON: Round 2 vs Round 1
============================================================
  Note: Round 1 is unique-only warmup, Round 2 is full repeated-load measurement; throughput is not directly comparable.
  TTFT speedup:      125.90x  (107975.3 -> 857.6 ms)
  TBT speedup:       0.48x  (47.8 -> 99.4 ms)
  E2E speedup:       2.51x  (132387.6 -> 52816.0 ms)

Results saved to exp/dram_cxl_0416/p1_cxl_interleave_2_ctx64k_conc80_r2rand0_1024.json
