You are using a model of type `deepseek_v32` to instantiate a model of type ``. This may be expected if you are loading a checkpoint that shares a subset of the architecture (e.g., loading a `sam2_video` checkpoint into `Sam2Model`), but is otherwise not supported and can yield errors. Please verify that the checkpoint is compatible with the model you are instantiating.
Token indices sequence length is longer than the specified maximum sequence length for this model (314436 > 131072). Running this sequence through the model will result in indexing errors
Loading tokenizer...
Building 1 unique synthetic prompts (~16384 tokens in, 512 out)...
  Server dp_size: 8
  Unique prompts: 1
  Round 1 requests: 8 (1 unique x 8 copies for 8 DP ranks)
  Round 2 requests: 512 (repeat_mode=interleaved)
  Round 2 output tokens: uniform random in [0, 1024] (seed=42) (sampled 0 → 1 for API)
  Prompt length: min=16384 max=16384 mean=16384 tokens
  Output length: min=1 max=1023 mean=524 tokens
Request rate: 0.0 req/s  |  Max concurrency: 80

############################################################
  ROUND 1: Warmup (8 requests, max_concurrency=8)
############################################################

============================================================
  Round 1: Warmup
============================================================
  Requests:       8/8 succeeded
  Duration:       46.6 s
  Input tokens:   131072
  Output tokens:  4096

  TTFT    mean=25951.2ms  p50=25696.9ms  p99=26853.3ms
  TBT     mean=40.2ms  p50=38.2ms  p99=42.4ms
  TPOT    mean=40.2ms  p50=40.6ms  p99=43.1ms
  E2E     mean=46484.0ms  p50=46448.2ms  p99=46559.5ms
  Throughput: 88.0 tok/s  0.17 req/s

Pausing 3.0s between rounds...

############################################################
  ROUND 2: Measurement (repeated requests on warm cache)
############################################################

============================================================
  Round 2: Warm Measurement
============================================================
  Requests:       512/512 succeeded
  Duration:       309.0 s
  Input tokens:   8388608
  Output tokens:  267804

  TTFT    mean=595.4ms  p50=375.0ms  p99=1898.7ms
  TBT     mean=83.3ms  p50=73.0ms  p99=215.3ms
  TPOT    mean=84.5ms  p50=85.6ms  p99=101.0ms
  E2E     mean=44096.7ms  p50=45122.3ms  p99=86734.6ms
  Throughput: 866.7 tok/s  1.66 req/s

============================================================
  COMPARISON: Round 2 vs Round 1
============================================================
  Note: Round 1 is unique-only warmup, Round 2 is full repeated-load measurement; throughput is not directly comparable.
  TTFT speedup:      43.59x  (25951.2 -> 595.4 ms)
  TBT speedup:       0.48x  (40.2 -> 83.3 ms)
  E2E speedup:       1.05x  (46484.0 -> 44096.7 ms)

Results saved to exp/dram_cxl_0416/p1_dram_ctx16k_conc80_r2rand0_1024.json
