You are using a model of type `deepseek_v32` to instantiate a model of type ``. This may be expected if you are loading a checkpoint that shares a subset of the architecture (e.g., loading a `sam2_video` checkpoint into `Sam2Model`), but is otherwise not supported and can yield errors. Please verify that the checkpoint is compatible with the model you are instantiating.
Token indices sequence length is longer than the specified maximum sequence length for this model (614791 > 131072). Running this sequence through the model will result in indexing errors
Loading tokenizer...
Building 1 unique synthetic prompts (~32768 tokens in, 512 out)...
  Server dp_size: 8
  Unique prompts: 1
  Round 1 requests: 8 (1 unique x 8 copies for 8 DP ranks)
  Round 2 requests: 512 (repeat_mode=interleaved)
  Round 2 output tokens: uniform random in [0, 1024] (seed=42) (sampled 0 → 1 for API)
  Prompt length: min=32768 max=32768 mean=32768 tokens
  Output length: min=1 max=1023 mean=524 tokens
Request rate: 0.0 req/s  |  Max concurrency: 96

############################################################
  ROUND 1: Warmup (8 requests, max_concurrency=8)
############################################################

============================================================
  Round 1: Warmup
============================================================
  Requests:       8/8 succeeded
  Duration:       74.0 s
  Input tokens:   262144
  Output tokens:  4096

  TTFT    mean=52367.3ms  p50=53063.5ms  p99=53065.1ms
  TBT     mean=42.3ms  p50=40.6ms  p99=44.7ms
  TPOT    mean=42.3ms  p50=41.0ms  p99=46.2ms
  E2E     mean=73974.8ms  p50=74025.0ms  p99=74027.3ms
  Throughput: 55.3 tok/s  0.11 req/s

Pausing 3.0s between rounds...

############################################################
  ROUND 2: Measurement (repeated requests on warm cache)
############################################################

============================================================
  Round 2: Warm Measurement
============================================================
  Requests:       512/512 succeeded
  Duration:       283.3 s
  Input tokens:   16777216
  Output tokens:  268222

  TTFT    mean=741.7ms  p50=397.4ms  p99=2603.1ms
  TBT     mean=89.7ms  p50=78.2ms  p99=221.1ms
  TPOT    mean=91.3ms  p50=93.3ms  p99=118.2ms
  E2E     mean=47662.3ms  p50=48468.8ms  p99=94037.6ms
  Throughput: 946.7 tok/s  1.81 req/s

============================================================
  COMPARISON: Round 2 vs Round 1
============================================================
  Note: Round 1 is unique-only warmup, Round 2 is full repeated-load measurement; throughput is not directly comparable.
  TTFT speedup:      70.60x  (52367.3 -> 741.7 ms)
  TBT speedup:       0.47x  (42.3 -> 89.7 ms)
  E2E speedup:       1.55x  (73974.8 -> 47662.3 ms)

Results saved to exp/dram_cxl_0416/p1_dram_ctx32k_conc96_r2rand0_1024.json
