You are using a model of type `deepseek_v32` to instantiate a model of type ``. This may be expected if you are loading a checkpoint that shares a subset of the architecture (e.g., loading a `sam2_video` checkpoint into `Sam2Model`), but is otherwise not supported and can yield errors. Please verify that the checkpoint is compatible with the model you are instantiating.
Token indices sequence length is longer than the specified maximum sequence length for this model (2417031 > 131072). Running this sequence through the model will result in indexing errors
Loading tokenizer...
Building 1 unique synthetic prompts (~131072 tokens in, 512 out)...
  Server dp_size: 8
  Unique prompts: 1
  Round 1 requests: 8 (1 unique x 8 copies for 8 DP ranks)
  Round 2 requests: 512 (repeat_mode=interleaved)
  Round 2 output tokens: uniform random in [0, 1024] (seed=42) (sampled 0 → 1 for API)
  Prompt length: min=131072 max=131072 mean=131072 tokens
  Output length: min=1 max=1023 mean=524 tokens
Request rate: 0.0 req/s  |  Max concurrency: 96

############################################################
  ROUND 1: Warmup (8 requests, max_concurrency=8)
############################################################

============================================================
  Round 1: Warmup
============================================================
  Requests:       8/8 succeeded
  Duration:       255.4 s
  Input tokens:   1048576
  Output tokens:  4096

  TTFT    mean=231868.7ms  p50=232358.7ms  p99=232361.3ms
  TBT     mean=45.9ms  p50=44.2ms  p99=49.0ms
  TPOT    mean=45.9ms  p50=45.0ms  p99=51.6ms
  E2E     mean=255316.2ms  p50=255337.8ms  p99=255405.3ms
  Throughput: 16.0 tok/s  0.03 req/s

Pausing 3.0s between rounds...

############################################################
  ROUND 2: Measurement (repeated requests on warm cache)
############################################################

============================================================
  Round 2: Warm Measurement
============================================================
  Requests:       88/512 succeeded
  Duration:       119.5 s
  Input tokens:   11534336
  Output tokens:  28160

  TTFT    mean=5513.7ms  p50=7788.6ms  p99=7892.4ms
  TBT     mean=110.8ms  p50=95.6ms  p99=282.5ms
  TPOT    mean=109.0ms  p50=110.4ms  p99=144.1ms
  E2E     mean=40855.1ms  p50=39342.3ms  p99=87396.6ms
  Throughput: 235.6 tok/s  0.74 req/s

============================================================
  COMPARISON: Round 2 vs Round 1
============================================================
  Note: Round 1 is unique-only warmup, Round 2 is full repeated-load measurement; throughput is not directly comparable.
  TTFT speedup:      42.05x  (231868.7 -> 5513.7 ms)
  TBT speedup:       0.41x  (45.9 -> 110.8 ms)
  E2E speedup:       6.25x  (255316.2 -> 40855.1 ms)

Results saved to exp/dram_cxl_0416/p1_dram_ctx128k_conc96_r2rand0_1024.json
