You are using a model of type `deepseek_v32` to instantiate a model of type ``. This may be expected if you are loading a checkpoint that shares a subset of the architecture (e.g., loading a `sam2_video` checkpoint into `Sam2Model`), but is otherwise not supported and can yield errors. Please verify that the checkpoint is compatible with the model you are instantiating.
Token indices sequence length is longer than the specified maximum sequence length for this model (1215556 > 131072). Running this sequence through the model will result in indexing errors
Loading tokenizer...
Building 1 unique synthetic prompts (~65536 tokens in, 512 out)...
  Server dp_size: 8
  Unique prompts: 1
  Round 1 requests: 8 (1 unique x 8 copies for 8 DP ranks)
  Round 2 requests: 512 (repeat_mode=interleaved)
  Round 2 output tokens: uniform random in [0, 1024] (seed=42) (sampled 0 → 1 for API)
  Prompt length: min=65536 max=65536 mean=65536 tokens
  Output length: min=1 max=1023 mean=524 tokens
Request rate: 0.0 req/s  |  Max concurrency: 96

############################################################
  ROUND 1: Warmup (8 requests, max_concurrency=8)
############################################################

============================================================
  Round 1: Warmup
============================================================
  Requests:       8/8 succeeded
  Duration:       130.5 s
  Input tokens:   524288
  Output tokens:  4096

  TTFT    mean=108075.8ms  p50=108700.1ms  p99=108701.6ms
  TBT     mean=43.7ms  p50=42.0ms  p99=46.4ms
  TPOT    mean=43.7ms  p50=42.6ms  p99=48.4ms
  E2E     mean=130426.0ms  p50=130474.9ms  p99=130478.7ms
  Throughput: 31.4 tok/s  0.06 req/s

Pausing 3.0s between rounds...

############################################################
  ROUND 2: Measurement (repeated requests on warm cache)
############################################################

============================================================
  Round 2: Warm Measurement
============================================================
  Requests:       512/512 succeeded
  Duration:       302.5 s
  Input tokens:   33554432
  Output tokens:  267930

  TTFT    mean=1045.6ms  p50=425.3ms  p99=3900.3ms
  TBT     mean=95.6ms  p50=83.8ms  p99=228.7ms
  TPOT    mean=96.6ms  p50=99.1ms  p99=108.9ms
  E2E     mean=50966.1ms  p50=52044.6ms  p99=100091.9ms
  Throughput: 885.8 tok/s  1.69 req/s

============================================================
  COMPARISON: Round 2 vs Round 1
============================================================
  Note: Round 1 is unique-only warmup, Round 2 is full repeated-load measurement; throughput is not directly comparable.
  TTFT speedup:      103.37x  (108075.8 -> 1045.6 ms)
  TBT speedup:       0.46x  (43.7 -> 95.6 ms)
  E2E speedup:       2.56x  (130426.0 -> 50966.1 ms)

Results saved to exp/dram_cxl_0416/p1_dram_ctx64k_conc96_r2rand0_1024.json
