You are using a model of type `deepseek_v32` to instantiate a model of type ``. This may be expected if you are loading a checkpoint that shares a subset of the architecture (e.g., loading a `sam2_video` checkpoint into `Sam2Model`), but is otherwise not supported and can yield errors. Please verify that the checkpoint is compatible with the model you are instantiating.
Token indices sequence length is longer than the specified maximum sequence length for this model (614791 > 131072). Running this sequence through the model will result in indexing errors
Loading tokenizer...
Building 1 unique synthetic prompts (~32768 tokens in, 1024 out)...
  Server dp_size: 8
  Unique prompts: 1
  Round 1 requests: 8 (1 unique x 8 copies for 8 DP ranks)
  Round 2 requests: 512 (repeat_mode=interleaved)
  Round 2 output tokens: fixed at 1024
  Prompt length: min=32768 max=32768 mean=32768 tokens
  Output length: min=1024 max=1024 mean=1024 tokens
Request rate: 0.0 req/s  |  Max concurrency: 64

############################################################
  ROUND 1: Warmup (8 requests, max_concurrency=8)
############################################################

============================================================
  Round 1: Warmup
============================================================
  Requests:       8/8 succeeded
  Duration:       94.6 s
  Input tokens:   262144
  Output tokens:  8192

  TTFT    mean=52382.7ms  p50=53076.4ms  p99=53078.2ms
  TBT     mean=41.2ms  p50=40.3ms  p99=44.0ms
  TPOT    mean=41.2ms  p50=40.5ms  p99=43.1ms
  E2E     mean=94498.6ms  p50=94549.3ms  p99=94551.4ms
  Throughput: 86.6 tok/s  0.08 req/s

Pausing 3.0s between rounds...

############################################################
  ROUND 2: Measurement (repeated requests on warm cache)
############################################################

============================================================
  Round 2: Warm Measurement
============================================================
  Requests:       512/512 succeeded
  Duration:       503.7 s
  Input tokens:   16777216
  Output tokens:  523972

  TTFT    mean=1046.4ms  p50=1051.1ms  p99=1848.7ms
  TBT     mean=60.5ms  p50=59.8ms  p99=69.7ms
  TPOT    mean=60.5ms  p50=61.4ms  p99=63.0ms
  E2E     mean=62950.9ms  p50=63721.3ms  p99=65499.7ms
  Throughput: 1040.3 tok/s  1.02 req/s

============================================================
  COMPARISON: Round 2 vs Round 1
============================================================
  Note: Round 1 is unique-only warmup, Round 2 is full repeated-load measurement; throughput is not directly comparable.
  TTFT speedup:      50.06x  (52382.7 -> 1046.4 ms)
  TBT speedup:       0.68x  (41.2 -> 60.5 ms)
  E2E speedup:       1.50x  (94498.6 -> 62950.9 ms)

Results saved to exp/dram_cxl_0416/p2_dram_ctx32k_conc64_r2fix1k.json
