You are using a model of type `deepseek_v32` to instantiate a model of type ``. This may be expected if you are loading a checkpoint that shares a subset of the architecture (e.g., loading a `sam2_video` checkpoint into `Sam2Model`), but is otherwise not supported and can yield errors. Please verify that the checkpoint is compatible with the model you are instantiating.
Token indices sequence length is longer than the specified maximum sequence length for this model (614791 > 131072). Running this sequence through the model will result in indexing errors
Loading tokenizer...
Building 1 unique synthetic prompts (~32768 tokens in, 8192 out)...
  Server dp_size: 8
  Unique prompts: 1
  Round 1 requests: 8 (1 unique x 8 copies for 8 DP ranks)
  Round 2 requests: 512 (repeat_mode=interleaved)
  Round 2 output tokens: fixed at 8192
  Prompt length: min=32768 max=32768 mean=32768 tokens
  Output length: min=8192 max=8192 mean=8192 tokens
Request rate: 0.0 req/s  |  Max concurrency: 64

############################################################
  ROUND 1: Warmup (8 requests, max_concurrency=8)
############################################################

============================================================
  Round 1: Warmup
============================================================
  Requests:       8/8 succeeded
  Duration:       385.6 s
  Input tokens:   262144
  Output tokens:  65536

  TTFT    mean=52380.8ms  p50=53078.8ms  p99=53080.4ms
  TBT     mean=40.7ms  p50=40.5ms  p99=44.3ms
  TPOT    mean=40.7ms  p50=40.6ms  p99=40.9ms
  E2E     mean=385563.8ms  p50=385614.1ms  p99=385617.1ms
  Throughput: 169.9 tok/s  0.02 req/s

Pausing 3.0s between rounds...

############################################################
  ROUND 2: Measurement (repeated requests on warm cache)
############################################################

============================================================
  Round 2: Warm Measurement
============================================================
  Requests:       512/512 succeeded
  Duration:       3623.3 s
  Input tokens:   16777216
  Output tokens:  4191716

  TTFT    mean=1027.1ms  p50=965.1ms  p99=1885.2ms
  TBT     mean=55.2ms  p50=54.7ms  p99=64.0ms
  TPOT    mean=55.2ms  p50=55.7ms  p99=57.1ms
  E2E     mean=452912.5ms  p50=456124.1ms  p99=468969.6ms
  Throughput: 1156.9 tok/s  0.14 req/s

============================================================
  COMPARISON: Round 2 vs Round 1
============================================================
  Note: Round 1 is unique-only warmup, Round 2 is full repeated-load measurement; throughput is not directly comparable.
  TTFT speedup:      51.00x  (52380.8 -> 1027.1 ms)
  TBT speedup:       0.74x  (40.7 -> 55.2 ms)
  E2E speedup:       0.85x  (385563.8 -> 452912.5 ms)

Results saved to exp/dram_cxl_0416/p2_dram_ctx32k_conc64_r2fix8k.json
