You are using a model of type `deepseek_v32` to instantiate a model of type ``. This may be expected if you are loading a checkpoint that shares a subset of the architecture (e.g., loading a `sam2_video` checkpoint into `Sam2Model`), but is otherwise not supported and can yield errors. Please verify that the checkpoint is compatible with the model you are instantiating.
Token indices sequence length is longer than the specified maximum sequence length for this model (614791 > 131072). Running this sequence through the model will result in indexing errors
Loading tokenizer...
Building 1 unique synthetic prompts (~32768 tokens in, 4096 out)...
  Server dp_size: 8
  Unique prompts: 1
  Round 1 requests: 8 (1 unique x 8 copies for 8 DP ranks)
  Round 2 requests: 512 (repeat_mode=interleaved)
  Round 2 output tokens: fixed at 4096
  Prompt length: min=32768 max=32768 mean=32768 tokens
  Output length: min=4096 max=4096 mean=4096 tokens
Request rate: 0.0 req/s  |  Max concurrency: 64

############################################################
  ROUND 1: Warmup (8 requests, max_concurrency=8)
############################################################

============================================================
  Round 1: Warmup
============================================================
  Requests:       8/8 succeeded
  Duration:       219.2 s
  Input tokens:   262144
  Output tokens:  32768

  TTFT    mean=52442.3ms  p50=53139.2ms  p99=53140.9ms
  TBT     mean=40.7ms  p50=40.4ms  p99=43.9ms
  TPOT    mean=40.7ms  p50=40.5ms  p99=41.2ms
  E2E     mean=219120.0ms  p50=219169.1ms  p99=219171.4ms
  Throughput: 149.5 tok/s  0.04 req/s

Pausing 3.0s between rounds...

############################################################
  ROUND 2: Measurement (repeated requests on warm cache)
############################################################

============================================================
  Round 2: Warm Measurement
============================================================
  Requests:       512/512 succeeded
  Duration:       1837.7 s
  Input tokens:   16777216
  Output tokens:  2092854

  TTFT    mean=1028.7ms  p50=980.9ms  p99=1894.1ms
  TBT     mean=56.0ms  p50=55.3ms  p99=65.9ms
  TPOT    mean=56.0ms  p50=56.2ms  p99=58.1ms
  E2E     mean=229706.8ms  p50=229849.3ms  p99=237312.7ms
  Throughput: 1138.8 tok/s  0.28 req/s

============================================================
  COMPARISON: Round 2 vs Round 1
============================================================
  Note: Round 1 is unique-only warmup, Round 2 is full repeated-load measurement; throughput is not directly comparable.
  TTFT speedup:      50.98x  (52442.3 -> 1028.7 ms)
  TBT speedup:       0.73x  (40.7 -> 56.0 ms)
  E2E speedup:       0.95x  (219120.0 -> 229706.8 ms)

Results saved to exp/dram_cxl_0416/p2_dram_ctx32k_conc64_r2fix4k.json
