You are using a model of type `deepseek_v32` to instantiate a model of type ``. This may be expected if you are loading a checkpoint that shares a subset of the architecture (e.g., loading a `sam2_video` checkpoint into `Sam2Model`), but is otherwise not supported and can yield errors. Please verify that the checkpoint is compatible with the model you are instantiating.
Token indices sequence length is longer than the specified maximum sequence length for this model (2417031 > 131072). Running this sequence through the model will result in indexing errors
Loading tokenizer...
Building 1 unique synthetic prompts (~131072 tokens in, 2048 out)...
  Server dp_size: 8
  Unique prompts: 1
  Round 1 requests: 8 (1 unique x 8 copies for 8 DP ranks)
  Round 2 requests: 512 (repeat_mode=interleaved)
  Round 2 output tokens: fixed at 2048
  Prompt length: min=131072 max=131072 mean=131072 tokens
  Output length: min=2048 max=2048 mean=2048 tokens
Request rate: 0.0 req/s  |  Max concurrency: 64

############################################################
  ROUND 1: Warmup (8 requests, max_concurrency=8)
############################################################

============================================================
  Round 1: Warmup
============================================================
  Requests:       8/8 succeeded
  Duration:       320.9 s
  Input tokens:   1048576
  Output tokens:  16384

  TTFT    mean=231883.2ms  p50=232372.8ms  p99=232376.2ms
  TBT     mean=43.5ms  p50=43.0ms  p99=47.0ms
  TPOT    mean=43.5ms  p50=43.2ms  p99=44.9ms
  E2E     mean=320873.8ms  p50=320908.3ms  p99=320916.3ms
  Throughput: 51.1 tok/s  0.02 req/s

Pausing 3.0s between rounds...

############################################################
  ROUND 2: Measurement (repeated requests on warm cache)
############################################################

============================================================
  Round 2: Warm Measurement
============================================================
  Requests:       512/512 succeeded
  Duration:       1156.0 s
  Input tokens:   67108864
  Output tokens:  1047734

  TTFT    mean=1838.6ms  p50=1484.4ms  p99=5303.0ms
  TBT     mean=69.7ms  p50=67.1ms  p99=82.5ms
  TPOT    mean=69.7ms  p50=69.9ms  p99=71.3ms
  E2E     mean=144428.9ms  p50=144762.8ms  p99=148090.1ms
  Throughput: 906.3 tok/s  0.44 req/s

============================================================
  COMPARISON: Round 2 vs Round 1
============================================================
  Note: Round 1 is unique-only warmup, Round 2 is full repeated-load measurement; throughput is not directly comparable.
  TTFT speedup:      126.12x  (231883.2 -> 1838.6 ms)
  TBT speedup:       0.62x  (43.5 -> 69.7 ms)
  E2E speedup:       2.22x  (320873.8 -> 144428.9 ms)

Results saved to exp/dram_cxl_0416/p2_dram_ctx128k_conc64_r2fix2k.json
