You are using a model of type `deepseek_v32` to instantiate a model of type ``. This may be expected if you are loading a checkpoint that shares a subset of the architecture (e.g., loading a `sam2_video` checkpoint into `Sam2Model`), but is otherwise not supported and can yield errors. Please verify that the checkpoint is compatible with the model you are instantiating.
Token indices sequence length is longer than the specified maximum sequence length for this model (614791 > 131072). Running this sequence through the model will result in indexing errors
Loading tokenizer...
Building 1 unique synthetic prompts (~32768 tokens in, 2048 out)...
  Server dp_size: 8
  Unique prompts: 1
  Round 1 requests: 8 (1 unique x 8 copies for 8 DP ranks)
  Round 2 requests: 512 (repeat_mode=interleaved)
  Round 2 output tokens: fixed at 2048
  Prompt length: min=32768 max=32768 mean=32768 tokens
  Output length: min=2048 max=2048 mean=2048 tokens
Request rate: 0.0 req/s  |  Max concurrency: 64

############################################################
  ROUND 1: Warmup (8 requests, max_concurrency=8)
############################################################

============================================================
  Round 1: Warmup
============================================================
  Requests:       8/8 succeeded
  Duration:       136.3 s
  Input tokens:   262144
  Output tokens:  16384

  TTFT    mean=52448.7ms  p50=53146.4ms  p99=53147.7ms
  TBT     mean=40.9ms  p50=40.5ms  p99=44.6ms
  TPOT    mean=40.9ms  p50=40.6ms  p99=41.9ms
  E2E     mean=136241.2ms  p50=136290.8ms  p99=136291.7ms
  Throughput: 120.2 tok/s  0.06 req/s

Pausing 3.0s between rounds...

############################################################
  ROUND 2: Measurement (repeated requests on warm cache)
############################################################

============================================================
  Round 2: Warm Measurement
============================================================
  Requests:       512/512 succeeded
  Duration:       987.2 s
  Input tokens:   16777216
  Output tokens:  1046422

  TTFT    mean=1020.0ms  p50=955.7ms  p99=1840.2ms
  TBT     mean=59.9ms  p50=58.8ms  p99=73.3ms
  TPOT    mean=59.9ms  p50=60.2ms  p99=61.9ms
  E2E     mean=123394.0ms  p50=124077.3ms  p99=127244.4ms
  Throughput: 1060.0 tok/s  0.52 req/s

============================================================
  COMPARISON: Round 2 vs Round 1
============================================================
  Note: Round 1 is unique-only warmup, Round 2 is full repeated-load measurement; throughput is not directly comparable.
  TTFT speedup:      51.42x  (52448.7 -> 1020.0 ms)
  TBT speedup:       0.68x  (40.9 -> 59.9 ms)
  E2E speedup:       1.10x  (136241.2 -> 123394.0 ms)

Results saved to exp/dram_cxl_0416/p2_dram_ctx32k_conc64_r2fix2k.json
