You are using a model of type `deepseek_v32` to instantiate a model of type ``. This may be expected if you are loading a checkpoint that shares a subset of the architecture (e.g., loading a `sam2_video` checkpoint into `Sam2Model`), but is otherwise not supported and can yield errors. Please verify that the checkpoint is compatible with the model you are instantiating.
Token indices sequence length is longer than the specified maximum sequence length for this model (2417031 > 131072). Running this sequence through the model will result in indexing errors
Loading tokenizer...
Building 1 unique synthetic prompts (~131072 tokens in, 4096 out)...
  Server dp_size: 8
  Unique prompts: 1
  Round 1 requests: 8 (1 unique x 8 copies for 8 DP ranks)
  Round 2 requests: 512 (repeat_mode=interleaved)
  Round 2 output tokens: fixed at 4096
  Prompt length: min=131072 max=131072 mean=131072 tokens
  Output length: min=4096 max=4096 mean=4096 tokens
Request rate: 0.0 req/s  |  Max concurrency: 64

############################################################
  ROUND 1: Warmup (8 requests, max_concurrency=8)
############################################################

============================================================
  Round 1: Warmup
============================================================
  Requests:       8/8 succeeded
  Duration:       413.6 s
  Input tokens:   1048576
  Output tokens:  32768

  TTFT    mean=231837.6ms  p50=232328.7ms  p99=232331.0ms
  TBT     mean=44.4ms  p50=44.1ms  p99=47.7ms
  TPOT    mean=44.4ms  p50=44.3ms  p99=45.1ms
  E2E     mean=413565.7ms  p50=413602.8ms  p99=413639.2ms
  Throughput: 79.2 tok/s  0.02 req/s

Pausing 3.0s between rounds...

############################################################
  ROUND 2: Measurement (repeated requests on warm cache)
############################################################

============================================================
  Round 2: Warm Measurement
============================================================
  Requests:       512/512 succeeded
  Duration:       2097.6 s
  Input tokens:   67108864
  Output tokens:  2088459

  TTFT    mean=1827.3ms  p50=1494.0ms  p99=5221.8ms
  TBT     mean=63.8ms  p50=62.0ms  p99=78.2ms
  TPOT    mean=64.0ms  p50=63.1ms  p99=68.7ms
  E2E     mean=262118.6ms  p50=260260.0ms  p99=268110.5ms
  Throughput: 995.7 tok/s  0.24 req/s

============================================================
  COMPARISON: Round 2 vs Round 1
============================================================
  Note: Round 1 is unique-only warmup, Round 2 is full repeated-load measurement; throughput is not directly comparable.
  TTFT speedup:      126.88x  (231837.6 -> 1827.3 ms)
  TBT speedup:       0.70x  (44.4 -> 63.8 ms)
  E2E speedup:       1.58x  (413565.7 -> 262118.6 ms)

Results saved to exp/dram_cxl_0416/p2_dram_ctx128k_conc64_r2fix4k.json
