You are using a model of type `deepseek_v32` to instantiate a model of type ``. This may be expected if you are loading a checkpoint that shares a subset of the architecture (e.g., loading a `sam2_video` checkpoint into `Sam2Model`), but is otherwise not supported and can yield errors. Please verify that the checkpoint is compatible with the model you are instantiating.
Token indices sequence length is longer than the specified maximum sequence length for this model (314436 > 131072). Running this sequence through the model will result in indexing errors
Loading tokenizer...
Building 1 unique synthetic prompts (~16384 tokens in, 1024 out)...
  Server dp_size: 8
  Unique prompts: 1
  Round 1 requests: 8 (1 unique x 8 copies for 8 DP ranks)
  Round 2 requests: 128 (repeat_mode=interleaved)
  Round 2 output tokens: fixed at 1024
  Prompt length: min=16384 max=16384 mean=16384 tokens
  Output length: min=1024 max=1024 mean=1024 tokens
Request rate: 0.0 req/s  |  Max concurrency: 64

############################################################
  ROUND 1: Warmup (8 requests, max_concurrency=8)
############################################################

============================================================
  Round 1: Warmup
============================================================
  Requests:       8/8 succeeded
  Duration:       67.2 s
  Input tokens:   131072
  Output tokens:  8192

  TTFT    mean=26006.7ms  p50=25741.3ms  p99=26928.8ms
  TBT     mean=40.2ms  p50=39.1ms  p99=43.0ms
  TPOT    mean=40.2ms  p50=40.4ms  p99=41.7ms
  E2E     mean=67106.0ms  p50=67068.9ms  p99=67183.2ms
  Throughput: 121.9 tok/s  0.12 req/s

Pausing 3.0s between rounds...

############################################################
  ROUND 2: Measurement (repeated requests on warm cache)
############################################################

============================================================
  Round 2: Warm Measurement
============================================================
  Requests:       128/128 succeeded
  Duration:       113.0 s
  Input tokens:   2097152
  Output tokens:  131042

  TTFT    mean=1264.9ms  p50=1167.6ms  p99=1720.5ms
  TBT     mean=54.0ms  p50=52.9ms  p99=73.0ms
  TPOT    mean=54.0ms  p50=54.2ms  p99=55.8ms
  E2E     mean=56489.6ms  p50=56506.5ms  p99=57709.5ms
  Throughput: 1159.4 tok/s  1.13 req/s

============================================================
  COMPARISON: Round 2 vs Round 1
============================================================
  Note: Round 1 is unique-only warmup, Round 2 is full repeated-load measurement; throughput is not directly comparable.
  TTFT speedup:      20.56x  (26006.7 -> 1264.9 ms)
  TBT speedup:       0.74x  (40.2 -> 54.0 ms)
  E2E speedup:       1.19x  (67106.0 -> 56489.6 ms)

Results saved to exp-new/dc_0502/p1_02_cxl2_ctx16k_conc64_r2fix1k_n128.json
