You are using a model of type `deepseek_v32` to instantiate a model of type ``. This may be expected if you are loading a checkpoint that shares a subset of the architecture (e.g., loading a `sam2_video` checkpoint into `Sam2Model`), but is otherwise not supported and can yield errors. Please verify that the checkpoint is compatible with the model you are instantiating.
Token indices sequence length is longer than the specified maximum sequence length for this model (314436 > 131072). Running this sequence through the model will result in indexing errors
Loading tokenizer...
Building 1 unique synthetic prompts (~16384 tokens in, 1024 out)...
  Server dp_size: 8
  Unique prompts: 1
  Round 1 requests: 8 (1 unique x 8 copies for 8 DP ranks)
  Round 2 requests: 128 (repeat_mode=interleaved)
  Round 2 output tokens: fixed at 1024
  Prompt length: min=16384 max=16384 mean=16384 tokens
  Output length: min=1024 max=1024 mean=1024 tokens
Request rate: 0.0 req/s  |  Max concurrency: 64

############################################################
  ROUND 1: Warmup (8 requests, max_concurrency=8)
############################################################

============================================================
  Round 1: Warmup
============================================================
  Requests:       8/8 succeeded
  Duration:       65.7 s
  Input tokens:   131072
  Output tokens:  8192

  TTFT    mean=26093.6ms  p50=26287.2ms  p99=26859.8ms
  TBT     mean=38.7ms  p50=37.8ms  p99=41.1ms
  TPOT    mean=38.7ms  p50=38.5ms  p99=40.4ms
  E2E     mean=65684.6ms  p50=65689.1ms  p99=65746.3ms
  Throughput: 124.6 tok/s  0.12 req/s

Pausing 3.0s between rounds...

############################################################
  ROUND 2: Measurement (repeated requests on warm cache)
############################################################

============================================================
  Round 2: Warm Measurement
============================================================
  Requests:       128/128 succeeded
  Duration:       112.4 s
  Input tokens:   2097152
  Output tokens:  130996

  TTFT    mean=1205.4ms  p50=1089.1ms  p99=1573.2ms
  TBT     mean=53.8ms  p50=53.3ms  p99=62.4ms
  TPOT    mean=53.8ms  p50=54.0ms  p99=55.4ms
  E2E     mean=56171.3ms  p50=56188.7ms  p99=57114.4ms
  Throughput: 1165.6 tok/s  1.14 req/s

============================================================
  COMPARISON: Round 2 vs Round 1
============================================================
  Note: Round 1 is unique-only warmup, Round 2 is full repeated-load measurement; throughput is not directly comparable.
  TTFT speedup:      21.65x  (26093.6 -> 1205.4 ms)
  TBT speedup:       0.72x  (38.7 -> 53.8 ms)
  E2E speedup:       1.17x  (65684.6 -> 56171.3 ms)

Results saved to exp-new/dc_0502/p2_09_dram_ctx16k_conc64_r2fix1k_n128.json
