You are using a model of type `deepseek_v32` to instantiate a model of type ``. This may be expected if you are loading a checkpoint that shares a subset of the architecture (e.g., loading a `sam2_video` checkpoint into `Sam2Model`), but is otherwise not supported and can yield errors. Please verify that the checkpoint is compatible with the model you are instantiating.
Token indices sequence length is longer than the specified maximum sequence length for this model (314436 > 131072). Running this sequence through the model will result in indexing errors
Loading tokenizer...
Building 1 unique synthetic prompts (~16384 tokens in, 1024 out)...
  Server dp_size: 8
  Unique prompts: 1
  Round 1 requests: 8 (1 unique x 8 copies for 8 DP ranks)
  Round 2 requests: 16 (repeat_mode=interleaved)
  Round 2 output tokens: fixed at 1024
  Prompt length: min=16384 max=16384 mean=16384 tokens
  Output length: min=1024 max=1024 mean=1024 tokens
Request rate: 0.0 req/s  |  Max concurrency: 8

############################################################
  ROUND 1: Warmup (8 requests, max_concurrency=8)
############################################################

============================================================
  Round 1: Warmup
============================================================
  Requests:       8/8 succeeded
  Duration:       67.2 s
  Input tokens:   131072
  Output tokens:  8192

  TTFT    mean=26116.1ms  p50=26311.2ms  p99=26907.8ms
  TBT     mean=40.1ms  p50=39.2ms  p99=43.2ms
  TPOT    mean=40.1ms  p50=40.0ms  p99=41.9ms
  E2E     mean=67183.9ms  p50=67188.6ms  p99=67247.8ms
  Throughput: 121.8 tok/s  0.12 req/s

Pausing 3.0s between rounds...

############################################################
  ROUND 2: Measurement (repeated requests on warm cache)
############################################################

============================================================
  Round 2: Warm Measurement
============================================================
  Requests:       16/16 succeeded
  Duration:       74.2 s
  Input tokens:   262144
  Output tokens:  16384

  TTFT    mean=439.7ms  p50=404.6ms  p99=576.4ms
  TBT     mean=35.8ms  p50=35.4ms  p99=39.4ms
  TPOT    mean=35.8ms  p50=35.9ms  p99=36.0ms
  E2E     mean=37079.4ms  p50=37049.0ms  p99=37339.6ms
  Throughput: 220.8 tok/s  0.22 req/s

============================================================
  COMPARISON: Round 2 vs Round 1
============================================================
  Note: Round 1 is unique-only warmup, Round 2 is full repeated-load measurement; throughput is not directly comparable.
  TTFT speedup:      59.39x  (26116.1 -> 439.7 ms)
  TBT speedup:       1.12x  (40.1 -> 35.8 ms)
  E2E speedup:       1.81x  (67183.9 -> 37079.4 ms)

Results saved to exp-new/dc_0502/p2_02_cxl2_ctx16k_conc8_r2fix1k_n16.json
