You are using a model of type `deepseek_v32` to instantiate a model of type ``. This may be expected if you are loading a checkpoint that shares a subset of the architecture (e.g., loading a `sam2_video` checkpoint into `Sam2Model`), but is otherwise not supported and can yield errors. Please verify that the checkpoint is compatible with the model you are instantiating.
Token indices sequence length is longer than the specified maximum sequence length for this model (614791 > 131072). Running this sequence through the model will result in indexing errors
Loading tokenizer...
Building 1 unique synthetic prompts (~32768 tokens in, 1024 out)...
  Server dp_size: 8
  Unique prompts: 1
  Round 1 requests: 8 (1 unique x 8 copies for 8 DP ranks)
  Round 2 requests: 32 (repeat_mode=interleaved)
  Round 2 output tokens: fixed at 1024
  Prompt length: min=32768 max=32768 mean=32768 tokens
  Output length: min=1024 max=1024 mean=1024 tokens
Request rate: 0.0 req/s  |  Max concurrency: 16

############################################################
  ROUND 1: Warmup (8 requests, max_concurrency=8)
############################################################

============================================================
  Round 1: Warmup
============================================================
  Requests:       8/8 succeeded
  Duration:       94.5 s
  Input tokens:   262144
  Output tokens:  8192

  TTFT    mean=52257.2ms  p50=52951.8ms  p99=52953.8ms
  TBT     mean=41.2ms  p50=40.4ms  p99=43.5ms
  TPOT    mean=41.2ms  p50=40.6ms  p99=43.2ms
  E2E     mean=94434.2ms  p50=94485.0ms  p99=94487.5ms
  Throughput: 86.7 tok/s  0.08 req/s

Pausing 3.0s between rounds...

############################################################
  ROUND 2: Measurement (repeated requests on warm cache)
############################################################

============================================================
  Round 2: Warm Measurement
============================================================
  Requests:       32/32 succeeded
  Duration:       89.5 s
  Input tokens:   1048576
  Output tokens:  32757

  TTFT    mean=640.1ms  p50=675.6ms  p99=848.8ms
  TBT     mean=43.1ms  p50=42.6ms  p99=52.4ms
  TPOT    mean=43.1ms  p50=43.1ms  p99=45.0ms
  E2E     mean=44689.6ms  p50=44725.1ms  p99=46292.0ms
  Throughput: 366.2 tok/s  0.36 req/s

============================================================
  COMPARISON: Round 2 vs Round 1
============================================================
  Note: Round 1 is unique-only warmup, Round 2 is full repeated-load measurement; throughput is not directly comparable.
  TTFT speedup:      81.64x  (52257.2 -> 640.1 ms)
  TBT speedup:       0.96x  (41.2 -> 43.1 ms)
  E2E speedup:       2.11x  (94434.2 -> 44689.6 ms)

Results saved to exp-new/dc_0502/p2_17_dram_ctx32k_conc16_r2fix1k_n32.json
