You are using a model of type `deepseek_v32` to instantiate a model of type ``. This may be expected if you are loading a checkpoint that shares a subset of the architecture (e.g., loading a `sam2_video` checkpoint into `Sam2Model`), but is otherwise not supported and can yield errors. Please verify that the checkpoint is compatible with the model you are instantiating.
Token indices sequence length is longer than the specified maximum sequence length for this model (614791 > 131072). Running this sequence through the model will result in indexing errors
Loading tokenizer...
Building 1 unique synthetic prompts (~32768 tokens in, 1024 out)...
  Server dp_size: 8
  Unique prompts: 1
  Round 1 requests: 8 (1 unique x 8 copies for 8 DP ranks)
  Round 2 requests: 16 (repeat_mode=interleaved)
  Round 2 output tokens: fixed at 1024
  Prompt length: min=32768 max=32768 mean=32768 tokens
  Output length: min=1024 max=1024 mean=1024 tokens
Request rate: 0.0 req/s  |  Max concurrency: 8

############################################################
  ROUND 1: Warmup (8 requests, max_concurrency=8)
############################################################

============================================================
  Round 1: Warmup
============================================================
  Requests:       8/8 succeeded
  Duration:       96.5 s
  Input tokens:   262144
  Output tokens:  8192

  TTFT    mean=52287.5ms  p50=52994.3ms  p99=52995.2ms
  TBT     mean=43.1ms  p50=42.0ms  p99=45.9ms
  TPOT    mean=43.1ms  p50=42.5ms  p99=45.1ms
  E2E     mean=96408.3ms  p50=96460.6ms  p99=96463.1ms
  Throughput: 84.9 tok/s  0.08 req/s

Pausing 3.0s between rounds...

############################################################
  ROUND 2: Measurement (repeated requests on warm cache)
############################################################

============================================================
  Round 2: Warm Measurement
============================================================
  Requests:       16/16 succeeded
  Duration:       81.5 s
  Input tokens:   524288
  Output tokens:  16381

  TTFT    mean=478.9ms  p50=459.6ms  p99=628.9ms
  TBT     mean=39.4ms  p50=38.7ms  p99=49.0ms
  TPOT    mean=39.4ms  p50=39.3ms  p99=39.9ms
  E2E     mean=40725.5ms  p50=40760.1ms  p99=41160.5ms
  Throughput: 200.9 tok/s  0.20 req/s

============================================================
  COMPARISON: Round 2 vs Round 1
============================================================
  Note: Round 1 is unique-only warmup, Round 2 is full repeated-load measurement; throughput is not directly comparable.
  TTFT speedup:      109.18x  (52287.5 -> 478.9 ms)
  TBT speedup:       1.10x  (43.1 -> 39.4 ms)
  E2E speedup:       2.37x  (96408.3 -> 40725.5 ms)

Results saved to exp-new/dc_0502/p2_16_cxl2_ctx32k_conc8_r2fix1k_n16.json
