You are using a model of type `deepseek_v32` to instantiate a model of type ``. This may be expected if you are loading a checkpoint that shares a subset of the architecture (e.g., loading a `sam2_video` checkpoint into `Sam2Model`), but is otherwise not supported and can yield errors. Please verify that the checkpoint is compatible with the model you are instantiating.
Token indices sequence length is longer than the specified maximum sequence length for this model (614791 > 131072). Running this sequence through the model will result in indexing errors
Loading tokenizer...
Building 1 unique synthetic prompts (~32768 tokens in, 1024 out)...
  Server dp_size: 8
  Unique prompts: 1
  Round 1 requests: 8 (1 unique x 8 copies for 8 DP ranks)
  Round 2 requests: 64 (repeat_mode=interleaved)
  Round 2 output tokens: fixed at 1024
  Prompt length: min=32768 max=32768 mean=32768 tokens
  Output length: min=1024 max=1024 mean=1024 tokens
Request rate: 0.0 req/s  |  Max concurrency: 32

############################################################
  ROUND 1: Warmup (8 requests, max_concurrency=8)
############################################################

============================================================
  Round 1: Warmup
============================================================
  Requests:       8/8 succeeded
  Duration:       96.3 s
  Input tokens:   262144
  Output tokens:  8192

  TTFT    mean=52291.4ms  p50=52999.1ms  p99=53000.3ms
  TBT     mean=43.0ms  p50=41.8ms  p99=46.0ms
  TPOT    mean=43.0ms  p50=42.3ms  p99=45.0ms
  E2E     mean=96236.1ms  p50=96288.3ms  p99=96290.5ms
  Throughput: 85.1 tok/s  0.08 req/s

Pausing 3.0s between rounds...

############################################################
  ROUND 2: Measurement (repeated requests on warm cache)
############################################################

============================================================
  Round 2: Warm Measurement
============================================================
  Requests:       64/64 succeeded
  Duration:       103.3 s
  Input tokens:   2097152
  Output tokens:  65502

  TTFT    mean=996.0ms  p50=860.5ms  p99=1510.3ms
  TBT     mean=49.5ms  p50=49.3ms  p99=65.0ms
  TPOT    mean=49.5ms  p50=49.7ms  p99=53.6ms
  E2E     mean=51642.9ms  p50=51671.1ms  p99=55187.5ms
  Throughput: 633.8 tok/s  0.62 req/s

============================================================
  COMPARISON: Round 2 vs Round 1
============================================================
  Note: Round 1 is unique-only warmup, Round 2 is full repeated-load measurement; throughput is not directly comparable.
  TTFT speedup:      52.50x  (52291.4 -> 996.0 ms)
  TBT speedup:       0.87x  (43.0 -> 49.5 ms)
  E2E speedup:       1.86x  (96236.1 -> 51642.9 ms)

Results saved to exp-new/dc_0502/p2_20_cxl2_ctx32k_conc32_r2fix1k_n64.json
