You are using a model of type `deepseek_v32` to instantiate a model of type ``. This may be expected if you are loading a checkpoint that shares a subset of the architecture (e.g., loading a `sam2_video` checkpoint into `Sam2Model`), but is otherwise not supported and can yield errors. Please verify that the checkpoint is compatible with the model you are instantiating.
Token indices sequence length is longer than the specified maximum sequence length for this model (614791 > 131072). Running this sequence through the model will result in indexing errors
Loading tokenizer...
Building 1 unique synthetic prompts (~32768 tokens in, 1024 out)...
  Server dp_size: 8
  Unique prompts: 1
  Round 1 requests: 8 (1 unique x 8 copies for 8 DP ranks)
  Round 2 requests: 160 (repeat_mode=interleaved)
  Round 2 output tokens: fixed at 1024
  Prompt length: min=32768 max=32768 mean=32768 tokens
  Output length: min=1024 max=1024 mean=1024 tokens
Request rate: 0.0 req/s  |  Max concurrency: 80

############################################################
  ROUND 1: Warmup (8 requests, max_concurrency=8)
############################################################

============================================================
  Round 1: Warmup
============================================================
  Requests:       8/8 succeeded
  Duration:       94.3 s
  Input tokens:   262144
  Output tokens:  8192

  TTFT    mean=52345.6ms  p50=53041.7ms  p99=53043.3ms
  TBT     mean=41.0ms  p50=40.1ms  p99=43.7ms
  TPOT    mean=41.0ms  p50=40.3ms  p99=42.9ms
  E2E     mean=94246.2ms  p50=94297.0ms  p99=94298.8ms
  Throughput: 86.9 tok/s  0.08 req/s

Pausing 3.0s between rounds...

############################################################
  ROUND 2: Measurement (repeated requests on warm cache)
############################################################

============================================================
  Round 2: Warm Measurement
============================================================
  Requests:       160/160 succeeded
  Duration:       137.3 s
  Input tokens:   5242880
  Output tokens:  163664

  TTFT    mean=1453.4ms  p50=1457.3ms  p99=2239.7ms
  TBT     mean=65.7ms  p50=64.5ms  p99=78.3ms
  TPOT    mean=65.7ms  p50=66.6ms  p99=67.3ms
  E2E     mean=68594.7ms  p50=68621.1ms  p99=70116.6ms
  Throughput: 1192.3 tok/s  1.17 req/s

============================================================
  COMPARISON: Round 2 vs Round 1
============================================================
  Note: Round 1 is unique-only warmup, Round 2 is full repeated-load measurement; throughput is not directly comparable.
  TTFT speedup:      36.02x  (52345.6 -> 1453.4 ms)
  TBT speedup:       0.62x  (41.0 -> 65.7 ms)
  E2E speedup:       1.37x  (94246.2 -> 68594.7 ms)

Results saved to exp-new/dc_0502/p2_25_dram_ctx32k_conc80_r2fix1k_n160.json
