You are using a model of type `deepseek_v32` to instantiate a model of type ``. This may be expected if you are loading a checkpoint that shares a subset of the architecture (e.g., loading a `sam2_video` checkpoint into `Sam2Model`), but is otherwise not supported and can yield errors. Please verify that the checkpoint is compatible with the model you are instantiating.
Token indices sequence length is longer than the specified maximum sequence length for this model (1215556 > 131072). Running this sequence through the model will result in indexing errors
Loading tokenizer...
Building 1 unique synthetic prompts (~65536 tokens in, 1024 out)...
  Server dp_size: 8
  Unique prompts: 1
  Round 1 requests: 8 (1 unique x 8 copies for 8 DP ranks)
  Round 2 requests: 64 (repeat_mode=interleaved)
  Round 2 output tokens: fixed at 1024
  Prompt length: min=65536 max=65536 mean=65536 tokens
  Output length: min=1024 max=1024 mean=1024 tokens
Request rate: 0.0 req/s  |  Max concurrency: 32

############################################################
  ROUND 1: Warmup (8 requests, max_concurrency=8)
############################################################

============================================================
  Round 1: Warmup
============================================================
  Requests:       8/8 succeeded
  Duration:       154.6 s
  Input tokens:   524288
  Output tokens:  8192

  TTFT    mean=108172.5ms  p50=108600.5ms  p99=108602.7ms
  TBT     mean=45.3ms  p50=43.9ms  p99=47.9ms
  TPOT    mean=45.3ms  p50=44.9ms  p99=47.9ms
  E2E     mean=154534.7ms  p50=154576.0ms  p99=154578.9ms
  Throughput: 53.0 tok/s  0.05 req/s

Pausing 3.0s between rounds...

############################################################
  ROUND 2: Measurement (repeated requests on warm cache)
############################################################

============================================================
  Round 2: Warm Measurement
============================================================
  Requests:       64/64 succeeded
  Duration:       111.0 s
  Input tokens:   4194304
  Output tokens:  65524

  TTFT    mean=1257.5ms  p50=1150.7ms  p99=1982.9ms
  TBT     mean=53.0ms  p50=51.8ms  p99=66.3ms
  TPOT    mean=53.0ms  p50=53.1ms  p99=55.0ms
  E2E     mean=55418.5ms  p50=55465.6ms  p99=57287.1ms
  Throughput: 590.6 tok/s  0.58 req/s

============================================================
  COMPARISON: Round 2 vs Round 1
============================================================
  Note: Round 1 is unique-only warmup, Round 2 is full repeated-load measurement; throughput is not directly comparable.
  TTFT speedup:      86.02x  (108172.5 -> 1257.5 ms)
  TBT speedup:       0.86x  (45.3 -> 53.0 ms)
  E2E speedup:       2.79x  (154534.7 -> 55418.5 ms)

Results saved to exp-new/dc_0502/p2_34_cxl2_ctx64k_conc32_r2fix1k_n64.json
