You are using a model of type `deepseek_v32` to instantiate a model of type ``. This may be expected if you are loading a checkpoint that shares a subset of the architecture (e.g., loading a `sam2_video` checkpoint into `Sam2Model`), but is otherwise not supported and can yield errors. Please verify that the checkpoint is compatible with the model you are instantiating.
Token indices sequence length is longer than the specified maximum sequence length for this model (1215556 > 131072). Running this sequence through the model will result in indexing errors
Loading tokenizer...
Building 1 unique synthetic prompts (~65536 tokens in, 1024 out)...
  Server dp_size: 8
  Unique prompts: 1
  Round 1 requests: 8 (1 unique x 8 copies for 8 DP ranks)
  Round 2 requests: 96 (repeat_mode=interleaved)
  Round 2 output tokens: fixed at 1024
  Prompt length: min=65536 max=65536 mean=65536 tokens
  Output length: min=1024 max=1024 mean=1024 tokens
Request rate: 0.0 req/s  |  Max concurrency: 48

############################################################
  ROUND 1: Warmup (8 requests, max_concurrency=8)
############################################################

============================================================
  Round 1: Warmup
============================================================
  Requests:       8/8 succeeded
  Duration:       155.0 s
  Input tokens:   524288
  Output tokens:  8192

  TTFT    mean=107970.5ms  p50=108611.4ms  p99=108613.0ms
  TBT     mean=46.0ms  p50=44.6ms  p99=48.3ms
  TPOT    mean=46.0ms  p50=45.4ms  p99=48.4ms
  E2E     mean=154978.5ms  p50=155037.9ms  p99=155041.2ms
  Throughput: 52.8 tok/s  0.05 req/s

Pausing 3.0s between rounds...

############################################################
  ROUND 2: Measurement (repeated requests on warm cache)
############################################################

============================================================
  Round 2: Warm Measurement
============================================================
  Requests:       96/96 succeeded
  Duration:       130.9 s
  Input tokens:   6291456
  Output tokens:  98252

  TTFT    mean=1731.9ms  p50=1795.2ms  p99=2639.4ms
  TBT     mean=62.2ms  p50=60.8ms  p99=83.7ms
  TPOT    mean=62.2ms  p50=62.6ms  p99=65.4ms
  E2E     mean=65355.8ms  p50=65414.8ms  p99=68448.5ms
  Throughput: 750.6 tok/s  0.73 req/s

============================================================
  COMPARISON: Round 2 vs Round 1
============================================================
  Note: Round 1 is unique-only warmup, Round 2 is full repeated-load measurement; throughput is not directly comparable.
  TTFT speedup:      62.34x  (107970.5 -> 1731.9 ms)
  TBT speedup:       0.74x  (46.0 -> 62.2 ms)
  E2E speedup:       2.37x  (154978.5 -> 65355.8 ms)

Results saved to exp-new/dc_0502/p2_36_cxl2_ctx64k_conc48_r2fix1k_n96.json
