You are using a model of type `deepseek_v32` to instantiate a model of type ``. This may be expected if you are loading a checkpoint that shares a subset of the architecture (e.g., loading a `sam2_video` checkpoint into `Sam2Model`), but is otherwise not supported and can yield errors. Please verify that the checkpoint is compatible with the model you are instantiating.
Token indices sequence length is longer than the specified maximum sequence length for this model (1215556 > 131072). Running this sequence through the model will result in indexing errors
Loading tokenizer...
Building 1 unique synthetic prompts (~65536 tokens in, 1024 out)...
  Server dp_size: 8
  Unique prompts: 1
  Round 1 requests: 8 (1 unique x 8 copies for 8 DP ranks)
  Round 2 requests: 160 (repeat_mode=interleaved)
  Round 2 output tokens: fixed at 1024
  Prompt length: min=65536 max=65536 mean=65536 tokens
  Output length: min=1024 max=1024 mean=1024 tokens
Request rate: 0.0 req/s  |  Max concurrency: 80

############################################################
  ROUND 1: Warmup (8 requests, max_concurrency=8)
############################################################

============================================================
  Round 1: Warmup
============================================================
  Requests:       8/8 succeeded
  Duration:       155.0 s
  Input tokens:   524288
  Output tokens:  8192

  TTFT    mean=107858.3ms  p50=108498.6ms  p99=108500.5ms
  TBT     mean=46.0ms  p50=44.6ms  p99=48.4ms
  TPOT    mean=46.0ms  p50=45.4ms  p99=48.4ms
  E2E     mean=154923.1ms  p50=154982.7ms  p99=154985.5ms
  Throughput: 52.9 tok/s  0.05 req/s

Pausing 3.0s between rounds...

############################################################
  ROUND 2: Measurement (repeated requests on warm cache)
############################################################

============================================================
  Round 2: Warm Measurement
============================================================
  Requests:       160/160 succeeded
  Duration:       160.8 s
  Input tokens:   10485760
  Output tokens:  163780

  TTFT    mean=2562.8ms  p50=2958.5ms  p99=3519.1ms
  TBT     mean=75.9ms  p50=74.3ms  p99=102.9ms
  TPOT    mean=75.9ms  p50=76.6ms  p99=78.2ms
  E2E     mean=80218.1ms  p50=80340.1ms  p99=82155.5ms
  Throughput: 1018.8 tok/s  1.00 req/s

============================================================
  COMPARISON: Round 2 vs Round 1
============================================================
  Note: Round 1 is unique-only warmup, Round 2 is full repeated-load measurement; throughput is not directly comparable.
  TTFT speedup:      42.09x  (107858.3 -> 2562.8 ms)
  TBT speedup:       0.61x  (46.0 -> 75.9 ms)
  E2E speedup:       1.93x  (154923.1 -> 80218.1 ms)

Results saved to exp-new/dc_0502/p2_40_cxl2_ctx64k_conc80_r2fix1k_n160.json
