You are using a model of type `deepseek_v32` to instantiate a model of type ``. This may be expected if you are loading a checkpoint that shares a subset of the architecture (e.g., loading a `sam2_video` checkpoint into `Sam2Model`), but is otherwise not supported and can yield errors. Please verify that the checkpoint is compatible with the model you are instantiating.
Token indices sequence length is longer than the specified maximum sequence length for this model (2417031 > 131072). Running this sequence through the model will result in indexing errors
Loading tokenizer...
Building 1 unique synthetic prompts (~131072 tokens in, 1024 out)...
  Server dp_size: 8
  Unique prompts: 1
  Round 1 requests: 8 (1 unique x 8 copies for 8 DP ranks)
  Round 2 requests: 64 (repeat_mode=interleaved)
  Round 2 output tokens: fixed at 1024
  Prompt length: min=131072 max=131072 mean=131072 tokens
  Output length: min=1024 max=1024 mean=1024 tokens
Request rate: 0.0 req/s  |  Max concurrency: 32

############################################################
  ROUND 1: Warmup (8 requests, max_concurrency=8)
############################################################

============================================================
  Round 1: Warmup
============================================================
  Requests:       8/8 succeeded
  Duration:       282.5 s
  Input tokens:   1048576
  Output tokens:  8192

  TTFT    mean=232163.3ms  p50=232664.1ms  p99=232666.8ms
  TBT     mean=49.1ms  p50=46.8ms  p99=51.0ms
  TPOT    mean=49.1ms  p50=48.7ms  p99=52.0ms
  E2E     mean=282431.0ms  p50=282473.1ms  p99=282544.5ms
  Throughput: 29.0 tok/s  0.03 req/s

Pausing 3.0s between rounds...

############################################################
  ROUND 2: Measurement (repeated requests on warm cache)
############################################################

============================================================
  Round 2: Warm Measurement
============================================================
  Requests:       64/64 succeeded
  Duration:       129.3 s
  Input tokens:   8388608
  Output tokens:  65488

  TTFT    mean=2333.5ms  p50=2499.2ms  p99=3438.7ms
  TBT     mean=60.8ms  p50=58.6ms  p99=80.7ms
  TPOT    mean=60.8ms  p50=61.1ms  p99=63.5ms
  E2E     mean=64507.1ms  p50=64646.2ms  p99=66666.9ms
  Throughput: 506.4 tok/s  0.49 req/s

============================================================
  COMPARISON: Round 2 vs Round 1
============================================================
  Note: Round 1 is unique-only warmup, Round 2 is full repeated-load measurement; throughput is not directly comparable.
  TTFT speedup:      99.49x  (232163.3 -> 2333.5 ms)
  TBT speedup:       0.81x  (49.1 -> 60.8 ms)
  E2E speedup:       4.38x  (282431.0 -> 64507.1 ms)

Results saved to exp-new/dc_0502/p2_48_cxl2_ctx128k_conc32_r2fix1k_n64.json
