You are using a model of type `deepseek_v32` to instantiate a model of type ``. This may be expected if you are loading a checkpoint that shares a subset of the architecture (e.g., loading a `sam2_video` checkpoint into `Sam2Model`), but is otherwise not supported and can yield errors. Please verify that the checkpoint is compatible with the model you are instantiating.
Token indices sequence length is longer than the specified maximum sequence length for this model (2417031 > 131072). Running this sequence through the model will result in indexing errors
Loading tokenizer...
Building 1 unique synthetic prompts (~131072 tokens in, 1024 out)...
  Server dp_size: 8
  Unique prompts: 1
  Round 1 requests: 8 (1 unique x 8 copies for 8 DP ranks)
  Round 2 requests: 96 (repeat_mode=interleaved)
  Round 2 output tokens: fixed at 1024
  Prompt length: min=131072 max=131072 mean=131072 tokens
  Output length: min=1024 max=1024 mean=1024 tokens
Request rate: 0.0 req/s  |  Max concurrency: 48

############################################################
  ROUND 1: Warmup (8 requests, max_concurrency=8)
############################################################

============================================================
  Round 1: Warmup
============================================================
  Requests:       8/8 succeeded
  Duration:       281.4 s
  Input tokens:   1048576
  Output tokens:  8192

  TTFT    mean=231899.7ms  p50=232400.8ms  p99=232403.9ms
  TBT     mean=48.3ms  p50=46.1ms  p99=50.5ms
  TPOT    mean=48.3ms  p50=47.9ms  p99=51.2ms
  E2E     mean=281325.9ms  p50=281383.0ms  p99=281391.3ms
  Throughput: 29.1 tok/s  0.03 req/s

Pausing 3.0s between rounds...

############################################################
  ROUND 2: Measurement (repeated requests on warm cache)
############################################################

============================================================
  Round 2: Warm Measurement
============================================================
  Requests:       96/96 succeeded
  Duration:       151.8 s
  Input tokens:   12582912
  Output tokens:  98260

  TTFT    mean=2942.3ms  p50=3636.5ms  p99=4151.9ms
  TBT     mean=71.2ms  p50=68.8ms  p99=95.9ms
  TPOT    mean=71.2ms  p50=71.4ms  p99=72.3ms
  E2E     mean=75702.0ms  p50=75674.0ms  p99=78032.7ms
  Throughput: 647.1 tok/s  0.63 req/s

============================================================
  COMPARISON: Round 2 vs Round 1
============================================================
  Note: Round 1 is unique-only warmup, Round 2 is full repeated-load measurement; throughput is not directly comparable.
  TTFT speedup:      78.82x  (231899.7 -> 2942.3 ms)
  TBT speedup:       0.68x  (48.3 -> 71.2 ms)
  E2E speedup:       3.72x  (281325.9 -> 75702.0 ms)

Results saved to exp-new/dc_0502/p2_50_cxl2_ctx128k_conc48_r2fix1k_n96.json
