You are using a model of type `deepseek_v32` to instantiate a model of type ``. This may be expected if you are loading a checkpoint that shares a subset of the architecture (e.g., loading a `sam2_video` checkpoint into `Sam2Model`), but is otherwise not supported and can yield errors. Please verify that the checkpoint is compatible with the model you are instantiating.
Token indices sequence length is longer than the specified maximum sequence length for this model (2417031 > 131072). Running this sequence through the model will result in indexing errors
Loading tokenizer...
Building 1 unique synthetic prompts (~131072 tokens in, 1024 out)...
  Server dp_size: 8
  Unique prompts: 1
  Round 1 requests: 8 (1 unique x 8 copies for 8 DP ranks)
  Round 2 requests: 160 (repeat_mode=interleaved)
  Round 2 output tokens: fixed at 1024
  Prompt length: min=131072 max=131072 mean=131072 tokens
  Output length: min=1024 max=1024 mean=1024 tokens
Request rate: 0.0 req/s  |  Max concurrency: 80

############################################################
  ROUND 1: Warmup (8 requests, max_concurrency=8)
############################################################

============================================================
  Round 1: Warmup
============================================================
  Requests:       8/8 succeeded
  Duration:       282.3 s
  Input tokens:   1048576
  Output tokens:  8192

  TTFT    mean=231960.1ms  p50=232460.8ms  p99=232463.7ms
  TBT     mean=49.1ms  p50=46.8ms  p99=51.1ms
  TPOT    mean=49.1ms  p50=48.6ms  p99=52.0ms
  E2E     mean=282190.0ms  p50=282232.0ms  p99=282305.6ms
  Throughput: 29.0 tok/s  0.03 req/s

Pausing 3.0s between rounds...

############################################################
  ROUND 2: Measurement (repeated requests on warm cache)
############################################################

============================================================
  Round 2: Warm Measurement
============================================================
  Requests:       160/160 succeeded
  Duration:       194.4 s
  Input tokens:   20971520
  Output tokens:  163751

  TTFT    mean=4481.9ms  p50=5230.0ms  p99=6626.4ms
  TBT     mean=90.3ms  p50=87.7ms  p99=125.1ms
  TPOT    mean=90.3ms  p50=89.5ms  p99=94.6ms
  E2E     mean=96783.6ms  p50=96367.0ms  p99=103373.0ms
  Throughput: 842.5 tok/s  0.82 req/s

============================================================
  COMPARISON: Round 2 vs Round 1
============================================================
  Note: Round 1 is unique-only warmup, Round 2 is full repeated-load measurement; throughput is not directly comparable.
  TTFT speedup:      51.76x  (231960.1 -> 4481.9 ms)
  TBT speedup:       0.54x  (49.1 -> 90.3 ms)
  E2E speedup:       2.92x  (282190.0 -> 96783.6 ms)

Results saved to exp-new/dc_0502/p2_54_cxl2_ctx128k_conc80_r2fix1k_n160.json
