You are using a model of type `deepseek_v32` to instantiate a model of type ``. This may be expected if you are loading a checkpoint that shares a subset of the architecture (e.g., loading a `sam2_video` checkpoint into `Sam2Model`), but is otherwise not supported and can yield errors. Please verify that the checkpoint is compatible with the model you are instantiating.
Token indices sequence length is longer than the specified maximum sequence length for this model (314436 > 131072). Running this sequence through the model will result in indexing errors
Loading tokenizer...
Building 1 unique synthetic prompts (~16384 tokens in, 4096 out)...
  Server dp_size: 8
  Unique prompts: 1
  Round 1 requests: 8 (1 unique x 8 copies for 8 DP ranks)
  Round 2 requests: 128 (repeat_mode=interleaved)
  Round 2 output tokens: fixed at 4096
  Prompt length: min=16384 max=16384 mean=16384 tokens
  Output length: min=4096 max=4096 mean=4096 tokens
Request rate: 0.0 req/s  |  Max concurrency: 64

############################################################
  ROUND 1: Warmup (8 requests, max_concurrency=8)
############################################################

============================================================
  Round 1: Warmup
============================================================
  Requests:       8/8 succeeded
  Duration:       188.7 s
  Input tokens:   131072
  Output tokens:  32768

  TTFT    mean=25925.3ms  p50=25662.6ms  p99=26846.2ms
  TBT     mean=39.7ms  p50=39.4ms  p99=42.6ms
  TPOT    mean=39.7ms  p50=39.8ms  p99=40.1ms
  E2E     mean=188617.7ms  p50=188579.6ms  p99=188697.0ms
  Throughput: 173.7 tok/s  0.04 req/s

Pausing 3.0s between rounds...

############################################################
  ROUND 2: Measurement (repeated requests on warm cache)
############################################################

============================================================
  Round 2: Warm Measurement
============================================================
  Requests:       128/128 succeeded
  Duration:       437.9 s
  Input tokens:   2097152
  Output tokens:  524124

  TTFT    mean=1301.1ms  p50=1180.7ms  p99=1782.8ms
  TBT     mean=53.1ms  p50=52.8ms  p99=61.9ms
  TPOT    mean=53.2ms  p50=53.2ms  p99=53.5ms
  E2E     mean=218904.6ms  p50=218919.6ms  p99=219677.1ms
  Throughput: 1197.0 tok/s  0.29 req/s

============================================================
  COMPARISON: Round 2 vs Round 1
============================================================
  Note: Round 1 is unique-only warmup, Round 2 is full repeated-load measurement; throughput is not directly comparable.
  TTFT speedup:      19.93x  (25925.3 -> 1301.1 ms)
  TBT speedup:       0.75x  (39.7 -> 53.1 ms)
  E2E speedup:       0.86x  (188617.7 -> 218904.6 ms)

Results saved to exp-new/dc_0502/p3_04_cxl2_ctx16k_conc64_r2fix4k_n128.json
