You are using a model of type `deepseek_v32` to instantiate a model of type ``. This may be expected if you are loading a checkpoint that shares a subset of the architecture (e.g., loading a `sam2_video` checkpoint into `Sam2Model`), but is otherwise not supported and can yield errors. Please verify that the checkpoint is compatible with the model you are instantiating.
Token indices sequence length is longer than the specified maximum sequence length for this model (314436 > 131072). Running this sequence through the model will result in indexing errors
Loading tokenizer...
Building 1 unique synthetic prompts (~16384 tokens in, 4096 out)...
  Server dp_size: 8
  Unique prompts: 1
  Round 1 requests: 8 (1 unique x 8 copies for 8 DP ranks)
  Round 2 requests: 128 (repeat_mode=interleaved)
  Round 2 output tokens: fixed at 4096
  Prompt length: min=16384 max=16384 mean=16384 tokens
  Output length: min=4096 max=4096 mean=4096 tokens
Request rate: 0.0 req/s  |  Max concurrency: 64

############################################################
  ROUND 1: Warmup (8 requests, max_concurrency=8)
############################################################

============================================================
  Round 1: Warmup
============================================================
  Requests:       8/8 succeeded
  Duration:       182.8 s
  Input tokens:   131072
  Output tokens:  32768

  TTFT    mean=25991.3ms  p50=26186.0ms  p99=26757.1ms
  TBT     mean=38.3ms  p50=38.0ms  p99=40.8ms
  TPOT    mean=38.3ms  p50=38.2ms  p99=38.7ms
  E2E     mean=182692.0ms  p50=182696.9ms  p99=182756.0ms
  Throughput: 179.3 tok/s  0.04 req/s

Pausing 3.0s between rounds...

############################################################
  ROUND 2: Measurement (repeated requests on warm cache)
############################################################

============================================================
  Round 2: Warm Measurement
============================================================
  Requests:       128/128 succeeded
  Duration:       425.6 s
  Input tokens:   2097152
  Output tokens:  522473

  TTFT    mean=1196.8ms  p50=1071.2ms  p99=1576.8ms
  TBT     mean=51.9ms  p50=51.5ms  p99=58.3ms
  TPOT    mean=52.0ms  p50=51.8ms  p99=52.3ms
  E2E     mean=212774.3ms  p50=212790.0ms  p99=214652.3ms
  Throughput: 1227.6 tok/s  0.30 req/s

============================================================
  COMPARISON: Round 2 vs Round 1
============================================================
  Note: Round 1 is unique-only warmup, Round 2 is full repeated-load measurement; throughput is not directly comparable.
  TTFT speedup:      21.72x  (25991.3 -> 1196.8 ms)
  TBT speedup:       0.74x  (38.3 -> 51.9 ms)
  E2E speedup:       0.86x  (182692.0 -> 212774.3 ms)

Results saved to exp-new/dc_0502/p3_03_dram_ctx16k_conc64_r2fix4k_n128.json
