You are using a model of type `deepseek_v32` to instantiate a model of type ``. This may be expected if you are loading a checkpoint that shares a subset of the architecture (e.g., loading a `sam2_video` checkpoint into `Sam2Model`), but is otherwise not supported and can yield errors. Please verify that the checkpoint is compatible with the model you are instantiating.
Token indices sequence length is longer than the specified maximum sequence length for this model (314436 > 131072). Running this sequence through the model will result in indexing errors
Loading tokenizer...
Building 1 unique synthetic prompts (~16384 tokens in, 2048 out)...
  Server dp_size: 8
  Unique prompts: 1
  Round 1 requests: 8 (1 unique x 8 copies for 8 DP ranks)
  Round 2 requests: 128 (repeat_mode=interleaved)
  Round 2 output tokens: fixed at 2048
  Prompt length: min=16384 max=16384 mean=16384 tokens
  Output length: min=2048 max=2048 mean=2048 tokens
Request rate: 0.0 req/s  |  Max concurrency: 64

############################################################
  ROUND 1: Warmup (8 requests, max_concurrency=8)
############################################################

============================================================
  Round 1: Warmup
============================================================
  Requests:       8/8 succeeded
  Duration:       107.7 s
  Input tokens:   131072
  Output tokens:  16384

  TTFT    mean=25921.2ms  p50=25659.0ms  p99=26845.2ms
  TBT     mean=39.9ms  p50=39.4ms  p99=42.7ms
  TPOT    mean=39.9ms  p50=40.0ms  p99=40.7ms
  E2E     mean=107651.6ms  p50=107615.5ms  p99=107727.0ms
  Throughput: 152.1 tok/s  0.07 req/s

Pausing 3.0s between rounds...

############################################################
  ROUND 2: Measurement (repeated requests on warm cache)
############################################################

============================================================
  Round 2: Warm Measurement
============================================================
  Requests:       128/128 succeeded
  Duration:       241.4 s
  Input tokens:   2097152
  Output tokens:  261778

  TTFT    mean=1248.9ms  p50=1124.5ms  p99=1738.4ms
  TBT     mean=58.4ms  p50=57.5ms  p99=73.3ms
  TPOT    mean=58.4ms  p50=58.6ms  p99=61.4ms
  E2E     mean=120652.8ms  p50=120670.1ms  p99=123273.2ms
  Throughput: 1084.6 tok/s  0.53 req/s

============================================================
  COMPARISON: Round 2 vs Round 1
============================================================
  Note: Round 1 is unique-only warmup, Round 2 is full repeated-load measurement; throughput is not directly comparable.
  TTFT speedup:      20.76x  (25921.2 -> 1248.9 ms)
  TBT speedup:       0.68x  (39.9 -> 58.4 ms)
  E2E speedup:       0.89x  (107651.6 -> 120652.8 ms)

Results saved to exp-new/dc_0502/p3_02_cxl2_ctx16k_conc64_r2fix2k_n128.json
