You are using a model of type `deepseek_v32` to instantiate a model of type ``. This may be expected if you are loading a checkpoint that shares a subset of the architecture (e.g., loading a `sam2_video` checkpoint into `Sam2Model`), but is otherwise not supported and can yield errors. Please verify that the checkpoint is compatible with the model you are instantiating.
Token indices sequence length is longer than the specified maximum sequence length for this model (614791 > 131072). Running this sequence through the model will result in indexing errors
Loading tokenizer...
Building 1 unique synthetic prompts (~32768 tokens in, 4096 out)...
  Server dp_size: 8
  Unique prompts: 1
  Round 1 requests: 8 (1 unique x 8 copies for 8 DP ranks)
  Round 2 requests: 128 (repeat_mode=interleaved)
  Round 2 output tokens: fixed at 4096
  Prompt length: min=32768 max=32768 mean=32768 tokens
  Output length: min=4096 max=4096 mean=4096 tokens
Request rate: 0.0 req/s  |  Max concurrency: 64

############################################################
  ROUND 1: Warmup (8 requests, max_concurrency=8)
############################################################

============================================================
  Round 1: Warmup
============================================================
  Requests:       8/8 succeeded
  Duration:       218.1 s
  Input tokens:   262144
  Output tokens:  32768

  TTFT    mean=52183.8ms  p50=52877.7ms  p99=52879.1ms
  TBT     mean=40.5ms  p50=40.2ms  p99=44.0ms
  TPOT    mean=40.5ms  p50=40.3ms  p99=41.0ms
  E2E     mean=218025.7ms  p50=218074.9ms  p99=218078.2ms
  Throughput: 150.3 tok/s  0.04 req/s

Pausing 3.0s between rounds...

############################################################
  ROUND 2: Measurement (repeated requests on warm cache)
############################################################

============================================================
  Round 2: Warm Measurement
============================================================
  Requests:       128/128 succeeded
  Duration:       430.7 s
  Input tokens:   4194304
  Output tokens:  523990

  TTFT    mean=1289.3ms  p50=1196.0ms  p99=1913.3ms
  TBT     mean=52.3ms  p50=52.0ms  p99=58.0ms
  TPOT    mean=52.3ms  p50=52.5ms  p99=52.8ms
  E2E     mean=215309.4ms  p50=215323.0ms  p99=216560.8ms
  Throughput: 1216.7 tok/s  0.30 req/s

============================================================
  COMPARISON: Round 2 vs Round 1
============================================================
  Note: Round 1 is unique-only warmup, Round 2 is full repeated-load measurement; throughput is not directly comparable.
  TTFT speedup:      40.47x  (52183.8 -> 1289.3 ms)
  TBT speedup:       0.77x  (40.5 -> 52.3 ms)
  E2E speedup:       1.01x  (218025.7 -> 215309.4 ms)

Results saved to exp-new/dc_0502/p3_09_dram_ctx32k_conc64_r2fix4k_n128.json
