You are using a model of type `deepseek_v32` to instantiate a model of type ``. This may be expected if you are loading a checkpoint that shares a subset of the architecture (e.g., loading a `sam2_video` checkpoint into `Sam2Model`), but is otherwise not supported and can yield errors. Please verify that the checkpoint is compatible with the model you are instantiating.
Token indices sequence length is longer than the specified maximum sequence length for this model (1215556 > 131072). Running this sequence through the model will result in indexing errors
Loading tokenizer...
Building 1 unique synthetic prompts (~65536 tokens in, 8192 out)...
  Server dp_size: 8
  Unique prompts: 1
  Round 1 requests: 8 (1 unique x 8 copies for 8 DP ranks)
  Round 2 requests: 128 (repeat_mode=interleaved)
  Round 2 output tokens: fixed at 8192
  Prompt length: min=65536 max=65536 mean=65536 tokens
  Output length: min=8192 max=8192 mean=8192 tokens
Request rate: 0.0 req/s  |  Max concurrency: 64

############################################################
  ROUND 1: Warmup (8 requests, max_concurrency=8)
############################################################

============================================================
  Round 1: Warmup
============================================================
  Requests:       8/8 succeeded
  Duration:       450.5 s
  Input tokens:   524288
  Output tokens:  65536

  TTFT    mean=107723.9ms  p50=108347.3ms  p99=108348.6ms
  TBT     mean=41.9ms  p50=41.6ms  p99=45.4ms
  TPOT    mean=41.9ms  p50=41.8ms  p99=42.1ms
  E2E     mean=450480.5ms  p50=450528.0ms  p99=450532.9ms
  Throughput: 145.5 tok/s  0.02 req/s

Pausing 3.0s between rounds...

############################################################
  ROUND 2: Measurement (repeated requests on warm cache)
############################################################

============================================================
  Round 2: Warm Measurement
============================================================
  Requests:       128/128 succeeded
  Duration:       946.7 s
  Input tokens:   8388608
  Output tokens:  1039289

  TTFT    mean=1877.2ms  p50=2256.1ms  p99=2643.2ms
  TBT     mean=58.0ms  p50=57.6ms  p99=66.3ms
  TPOT    mean=58.2ms  p50=58.5ms  p99=68.3ms
  E2E     mean=473194.2ms  p50=473316.4ms  p99=481644.7ms
  Throughput: 1097.8 tok/s  0.14 req/s

============================================================
  COMPARISON: Round 2 vs Round 1
============================================================
  Note: Round 1 is unique-only warmup, Round 2 is full repeated-load measurement; throughput is not directly comparable.
  TTFT speedup:      57.39x  (107723.9 -> 1877.2 ms)
  TBT speedup:       0.72x  (41.9 -> 58.0 ms)
  E2E speedup:       0.95x  (450480.5 -> 473194.2 ms)

Results saved to exp-new/dc_0502/p3_17_dram_ctx64k_conc64_r2fix8k_n128.json
