You are using a model of type `deepseek_v32` to instantiate a model of type ``. This may be expected if you are loading a checkpoint that shares a subset of the architecture (e.g., loading a `sam2_video` checkpoint into `Sam2Model`), but is otherwise not supported and can yield errors. Please verify that the checkpoint is compatible with the model you are instantiating.
Token indices sequence length is longer than the specified maximum sequence length for this model (1215556 > 131072). Running this sequence through the model will result in indexing errors
Loading tokenizer...
Building 1 unique synthetic prompts (~65536 tokens in, 4096 out)...
  Server dp_size: 8
  Unique prompts: 1
  Round 1 requests: 8 (1 unique x 8 copies for 8 DP ranks)
  Round 2 requests: 128 (repeat_mode=interleaved)
  Round 2 output tokens: fixed at 4096
  Prompt length: min=65536 max=65536 mean=65536 tokens
  Output length: min=4096 max=4096 mean=4096 tokens
Request rate: 0.0 req/s  |  Max concurrency: 64

############################################################
  ROUND 1: Warmup (8 requests, max_concurrency=8)
############################################################

============================================================
  Round 1: Warmup
============================================================
  Requests:       8/8 succeeded
  Duration:       279.9 s
  Input tokens:   524288
  Output tokens:  32768

  TTFT    mean=107657.8ms  p50=108280.5ms  p99=108282.0ms
  TBT     mean=42.1ms  p50=41.8ms  p99=44.6ms
  TPOT    mean=42.1ms  p50=41.9ms  p99=42.6ms
  E2E     mean=279879.9ms  p50=279929.3ms  p99=279934.9ms
  Throughput: 117.1 tok/s  0.03 req/s

Pausing 3.0s between rounds...

############################################################
  ROUND 2: Measurement (repeated requests on warm cache)
############################################################

============================================================
  Round 2: Warm Measurement
============================================================
  Requests:       128/128 succeeded
  Duration:       466.1 s
  Input tokens:   8388608
  Output tokens:  524022

  TTFT    mean=1891.7ms  p50=2285.1ms  p99=2674.0ms
  TBT     mean=56.5ms  p50=55.8ms  p99=70.3ms
  TPOT    mean=56.5ms  p50=56.5ms  p99=58.6ms
  E2E     mean=232948.2ms  p50=233054.9ms  p99=240637.1ms
  Throughput: 1124.2 tok/s  0.27 req/s

============================================================
  COMPARISON: Round 2 vs Round 1
============================================================
  Note: Round 1 is unique-only warmup, Round 2 is full repeated-load measurement; throughput is not directly comparable.
  TTFT speedup:      56.91x  (107657.8 -> 1891.7 ms)
  TBT speedup:       0.75x  (42.1 -> 56.5 ms)
  E2E speedup:       1.20x  (279879.9 -> 232948.2 ms)

Results saved to exp-new/dc_0502/p3_15_dram_ctx64k_conc64_r2fix4k_n128.json
