You are using a model of type `deepseek_v32` to instantiate a model of type ``. This may be expected if you are loading a checkpoint that shares a subset of the architecture (e.g., loading a `sam2_video` checkpoint into `Sam2Model`), but is otherwise not supported and can yield errors. Please verify that the checkpoint is compatible with the model you are instantiating.
Token indices sequence length is longer than the specified maximum sequence length for this model (1215556 > 131072). Running this sequence through the model will result in indexing errors
Loading tokenizer...
Building 1 unique synthetic prompts (~65536 tokens in, 8192 out)...
  Server dp_size: 8
  Unique prompts: 1
  Round 1 requests: 8 (1 unique x 8 copies for 8 DP ranks)
  Round 2 requests: 128 (repeat_mode=interleaved)
  Round 2 output tokens: fixed at 8192
  Prompt length: min=65536 max=65536 mean=65536 tokens
  Output length: min=8192 max=8192 mean=8192 tokens
Request rate: 0.0 req/s  |  Max concurrency: 64

############################################################
  ROUND 1: Warmup (8 requests, max_concurrency=8)
############################################################

============================================================
  Round 1: Warmup
============================================================
  Requests:       8/8 succeeded
  Duration:       468.0 s
  Input tokens:   524288
  Output tokens:  65536

  TTFT    mean=107798.7ms  p50=108438.3ms  p99=108439.1ms
  TBT     mean=44.0ms  p50=43.7ms  p99=47.0ms
  TPOT    mean=44.0ms  p50=43.9ms  p99=44.3ms
  E2E     mean=467914.2ms  p50=467963.9ms  p99=467968.1ms
  Throughput: 140.0 tok/s  0.02 req/s

Pausing 3.0s between rounds...

############################################################
  ROUND 2: Measurement (repeated requests on warm cache)
############################################################

============================================================
  Round 2: Warm Measurement
============================================================
  Requests:       128/128 succeeded
  Duration:       962.7 s
  Input tokens:   8388608
  Output tokens:  1044563

  TTFT    mean=2071.9ms  p50=2384.3ms  p99=2890.6ms
  TBT     mean=58.7ms  p50=57.8ms  p99=72.7ms
  TPOT    mean=58.8ms  p50=59.7ms  p99=68.3ms
  E2E     mean=481220.0ms  p50=481324.0ms  p99=491797.7ms
  Throughput: 1085.0 tok/s  0.13 req/s

============================================================
  COMPARISON: Round 2 vs Round 1
============================================================
  Note: Round 1 is unique-only warmup, Round 2 is full repeated-load measurement; throughput is not directly comparable.
  TTFT speedup:      52.03x  (107798.7 -> 2071.9 ms)
  TBT speedup:       0.75x  (44.0 -> 58.7 ms)
  E2E speedup:       0.97x  (467914.2 -> 481220.0 ms)

Results saved to exp-new/dc_0502/p3_18_cxl2_ctx64k_conc64_r2fix8k_n128.json
