You are using a model of type `deepseek_v32` to instantiate a model of type ``. This may be expected if you are loading a checkpoint that shares a subset of the architecture (e.g., loading a `sam2_video` checkpoint into `Sam2Model`), but is otherwise not supported and can yield errors. Please verify that the checkpoint is compatible with the model you are instantiating.
Token indices sequence length is longer than the specified maximum sequence length for this model (2417031 > 131072). Running this sequence through the model will result in indexing errors
Loading tokenizer...
Building 1 unique synthetic prompts (~131072 tokens in, 8192 out)...
  Server dp_size: 8
  Unique prompts: 1
  Round 1 requests: 8 (1 unique x 8 copies for 8 DP ranks)
  Round 2 requests: 128 (repeat_mode=interleaved)
  Round 2 output tokens: fixed at 8192
  Prompt length: min=131072 max=131072 mean=131072 tokens
  Output length: min=8192 max=8192 mean=8192 tokens
Request rate: 0.0 req/s  |  Max concurrency: 64

############################################################
  ROUND 1: Warmup (8 requests, max_concurrency=8)
############################################################

============================================================
  Round 1: Warmup
============================================================
  Requests:       8/8 succeeded
  Duration:       610.3 s
  Input tokens:   1048576
  Output tokens:  65536

  TTFT    mean=231407.4ms  p50=231906.0ms  p99=231909.7ms
  TBT     mean=46.2ms  p50=45.9ms  p99=49.8ms
  TPOT    mean=46.2ms  p50=46.2ms  p99=46.6ms
  E2E     mean=610235.0ms  p50=610294.2ms  p99=610302.9ms
  Throughput: 107.4 tok/s  0.01 req/s

Pausing 3.0s between rounds...

############################################################
  ROUND 2: Measurement (repeated requests on warm cache)
############################################################

============================================================
  Round 2: Warm Measurement
============================================================
  Requests:       128/128 succeeded
  Duration:       1127.8 s
  Input tokens:   16777216
  Output tokens:  1046234

  TTFT    mean=3735.9ms  p50=4440.6ms  p99=5378.4ms
  TBT     mean=68.5ms  p50=66.7ms  p99=91.3ms
  TPOT    mean=68.5ms  p50=68.3ms  p99=68.7ms
  E2E     mean=563531.7ms  p50=563373.5ms  p99=567634.7ms
  Throughput: 927.7 tok/s  0.11 req/s

============================================================
  COMPARISON: Round 2 vs Round 1
============================================================
  Note: Round 1 is unique-only warmup, Round 2 is full repeated-load measurement; throughput is not directly comparable.
  TTFT speedup:      61.94x  (231407.4 -> 3735.9 ms)
  TBT speedup:       0.68x  (46.2 -> 68.5 ms)
  E2E speedup:       1.08x  (610235.0 -> 563531.7 ms)

Results saved to exp-new/dc_0502/p3_24_cxl2_ctx128k_conc64_r2fix8k_n128.json
