You are using a model of type `deepseek_v32` to instantiate a model of type ``. This may be expected if you are loading a checkpoint that shares a subset of the architecture (e.g., loading a `sam2_video` checkpoint into `Sam2Model`), but is otherwise not supported and can yield errors. Please verify that the checkpoint is compatible with the model you are instantiating.
Token indices sequence length is longer than the specified maximum sequence length for this model (2417031 > 131072). Running this sequence through the model will result in indexing errors
Loading tokenizer...
Building 1 unique synthetic prompts (~131072 tokens in, 4096 out)...
  Server dp_size: 8
  Unique prompts: 1
  Round 1 requests: 8 (1 unique x 8 copies for 8 DP ranks)
  Round 2 requests: 128 (repeat_mode=interleaved)
  Round 2 output tokens: fixed at 4096
  Prompt length: min=131072 max=131072 mean=131072 tokens
  Output length: min=4096 max=4096 mean=4096 tokens
Request rate: 0.0 req/s  |  Max concurrency: 64

############################################################
  ROUND 1: Warmup (8 requests, max_concurrency=8)
############################################################

============================================================
  Round 1: Warmup
============================================================
  Requests:       8/8 succeeded
  Duration:       424.8 s
  Input tokens:   1048576
  Output tokens:  32768

  TTFT    mean=231377.2ms  p50=231876.6ms  p99=231879.8ms
  TBT     mean=47.2ms  p50=46.5ms  p99=50.3ms
  TPOT    mean=47.2ms  p50=47.1ms  p99=47.9ms
  E2E     mean=424634.9ms  p50=424676.5ms  p99=424755.2ms
  Throughput: 77.1 tok/s  0.02 req/s

Pausing 3.0s between rounds...

############################################################
  ROUND 2: Measurement (repeated requests on warm cache)
############################################################

============================================================
  Round 2: Warm Measurement
============================================================
  Requests:       128/128 succeeded
  Duration:       516.1 s
  Input tokens:   16777216
  Output tokens:  524210

  TTFT    mean=3727.0ms  p50=4408.2ms  p99=5350.1ms
  TBT     mean=62.0ms  p50=60.8ms  p99=75.3ms
  TPOT    mean=62.0ms  p50=62.2ms  p99=62.6ms
  E2E     mean=257749.7ms  p50=257805.8ms  p99=259924.6ms
  Throughput: 1015.7 tok/s  0.25 req/s

============================================================
  COMPARISON: Round 2 vs Round 1
============================================================
  Note: Round 1 is unique-only warmup, Round 2 is full repeated-load measurement; throughput is not directly comparable.
  TTFT speedup:      62.08x  (231377.2 -> 3727.0 ms)
  TBT speedup:       0.76x  (47.2 -> 62.0 ms)
  E2E speedup:       1.65x  (424634.9 -> 257749.7 ms)

Results saved to exp-new/dc_0502/p3_22_cxl2_ctx128k_conc64_r2fix4k_n128.json
