You are using a model of type `deepseek_v32` to instantiate a model of type ``. This may be expected if you are loading a checkpoint that shares a subset of the architecture (e.g., loading a `sam2_video` checkpoint into `Sam2Model`), but is otherwise not supported and can yield errors. Please verify that the checkpoint is compatible with the model you are instantiating.
Token indices sequence length is longer than the specified maximum sequence length for this model (2417031 > 131072). Running this sequence through the model will result in indexing errors
Loading tokenizer...
Building 1 unique synthetic prompts (~131072 tokens in, 1024 out)...
  Server dp_size: 8
  Unique prompts: 1
  Round 1 requests: 8 (1 unique x 8 copies for 8 DP ranks)
  Round 2 requests: 128 (repeat_mode=interleaved)
  Round 2 output tokens: fixed at 1024
  Prompt length: min=131072 max=131072 mean=131072 tokens
  Output length: min=1024 max=1024 mean=1024 tokens
Request rate: 0.0 req/s  |  Max concurrency: 64

############################################################
  ROUND 1: Warmup (8 requests, max_concurrency=8)
############################################################

============================================================
  Round 1: Warmup
============================================================
  Requests:       8/8 succeeded
  Duration:       281.9 s
  Input tokens:   1048576
  Output tokens:  8192

  TTFT    mean=231475.4ms  p50=231973.6ms  p99=231976.8ms
  TBT     mean=49.2ms  p50=46.8ms  p99=50.9ms
  TPOT    mean=49.2ms  p50=48.7ms  p99=52.0ms
  E2E     mean=281778.5ms  p50=281819.7ms  p99=281894.0ms
  Throughput: 29.1 tok/s  0.03 req/s

Pausing 3.0s between rounds...

############################################################
  ROUND 2: Measurement (repeated requests on warm cache)
############################################################

============================================================
  Round 2: Warm Measurement
============================================================
  Requests:       128/128 succeeded
  Duration:       168.3 s
  Input tokens:   16777216
  Output tokens:  131023

  TTFT    mean=3852.0ms  p50=4526.5ms  p99=5603.1ms
  TBT     mean=78.2ms  p50=75.8ms  p99=99.9ms
  TPOT    mean=78.2ms  p50=78.9ms  p99=80.2ms
  E2E     mean=83816.6ms  p50=83841.7ms  p99=86687.7ms
  Throughput: 778.6 tok/s  0.76 req/s

============================================================
  COMPARISON: Round 2 vs Round 1
============================================================
  Note: Round 1 is unique-only warmup, Round 2 is full repeated-load measurement; throughput is not directly comparable.
  TTFT speedup:      60.09x  (231475.4 -> 3852.0 ms)
  TBT speedup:       0.63x  (49.2 -> 78.2 ms)
  E2E speedup:       3.36x  (281778.5 -> 83816.6 ms)

Results saved to exp-new/dc_0502/p4_08_cxl2_ctx128k_conc64_r2fix1k_n128.json
